=== Rusticl warning: Patched Mesa libclc not detected. Upstream libclc may contain known bugs or breaking changes and isn't guaranteed to work reliably. Please visit https://gitlab.freedesktop.org/karolherbst/mesa-libclc for more information. ===
 Initializing random seed to 0.
Requesting Default device based on command line for platform index 0 and device index 0
Compute Device Name = Apple M1 (G13G B1), Compute Device Vendor = Apple, Compute Device Version = OpenCL 3.1 , CL C Version = OpenCL C 1.2 
Device latest conformance version passed: v2026-03-25-00
Supports single precision denormals: NO
sizeof( void*) = 8  (host)
sizeof( void*) = 8  (device)
negative_get_platform_ids...
negative_get_platform_ids passed
negative_get_platform_info...
negative_get_platform_info passed
negative_create_command_queue...
negative_create_command_queue passed
negative_create_command_queue_with_properties...
negative_create_command_queue_with_properties passed
negative_create_command_queue_with_properties_khr...
negative_create_command_queue_with_properties_khr passed
negative_set_default_device_command_queue...
negative_set_default_device_command_queue passed
negative_retain_command_queue...
negative_retain_command_queue passed
negative_release_command_queue...
negative_release_command_queue passed
negative_get_command_queue_info...
negative_get_command_queue_info passed
negative_set_command_queue_property...
negative_set_command_queue_property test not supported
negative_create_context...
negative_create_context passed
negative_create_context_from_type...
negative_create_context_from_type passed
negative_retain_context...
negative_retain_context passed
negative_release_context...
negative_release_context passed
negative_get_context_info...
negative_get_context_info passed
negative_set_context_destructor_callback...
negative_set_context_destructor_callback passed
negative_enqueue_marker_with_wait_list...
negative_enqueue_marker_with_wait_list passed
negative_enqueue_map_image...
Testing memory flag: CL_MEM_IMMUTABLE_EXT | CL_MEM_USE_HOST_PTR
Testing CL_R CL_SNORM_INT8
Testing CL_R CL_SNORM_INT16
Testing CL_R CL_UNORM_INT8
Testing CL_R CL_UNORM_INT16
Testing CL_R CL_SIGNED_INT8
Testing CL_R CL_SIGNED_INT16
Testing CL_R CL_SIGNED_INT32
Testing CL_R CL_UNSIGNED_INT8
Testing CL_R CL_UNSIGNED_INT16
Testing CL_R CL_UNSIGNED_INT32
Testing CL_R CL_HALF_FLOAT
Testing CL_R CL_FLOAT
Testing CL_RG CL_SNORM_INT8
Testing CL_RG CL_SNORM_INT16
Testing CL_RG CL_UNORM_INT8
Testing CL_RG CL_UNORM_INT16
Testing CL_RG CL_SIGNED_INT8
Testing CL_RG CL_SIGNED_INT16
Testing CL_RG CL_SIGNED_INT32
Testing CL_RG CL_UNSIGNED_INT8
Testing CL_RG CL_UNSIGNED_INT16
Testing CL_RG CL_UNSIGNED_INT32
Testing CL_RG CL_HALF_FLOAT
Testing CL_RG CL_FLOAT
Testing CL_RGBA CL_SNORM_INT8
Testing CL_RGBA CL_SNORM_INT16
Testing CL_RGBA CL_UNORM_INT8
Testing CL_RGBA CL_UNORM_INT16
Testing CL_RGBA CL_SIGNED_INT8
Testing CL_RGBA CL_SIGNED_INT16
Testing CL_RGBA CL_SIGNED_INT32
Testing CL_RGBA CL_UNSIGNED_INT8
Testing CL_RGBA CL_UNSIGNED_INT16
Testing CL_RGBA CL_UNSIGNED_INT32
Testing CL_RGBA CL_HALF_FLOAT
Testing CL_RGBA CL_FLOAT
Testing CL_BGRA CL_SNORM_INT8
Testing CL_BGRA CL_UNORM_INT8
Testing CL_BGRA CL_SIGNED_INT8
Testing CL_BGRA CL_UNSIGNED_INT8
Testing CL_ARGB CL_SNORM_INT8
Testing CL_ARGB CL_UNORM_INT8
Testing CL_DEPTH CL_UNORM_INT16
Testing CL_DEPTH CL_FLOAT
Testing CL_sRGBA CL_UNORM_INT8
Testing CL_sBGRA CL_UNORM_INT8
Testing CL_ABGR CL_SNORM_INT8
Testing CL_ABGR CL_UNORM_INT8
Testing CL_ABGR CL_UNORM_INT_2_101010_EXT
Testing CL_R CL_SNORM_INT8
Testing CL_R CL_SNORM_INT16
Testing CL_R CL_UNORM_INT8
Testing CL_R CL_UNORM_INT16
Testing CL_R CL_SIGNED_INT8
Testing CL_R CL_SIGNED_INT16
Testing CL_R CL_SIGNED_INT32
Testing CL_R CL_UNSIGNED_INT8
Testing CL_R CL_UNSIGNED_INT16
Testing CL_R CL_UNSIGNED_INT32
Testing CL_R CL_HALF_FLOAT
Testing CL_R CL_FLOAT
Testing CL_RG CL_SNORM_INT8
Testing CL_RG CL_SNORM_INT16
Testing CL_RG CL_UNORM_INT8
Testing CL_RG CL_UNORM_INT16
Testing CL_RG CL_SIGNED_INT8
Testing CL_RG CL_SIGNED_INT16
Testing CL_RG CL_SIGNED_INT32
Testing CL_RG CL_UNSIGNED_INT8
Testing CL_RG CL_UNSIGNED_INT16
Testing CL_RG CL_UNSIGNED_INT32
Testing CL_RG CL_HALF_FLOAT
Testing CL_RG CL_FLOAT
Testing CL_RGBA CL_SNORM_INT8
Testing CL_RGBA CL_SNORM_INT16
Testing CL_RGBA CL_UNORM_INT8
Testing CL_RGBA CL_UNORM_INT16
Testing CL_RGBA CL_SIGNED_INT8
Testing CL_RGBA CL_SIGNED_INT16
Testing CL_RGBA CL_SIGNED_INT32
Testing CL_RGBA CL_UNSIGNED_INT8
Testing CL_RGBA CL_UNSIGNED_INT16
Testing CL_RGBA CL_UNSIGNED_INT32
Testing CL_RGBA CL_HALF_FLOAT
Testing CL_RGBA CL_FLOAT
Testing CL_BGRA CL_SNORM_INT8
Testing CL_BGRA CL_UNORM_INT8
Testing CL_BGRA CL_SIGNED_INT8
Testing CL_BGRA CL_UNSIGNED_INT8
Testing CL_ARGB CL_SNORM_INT8
Testing CL_ARGB CL_UNORM_INT8
Testing CL_sRGBA CL_UNORM_INT8
Testing CL_sBGRA CL_UNORM_INT8
Testing CL_ABGR CL_SNORM_INT8
Testing CL_ABGR CL_UNORM_INT8
Testing CL_ABGR CL_UNORM_INT_2_101010_EXT
Testing CL_R CL_SNORM_INT8
Testing CL_R CL_SNORM_INT16
Testing CL_R CL_UNORM_INT8
Testing CL_R CL_UNORM_INT16
Testing CL_R CL_SIGNED_INT8
Testing CL_R CL_SIGNED_INT16
Testing CL_R CL_SIGNED_INT32
Testing CL_R CL_UNSIGNED_INT8
Testing CL_R CL_UNSIGNED_INT16
Testing CL_R CL_UNSIGNED_INT32
Testing CL_R CL_HALF_FLOAT
Testing CL_R CL_FLOAT
Testing CL_RG CL_SNORM_INT8
Testing CL_RG CL_SNORM_INT16
Testing CL_RG CL_UNORM_INT8
Testing CL_RG CL_UNORM_INT16
Testing CL_RG CL_SIGNED_INT8
Testing CL_RG CL_SIGNED_INT16
Testing CL_RG CL_SIGNED_INT32
Testing CL_RG CL_UNSIGNED_INT8
Testing CL_RG CL_UNSIGNED_INT16
Testing CL_RG CL_UNSIGNED_INT32
Testing CL_RG CL_HALF_FLOAT
Testing CL_RG CL_FLOAT
Testing CL_RGBA CL_SNORM_INT8
Testing CL_RGBA CL_SNORM_INT16
Testing CL_RGBA CL_UNORM_INT8
Testing CL_RGBA CL_UNORM_INT16
Testing CL_RGBA CL_SIGNED_INT8
Testing CL_RGBA CL_SIGNED_INT16
Testing CL_RGBA CL_SIGNED_INT32
Testing CL_RGBA CL_UNSIGNED_INT8
Testing CL_RGBA CL_UNSIGNED_INT16
Testing CL_RGBA CL_UNSIGNED_INT32
Testing CL_RGBA CL_HALF_FLOAT
Testing CL_RGBA CL_FLOAT
Testing CL_BGRA CL_SNORM_INT8
Testing CL_BGRA CL_UNORM_INT8
Testing CL_BGRA CL_SIGNED_INT8
Testing CL_BGRA CL_UNSIGNED_INT8
Testing CL_ARGB CL_SNORM_INT8
Testing CL_ARGB CL_UNORM_INT8
Testing CL_DEPTH CL_UNORM_INT16
Testing CL_DEPTH CL_FLOAT
Testing CL_sRGBA CL_UNORM_INT8
Testing CL_sBGRA CL_UNORM_INT8
Testing CL_ABGR CL_SNORM_INT8
Testing CL_ABGR CL_UNORM_INT8
Testing CL_ABGR CL_UNORM_INT_2_101010_EXT
Testing CL_R CL_SNORM_INT8
Testing CL_R CL_SNORM_INT16
Testing CL_R CL_UNORM_INT8
Testing CL_R CL_UNORM_INT16
Testing CL_R CL_SIGNED_INT8
Testing CL_R CL_SIGNED_INT16
Testing CL_R CL_SIGNED_INT32
Testing CL_R CL_UNSIGNED_INT8
Testing CL_R CL_UNSIGNED_INT16
Testing CL_R CL_UNSIGNED_INT32
Testing CL_R CL_HALF_FLOAT
Testing CL_R CL_FLOAT
Testing CL_RG CL_SNORM_INT8
Testing CL_RG CL_SNORM_INT16
Testing CL_RG CL_UNORM_INT8
Testing CL_RG CL_UNORM_INT16
Testing CL_RG CL_SIGNED_INT8
Testing CL_RG CL_SIGNED_INT16
Testing CL_RG CL_SIGNED_INT32
Testing CL_RG CL_UNSIGNED_INT8
Testing CL_RG CL_UNSIGNED_INT16
Testing CL_RG CL_UNSIGNED_INT32
Testing CL_RG CL_HALF_FLOAT
Testing CL_RG CL_FLOAT
Testing CL_RGBA CL_SNORM_INT8
Testing CL_RGBA CL_SNORM_INT16
Testing CL_RGBA CL_UNORM_INT8
Testing CL_RGBA CL_UNORM_INT16
Testing CL_RGBA CL_SIGNED_INT8
Testing CL_RGBA CL_SIGNED_INT16
Testing CL_RGBA CL_SIGNED_INT32
Testing CL_RGBA CL_UNSIGNED_INT8
Testing CL_RGBA CL_UNSIGNED_INT16
Testing CL_RGBA CL_UNSIGNED_INT32
Testing CL_RGBA CL_HALF_FLOAT
Testing CL_RGBA CL_FLOAT
Testing CL_BGRA CL_SNORM_INT8
Testing CL_BGRA CL_UNORM_INT8
Testing CL_BGRA CL_SIGNED_INT8
Testing CL_BGRA CL_UNSIGNED_INT8
Testing CL_ARGB CL_SNORM_INT8
Testing CL_ARGB CL_UNORM_INT8
Testing CL_sRGBA CL_UNORM_INT8
Testing CL_sBGRA CL_UNORM_INT8
Testing CL_ABGR CL_SNORM_INT8
Testing CL_ABGR CL_UNORM_INT8
Testing CL_ABGR CL_UNORM_INT_2_101010_EXT
Testing CL_R CL_SNORM_INT8
Testing CL_R CL_SNORM_INT16
Testing CL_R CL_UNORM_INT8
Testing CL_R CL_UNORM_INT16
Testing CL_R CL_SIGNED_INT8
Testing CL_R CL_SIGNED_INT16
Testing CL_R CL_SIGNED_INT32
Testing CL_R CL_UNSIGNED_INT8
Testing CL_R CL_UNSIGNED_INT16
Testing CL_R CL_UNSIGNED_INT32
Testing CL_R CL_HALF_FLOAT
Testing CL_R CL_FLOAT
Testing CL_RG CL_SNORM_INT8
Testing CL_RG CL_SNORM_INT16
Testing CL_RG CL_UNORM_INT8
Testing CL_RG CL_UNORM_INT16
Testing CL_RG CL_SIGNED_INT8
Testing CL_RG CL_SIGNED_INT16
Testing CL_RG CL_SIGNED_INT32
Testing CL_RG CL_UNSIGNED_INT8
Testing CL_RG CL_UNSIGNED_INT16
Testing CL_RG CL_UNSIGNED_INT32
Testing CL_RG CL_HALF_FLOAT
Testing CL_RG CL_FLOAT
Testing CL_RGBA CL_SNORM_INT8
Testing CL_RGBA CL_SNORM_INT16
Testing CL_RGBA CL_UNORM_INT8
Testing CL_RGBA CL_UNORM_INT16
Testing CL_RGBA CL_SIGNED_INT8
Testing CL_RGBA CL_SIGNED_INT16
Testing CL_RGBA CL_SIGNED_INT32
Testing CL_RGBA CL_UNSIGNED_INT8
Testing CL_RGBA CL_UNSIGNED_INT16
Testing CL_RGBA CL_UNSIGNED_INT32
Testing CL_RGBA CL_HALF_FLOAT
Testing CL_RGBA CL_FLOAT
Testing CL_BGRA CL_SNORM_INT8
Testing CL_BGRA CL_UNORM_INT8
Testing CL_BGRA CL_SIGNED_INT8
Testing CL_BGRA CL_UNSIGNED_INT8
Testing CL_ARGB CL_SNORM_INT8
Testing CL_ARGB CL_UNORM_INT8
Testing CL_sRGBA CL_UNORM_INT8
Testing CL_sBGRA CL_UNORM_INT8
Testing CL_ABGR CL_SNORM_INT8
Testing CL_ABGR CL_UNORM_INT8
Testing CL_ABGR CL_UNORM_INT_2_101010_EXT
Testing memory flag: CL_MEM_IMMUTABLE_EXT | CL_MEM_COPY_HOST_PTR
Testing CL_R CL_SNORM_INT8
Testing CL_R CL_SNORM_INT16
Testing CL_R CL_UNORM_INT8
Testing CL_R CL_UNORM_INT16
Testing CL_R CL_SIGNED_INT8
Testing CL_R CL_SIGNED_INT16
Testing CL_R CL_SIGNED_INT32
Testing CL_R CL_UNSIGNED_INT8
Testing CL_R CL_UNSIGNED_INT16
Testing CL_R CL_UNSIGNED_INT32
Testing CL_R CL_HALF_FLOAT
Testing CL_R CL_FLOAT
Testing CL_RG CL_SNORM_INT8
Testing CL_RG CL_SNORM_INT16
Testing CL_RG CL_UNORM_INT8
Testing CL_RG CL_UNORM_INT16
Testing CL_RG CL_SIGNED_INT8
Testing CL_RG CL_SIGNED_INT16
Testing CL_RG CL_SIGNED_INT32
Testing CL_RG CL_UNSIGNED_INT8
Testing CL_RG CL_UNSIGNED_INT16
Testing CL_RG CL_UNSIGNED_INT32
Testing CL_RG CL_HALF_FLOAT
Testing CL_RG CL_FLOAT
Testing CL_RGBA CL_SNORM_INT8
Testing CL_RGBA CL_SNORM_INT16
Testing CL_RGBA CL_UNORM_INT8
Testing CL_RGBA CL_UNORM_INT16
Testing CL_RGBA CL_SIGNED_INT8
Testing CL_RGBA CL_SIGNED_INT16
Testing CL_RGBA CL_SIGNED_INT32
Testing CL_RGBA CL_UNSIGNED_INT8
Testing CL_RGBA CL_UNSIGNED_INT16
Testing CL_RGBA CL_UNSIGNED_INT32
Testing CL_RGBA CL_HALF_FLOAT
Testing CL_RGBA CL_FLOAT
Testing CL_BGRA CL_SNORM_INT8
Testing CL_BGRA CL_UNORM_INT8
Testing CL_BGRA CL_SIGNED_INT8
Testing CL_BGRA CL_UNSIGNED_INT8
Testing CL_ARGB CL_SNORM_INT8
Testing CL_ARGB CL_UNORM_INT8
Testing CL_DEPTH CL_UNORM_INT16
Testing CL_DEPTH CL_FLOAT
Testing CL_sRGBA CL_UNORM_INT8
Testing CL_sBGRA CL_UNORM_INT8
Testing CL_ABGR CL_SNORM_INT8
Testing CL_ABGR CL_UNORM_INT8
Testing CL_ABGR CL_UNORM_INT_2_101010_EXT
Testing CL_R CL_SNORM_INT8
Testing CL_R CL_SNORM_INT16
Testing CL_R CL_UNORM_INT8
Testing CL_R CL_UNORM_INT16
Testing CL_R CL_SIGNED_INT8
Testing CL_R CL_SIGNED_INT16
Testing CL_R CL_SIGNED_INT32
Testing CL_R CL_UNSIGNED_INT8
Testing CL_R CL_UNSIGNED_INT16
Testing CL_R CL_UNSIGNED_INT32
Testing CL_R CL_HALF_FLOAT
Testing CL_R CL_FLOAT
Testing CL_RG CL_SNORM_INT8
Testing CL_RG CL_SNORM_INT16
Testing CL_RG CL_UNORM_INT8
Testing CL_RG CL_UNORM_INT16
Testing CL_RG CL_SIGNED_INT8
Testing CL_RG CL_SIGNED_INT16
Testing CL_RG CL_SIGNED_INT32
Testing CL_RG CL_UNSIGNED_INT8
Testing CL_RG CL_UNSIGNED_INT16
Testing CL_RG CL_UNSIGNED_INT32
Testing CL_RG CL_HALF_FLOAT
Testing CL_RG CL_FLOAT
Testing CL_RGBA CL_SNORM_INT8
Testing CL_RGBA CL_SNORM_INT16
Testing CL_RGBA CL_UNORM_INT8
Testing CL_RGBA CL_UNORM_INT16
Testing CL_RGBA CL_SIGNED_INT8
Testing CL_RGBA CL_SIGNED_INT16
Testing CL_RGBA CL_SIGNED_INT32
Testing CL_RGBA CL_UNSIGNED_INT8
Testing CL_RGBA CL_UNSIGNED_INT16
Testing CL_RGBA CL_UNSIGNED_INT32
Testing CL_RGBA CL_HALF_FLOAT
Testing CL_RGBA CL_FLOAT
Testing CL_BGRA CL_SNORM_INT8
Testing CL_BGRA CL_UNORM_INT8
Testing CL_BGRA CL_SIGNED_INT8
Testing CL_BGRA CL_UNSIGNED_INT8
Testing CL_ARGB CL_SNORM_INT8
Testing CL_ARGB CL_UNORM_INT8
Testing CL_sRGBA CL_UNORM_INT8
Testing CL_sBGRA CL_UNORM_INT8
Testing CL_ABGR CL_SNORM_INT8
Testing CL_ABGR CL_UNORM_INT8
Testing CL_ABGR CL_UNORM_INT_2_101010_EXT
Testing CL_R CL_SNORM_INT8
Testing CL_R CL_SNORM_INT16
Testing CL_R CL_UNORM_INT8
Testing CL_R CL_UNORM_INT16
Testing CL_R CL_SIGNED_INT8
Testing CL_R CL_SIGNED_INT16
Testing CL_R CL_SIGNED_INT32
Testing CL_R CL_UNSIGNED_INT8
Testing CL_R CL_UNSIGNED_INT16
Testing CL_R CL_UNSIGNED_INT32
Testing CL_R CL_HALF_FLOAT
Testing CL_R CL_FLOAT
Testing CL_RG CL_SNORM_INT8
Testing CL_RG CL_SNORM_INT16
Testing CL_RG CL_UNORM_INT8
Testing CL_RG CL_UNORM_INT16
Testing CL_RG CL_SIGNED_INT8
Testing CL_RG CL_SIGNED_INT16
Testing CL_RG CL_SIGNED_INT32
Testing CL_RG CL_UNSIGNED_INT8
Testing CL_RG CL_UNSIGNED_INT16
Testing CL_RG CL_UNSIGNED_INT32
Testing CL_RG CL_HALF_FLOAT
Testing CL_RG CL_FLOAT
Testing CL_RGBA CL_SNORM_INT8
Testing CL_RGBA CL_SNORM_INT16
Testing CL_RGBA CL_UNORM_INT8
Testing CL_RGBA CL_UNORM_INT16
Testing CL_RGBA CL_SIGNED_INT8
Testing CL_RGBA CL_SIGNED_INT16
Testing CL_RGBA CL_SIGNED_INT32
Testing CL_RGBA CL_UNSIGNED_INT8
Testing CL_RGBA CL_UNSIGNED_INT16
Testing CL_RGBA CL_UNSIGNED_INT32
Testing CL_RGBA CL_HALF_FLOAT
Testing CL_RGBA CL_FLOAT
Testing CL_BGRA CL_SNORM_INT8
Testing CL_BGRA CL_UNORM_INT8
Testing CL_BGRA CL_SIGNED_INT8
Testing CL_BGRA CL_UNSIGNED_INT8
Testing CL_ARGB CL_SNORM_INT8
Testing CL_ARGB CL_UNORM_INT8
Testing CL_DEPTH CL_UNORM_INT16
Testing CL_DEPTH CL_FLOAT
Testing CL_sRGBA CL_UNORM_INT8
Testing CL_sBGRA CL_UNORM_INT8
Testing CL_ABGR CL_SNORM_INT8
Testing CL_ABGR CL_UNORM_INT8
Testing CL_ABGR CL_UNORM_INT_2_101010_EXT
Testing CL_R CL_SNORM_INT8
Testing CL_R CL_SNORM_INT16
Testing CL_R CL_UNORM_INT8
Testing CL_R CL_UNORM_INT16
Testing CL_R CL_SIGNED_INT8
Testing CL_R CL_SIGNED_INT16
Testing CL_R CL_SIGNED_INT32
Testing CL_R CL_UNSIGNED_INT8
Testing CL_R CL_UNSIGNED_INT16
Testing CL_R CL_UNSIGNED_INT32
Testing CL_R CL_HALF_FLOAT
Testing CL_R CL_FLOAT
Testing CL_RG CL_SNORM_INT8
Testing CL_RG CL_SNORM_INT16
Testing CL_RG CL_UNORM_INT8
Testing CL_RG CL_UNORM_INT16
Testing CL_RG CL_SIGNED_INT8
Testing CL_RG CL_SIGNED_INT16
Testing CL_RG CL_SIGNED_INT32
Testing CL_RG CL_UNSIGNED_INT8
Testing CL_RG CL_UNSIGNED_INT16
Testing CL_RG CL_UNSIGNED_INT32
Testing CL_RG CL_HALF_FLOAT
Testing CL_RG CL_FLOAT
Testing CL_RGBA CL_SNORM_INT8
Testing CL_RGBA CL_SNORM_INT16
Testing CL_RGBA CL_UNORM_INT8
Testing CL_RGBA CL_UNORM_INT16
Testing CL_RGBA CL_SIGNED_INT8
Testing CL_RGBA CL_SIGNED_INT16
Testing CL_RGBA CL_SIGNED_INT32
Testing CL_RGBA CL_UNSIGNED_INT8
Testing CL_RGBA CL_UNSIGNED_INT16
Testing CL_RGBA CL_UNSIGNED_INT32
Testing CL_RGBA CL_HALF_FLOAT
Testing CL_RGBA CL_FLOAT
Testing CL_BGRA CL_SNORM_INT8
Testing CL_BGRA CL_UNORM_INT8
Testing CL_BGRA CL_SIGNED_INT8
Testing CL_BGRA CL_UNSIGNED_INT8
Testing CL_ARGB CL_SNORM_INT8
Testing CL_ARGB CL_UNORM_INT8
Testing CL_sRGBA CL_UNORM_INT8
Testing CL_sBGRA CL_UNORM_INT8
Testing CL_ABGR CL_SNORM_INT8
Testing CL_ABGR CL_UNORM_INT8
Testing CL_ABGR CL_UNORM_INT_2_101010_EXT
Testing CL_R CL_SNORM_INT8
Testing CL_R CL_SNORM_INT16
Testing CL_R CL_UNORM_INT8
Testing CL_R CL_UNORM_INT16
Testing CL_R CL_SIGNED_INT8
Testing CL_R CL_SIGNED_INT16
Testing CL_R CL_SIGNED_INT32
Testing CL_R CL_UNSIGNED_INT8
Testing CL_R CL_UNSIGNED_INT16
Testing CL_R CL_UNSIGNED_INT32
Testing CL_R CL_HALF_FLOAT
Testing CL_R CL_FLOAT
Testing CL_RG CL_SNORM_INT8
Testing CL_RG CL_SNORM_INT16
Testing CL_RG CL_UNORM_INT8
Testing CL_RG CL_UNORM_INT16
Testing CL_RG CL_SIGNED_INT8
Testing CL_RG CL_SIGNED_INT16
Testing CL_RG CL_SIGNED_INT32
Testing CL_RG CL_UNSIGNED_INT8
Testing CL_RG CL_UNSIGNED_INT16
Testing CL_RG CL_UNSIGNED_INT32
Testing CL_RG CL_HALF_FLOAT
Testing CL_RG CL_FLOAT
Testing CL_RGBA CL_SNORM_INT8
Testing CL_RGBA CL_SNORM_INT16
Testing CL_RGBA CL_UNORM_INT8
Testing CL_RGBA CL_UNORM_INT16
Testing CL_RGBA CL_SIGNED_INT8
Testing CL_RGBA CL_SIGNED_INT16
Testing CL_RGBA CL_SIGNED_INT32
Testing CL_RGBA CL_UNSIGNED_INT8
Testing CL_RGBA CL_UNSIGNED_INT16
Testing CL_RGBA CL_UNSIGNED_INT32
Testing CL_RGBA CL_HALF_FLOAT
Testing CL_RGBA CL_FLOAT
Testing CL_BGRA CL_SNORM_INT8
Testing CL_BGRA CL_UNORM_INT8
Testing CL_BGRA CL_SIGNED_INT8
Testing CL_BGRA CL_UNSIGNED_INT8
Testing CL_ARGB CL_SNORM_INT8
Testing CL_ARGB CL_UNORM_INT8
Testing CL_sRGBA CL_UNORM_INT8
Testing CL_sBGRA CL_UNORM_INT8
Testing CL_ABGR CL_SNORM_INT8
Testing CL_ABGR CL_UNORM_INT8
Testing CL_ABGR CL_UNORM_INT_2_101010_EXT
Testing memory flag: CL_MEM_IMMUTABLE_EXT | CL_MEM_COPY_HOST_PTR | CL_MEM_ALLOC_HOST_PTR
Testing CL_R CL_SNORM_INT8
Testing CL_R CL_SNORM_INT16
Testing CL_R CL_UNORM_INT8
Testing CL_R CL_UNORM_INT16
Testing CL_R CL_SIGNED_INT8
Testing CL_R CL_SIGNED_INT16
Testing CL_R CL_SIGNED_INT32
Testing CL_R CL_UNSIGNED_INT8
Testing CL_R CL_UNSIGNED_INT16
Testing CL_R CL_UNSIGNED_INT32
Testing CL_R CL_HALF_FLOAT
Testing CL_R CL_FLOAT
Testing CL_RG CL_SNORM_INT8
Testing CL_RG CL_SNORM_INT16
Testing CL_RG CL_UNORM_INT8
Testing CL_RG CL_UNORM_INT16
Testing CL_RG CL_SIGNED_INT8
Testing CL_RG CL_SIGNED_INT16
Testing CL_RG CL_SIGNED_INT32
Testing CL_RG CL_UNSIGNED_INT8
Testing CL_RG CL_UNSIGNED_INT16
Testing CL_RG CL_UNSIGNED_INT32
Testing CL_RG CL_HALF_FLOAT
Testing CL_RG CL_FLOAT
Testing CL_RGBA CL_SNORM_INT8
Testing CL_RGBA CL_SNORM_INT16
Testing CL_RGBA CL_UNORM_INT8
Testing CL_RGBA CL_UNORM_INT16
Testing CL_RGBA CL_SIGNED_INT8
Testing CL_RGBA CL_SIGNED_INT16
Testing CL_RGBA CL_SIGNED_INT32
Testing CL_RGBA CL_UNSIGNED_INT8
Testing CL_RGBA CL_UNSIGNED_INT16
Testing CL_RGBA CL_UNSIGNED_INT32
Testing CL_RGBA CL_HALF_FLOAT
Testing CL_RGBA CL_FLOAT
Testing CL_BGRA CL_SNORM_INT8
Testing CL_BGRA CL_UNORM_INT8
Testing CL_BGRA CL_SIGNED_INT8
Testing CL_BGRA CL_UNSIGNED_INT8
Testing CL_ARGB CL_SNORM_INT8
Testing CL_ARGB CL_UNORM_INT8
Testing CL_DEPTH CL_UNORM_INT16
Testing CL_DEPTH CL_FLOAT
Testing CL_sRGBA CL_UNORM_INT8
Testing CL_sBGRA CL_UNORM_INT8
Testing CL_ABGR CL_SNORM_INT8
Testing CL_ABGR CL_UNORM_INT8
Testing CL_ABGR CL_UNORM_INT_2_101010_EXT
Testing CL_R CL_SNORM_INT8
Testing CL_R CL_SNORM_INT16
Testing CL_R CL_UNORM_INT8
Testing CL_R CL_UNORM_INT16
Testing CL_R CL_SIGNED_INT8
Testing CL_R CL_SIGNED_INT16
Testing CL_R CL_SIGNED_INT32
Testing CL_R CL_UNSIGNED_INT8
Testing CL_R CL_UNSIGNED_INT16
Testing CL_R CL_UNSIGNED_INT32
Testing CL_R CL_HALF_FLOAT
Testing CL_R CL_FLOAT
Testing CL_RG CL_SNORM_INT8
Testing CL_RG CL_SNORM_INT16
Testing CL_RG CL_UNORM_INT8
Testing CL_RG CL_UNORM_INT16
Testing CL_RG CL_SIGNED_INT8
Testing CL_RG CL_SIGNED_INT16
Testing CL_RG CL_SIGNED_INT32
Testing CL_RG CL_UNSIGNED_INT8
Testing CL_RG CL_UNSIGNED_INT16
Testing CL_RG CL_UNSIGNED_INT32
Testing CL_RG CL_HALF_FLOAT
Testing CL_RG CL_FLOAT
Testing CL_RGBA CL_SNORM_INT8
Testing CL_RGBA CL_SNORM_INT16
Testing CL_RGBA CL_UNORM_INT8
Testing CL_RGBA CL_UNORM_INT16
Testing CL_RGBA CL_SIGNED_INT8
Testing CL_RGBA CL_SIGNED_INT16
Testing CL_RGBA CL_SIGNED_INT32
Testing CL_RGBA CL_UNSIGNED_INT8
Testing CL_RGBA CL_UNSIGNED_INT16
Testing CL_RGBA CL_UNSIGNED_INT32
Testing CL_RGBA CL_HALF_FLOAT
Testing CL_RGBA CL_FLOAT
Testing CL_BGRA CL_SNORM_INT8
Testing CL_BGRA CL_UNORM_INT8
Testing CL_BGRA CL_SIGNED_INT8
Testing CL_BGRA CL_UNSIGNED_INT8
Testing CL_ARGB CL_SNORM_INT8
Testing CL_ARGB CL_UNORM_INT8
Testing CL_sRGBA CL_UNORM_INT8
Testing CL_sBGRA CL_UNORM_INT8
Testing CL_ABGR CL_SNORM_INT8
Testing CL_ABGR CL_UNORM_INT8
Testing CL_ABGR CL_UNORM_INT_2_101010_EXT
Testing CL_R CL_SNORM_INT8
Testing CL_R CL_SNORM_INT16
Testing CL_R CL_UNORM_INT8
Testing CL_R CL_UNORM_INT16
Testing CL_R CL_SIGNED_INT8
Testing CL_R CL_SIGNED_INT16
Testing CL_R CL_SIGNED_INT32
Testing CL_R CL_UNSIGNED_INT8
Testing CL_R CL_UNSIGNED_INT16
Testing CL_R CL_UNSIGNED_INT32
Testing CL_R CL_HALF_FLOAT
Testing CL_R CL_FLOAT
Testing CL_RG CL_SNORM_INT8
Testing CL_RG CL_SNORM_INT16
Testing CL_RG CL_UNORM_INT8
Testing CL_RG CL_UNORM_INT16
Testing CL_RG CL_SIGNED_INT8
Testing CL_RG CL_SIGNED_INT16
Testing CL_RG CL_SIGNED_INT32
Testing CL_RG CL_UNSIGNED_INT8
Testing CL_RG CL_UNSIGNED_INT16
Testing CL_RG CL_UNSIGNED_INT32
Testing CL_RG CL_HALF_FLOAT
Testing CL_RG CL_FLOAT
Testing CL_RGBA CL_SNORM_INT8
Testing CL_RGBA CL_SNORM_INT16
Testing CL_RGBA CL_UNORM_INT8
Testing CL_RGBA CL_UNORM_INT16
Testing CL_RGBA CL_SIGNED_INT8
Testing CL_RGBA CL_SIGNED_INT16
Testing CL_RGBA CL_SIGNED_INT32
Testing CL_RGBA CL_UNSIGNED_INT8
Testing CL_RGBA CL_UNSIGNED_INT16
Testing CL_RGBA CL_UNSIGNED_INT32
Testing CL_RGBA CL_HALF_FLOAT
Testing CL_RGBA CL_FLOAT
Testing CL_BGRA CL_SNORM_INT8
Testing CL_BGRA CL_UNORM_INT8
Testing CL_BGRA CL_SIGNED_INT8
Testing CL_BGRA CL_UNSIGNED_INT8
Testing CL_ARGB CL_SNORM_INT8
Testing CL_ARGB CL_UNORM_INT8
Testing CL_DEPTH CL_UNORM_INT16
Testing CL_DEPTH CL_FLOAT
Testing CL_sRGBA CL_UNORM_INT8
Testing CL_sBGRA CL_UNORM_INT8
Testing CL_ABGR CL_SNORM_INT8
Testing CL_ABGR CL_UNORM_INT8
Testing CL_ABGR CL_UNORM_INT_2_101010_EXT
Testing CL_R CL_SNORM_INT8
Testing CL_R CL_SNORM_INT16
Testing CL_R CL_UNORM_INT8
Testing CL_R CL_UNORM_INT16
Testing CL_R CL_SIGNED_INT8
Testing CL_R CL_SIGNED_INT16
Testing CL_R CL_SIGNED_INT32
Testing CL_R CL_UNSIGNED_INT8
Testing CL_R CL_UNSIGNED_INT16
Testing CL_R CL_UNSIGNED_INT32
Testing CL_R CL_HALF_FLOAT
Testing CL_R CL_FLOAT
Testing CL_RG CL_SNORM_INT8
Testing CL_RG CL_SNORM_INT16
Testing CL_RG CL_UNORM_INT8
Testing CL_RG CL_UNORM_INT16
Testing CL_RG CL_SIGNED_INT8
Testing CL_RG CL_SIGNED_INT16
Testing CL_RG CL_SIGNED_INT32
Testing CL_RG CL_UNSIGNED_INT8
Testing CL_RG CL_UNSIGNED_INT16
Testing CL_RG CL_UNSIGNED_INT32
Testing CL_RG CL_HALF_FLOAT
Testing CL_RG CL_FLOAT
Testing CL_RGBA CL_SNORM_INT8
Testing CL_RGBA CL_SNORM_INT16
Testing CL_RGBA CL_UNORM_INT8
Testing CL_RGBA CL_UNORM_INT16
Testing CL_RGBA CL_SIGNED_INT8
Testing CL_RGBA CL_SIGNED_INT16
Testing CL_RGBA CL_SIGNED_INT32
Testing CL_RGBA CL_UNSIGNED_INT8
Testing CL_RGBA CL_UNSIGNED_INT16
Testing CL_RGBA CL_UNSIGNED_INT32
Testing CL_RGBA CL_HALF_FLOAT
Testing CL_RGBA CL_FLOAT
Testing CL_BGRA CL_SNORM_INT8
Testing CL_BGRA CL_UNORM_INT8
Testing CL_BGRA CL_SIGNED_INT8
Testing CL_BGRA CL_UNSIGNED_INT8
Testing CL_ARGB CL_SNORM_INT8
Testing CL_ARGB CL_UNORM_INT8
Testing CL_sRGBA CL_UNORM_INT8
Testing CL_sBGRA CL_UNORM_INT8
Testing CL_ABGR CL_SNORM_INT8
Testing CL_ABGR CL_UNORM_INT8
Testing CL_ABGR CL_UNORM_INT_2_101010_EXT
Testing CL_R CL_SNORM_INT8
Testing CL_R CL_SNORM_INT16
Testing CL_R CL_UNORM_INT8
Testing CL_R CL_UNORM_INT16
Testing CL_R CL_SIGNED_INT8
Testing CL_R CL_SIGNED_INT16
Testing CL_R CL_SIGNED_INT32
Testing CL_R CL_UNSIGNED_INT8
Testing CL_R CL_UNSIGNED_INT16
Testing CL_R CL_UNSIGNED_INT32
Testing CL_R CL_HALF_FLOAT
Testing CL_R CL_FLOAT
Testing CL_RG CL_SNORM_INT8
Testing CL_RG CL_SNORM_INT16
Testing CL_RG CL_UNORM_INT8
Testing CL_RG CL_UNORM_INT16
Testing CL_RG CL_SIGNED_INT8
Testing CL_RG CL_SIGNED_INT16
Testing CL_RG CL_SIGNED_INT32
Testing CL_RG CL_UNSIGNED_INT8
Testing CL_RG CL_UNSIGNED_INT16
Testing CL_RG CL_UNSIGNED_INT32
Testing CL_RG CL_HALF_FLOAT
Testing CL_RG CL_FLOAT
Testing CL_RGBA CL_SNORM_INT8
Testing CL_RGBA CL_SNORM_INT16
Testing CL_RGBA CL_UNORM_INT8
Testing CL_RGBA CL_UNORM_INT16
Testing CL_RGBA CL_SIGNED_INT8
Testing CL_RGBA CL_SIGNED_INT16
Testing CL_RGBA CL_SIGNED_INT32
Testing CL_RGBA CL_UNSIGNED_INT8
Testing CL_RGBA CL_UNSIGNED_INT16
Testing CL_RGBA CL_UNSIGNED_INT32
Testing CL_RGBA CL_HALF_FLOAT
Testing CL_RGBA CL_FLOAT
Testing CL_BGRA CL_SNORM_INT8
Testing CL_BGRA CL_UNORM_INT8
Testing CL_BGRA CL_SIGNED_INT8
Testing CL_BGRA CL_UNSIGNED_INT8
Testing CL_ARGB CL_SNORM_INT8
Testing CL_ARGB CL_UNORM_INT8
Testing CL_sRGBA CL_UNORM_INT8
Testing CL_sBGRA CL_UNORM_INT8
Testing CL_ABGR CL_SNORM_INT8
Testing CL_ABGR CL_UNORM_INT8
Testing CL_ABGR CL_UNORM_INT_2_101010_EXT
negative_enqueue_map_image passed
negative_get_device_info...
negative_get_device_info passed
negative_get_device_ids...
negative_get_device_ids passed
negative_get_device_and_host_timer...
Platform Supports Timers
Skipping CL_INVALID_OPERATION tests
negative_get_device_and_host_timer passed
negative_get_host_timer...
Platform Supports Timers
Skipping CL_INVALID_OPERATION tests
negative_get_host_timer passed
negative_create_sub_devices...
Device does not support creating subdevices... Skipping
negative_create_sub_devices test not supported
negative_retain_device...
negative_retain_device passed
negative_release_device...
negative_release_device passed
consistency_svm...
consistency_svm passed
consistency_memory_model...
consistency_memory_model passed
consistency_device_enqueue...
consistency_device_enqueue passed
consistency_pipes...
consistency_pipes passed
consistency_progvar...
consistency_progvar passed
consistency_non_uniform_work_group...
consistency_non_uniform_work_group passed
consistency_read_write_images...
consistency_read_write_images passed
consistency_2d_image_from_buffer...
consistency_2d_image_from_buffer passed
consistency_depth_images...
consistency_depth_images passed
consistency_device_and_host_timer...
consistency_device_and_host_timer passed
consistency_il_programs...
consistency_il_programs passed
consistency_missing_compiler...
Can't perform compiler consistency check
consistency_missing_compiler test not supported
consistency_missing_linker...
Can't perform linker consistency check
consistency_missing_linker test not supported
consistency_subgroups...
consistency_subgroups passed
consistency_prog_ctor_dtor...
consistency_prog_ctor_dtor passed
consistency_3d_image_writes...
consistency_3d_image_writes passed
consistency_requirements_fp64...
consistency_requirements_fp64 passed
consistency_requirements_fp16...
consistency_requirements_fp16 passed
bool_type...
bool_type passed
retain_queue_single...
retain_queue_single passed
retain_queue_multiple...
retain_queue_multiple passed
retain_mem_object_single...
retain_mem_object_single passed
retain_mem_object_multiple...
retain_mem_object_multiple passed
retain_mem_object_set_kernel_arg...
retain_mem_object_set_kernel_arg passed
release_kernel_order...
release_kernel_order passed
release_during_execute...
release_during_execute passed
get_platform_info...
Returned CL_PLATFORM_PROFILE FULL_PROFILE.
Returned CL_PLATFORM_VERSION OpenCL 3.1 .
get_platform_info passed
get_sampler_info...
get_sampler_info passed
get_sampler_info_compatibility...
get_sampler_info_compatibility passed
get_command_queue_info...
CL_DEVICE_QUEUE_ON_HOST_PROPERTIES is 3
CL_DEVICE_QUEUE_ON_DEVICE_PROPERTIES is 0
get_command_queue_info passed
get_command_queue_info_compatibility...
CL_DEVICE_QUEUE_ON_HOST_PROPERTIES is 3
CL_DEVICE_QUEUE_ON_DEVICE_PROPERTIES is 0
get_command_queue_info_compatibility passed
get_context_info...
get_context_info passed
get_context_info_mult_devices...
Can't partition device, test not supported
get_context_info_mult_devices test not supported
get_device_info...
	Reported device vendor ID : 0x00000000
	Reported device extensions: cl_khr_byte_addressable_store cl_khr_create_command_queue cl_khr_expect_assume cl_khr_extended_bit_ops cl_khr_extended_versioning cl_khr_global_int32_base_atomics cl_khr_global_int32_extended_atomics cl_khr_il_program cl_khr_local_int32_base_atomics cl_khr_local_int32_extended_atomics cl_khr_integer_dot_product cl_khr_spirv_no_integer_wrap_decoration cl_khr_spirv_queries cl_khr_suggested_local_work_size cl_ext_immutable_memory_objects cl_khr_spirv_linkonce_odr cl_khr_fp16 cl_khr_3d_image_writes cl_khr_depth_images cl_ext_image_unorm_int_2_101010 cl_khr_priority_hints cl_khr_device_uuid cl_khr_subgroup_extended_types cl_khr_subgroup_ballot cl_khr_subgroup_clustered_reduce cl_khr_subgroup_non_uniform_arithmetic cl_khr_subgroup_non_uniform_vote cl_khr_subgroup_rotate cl_khr_subgroup_shuffle cl_khr_subgroup_shuffle_relative 
	Reported device preferred vector char width : 1
	Reported device preferred vector short width : 1
	Reported device preferred vector int width : 1
	Reported device preferred vector long width : 1
	Reported device preferred vector float width : 1
	Reported device preferred vector double width : 0
	Reported device base address alignment : 1024 bits
	Reported device min data type alignment : 128 bytes
	Reported device global mem cache type: CL_NONE 
	Reported device global mem cacheline size : 0 bytes
	Reported device global mem cache size : 0 KB
	Reported device global mem size : 15485 MB
	Reported device local mem type: <unknown> 
	Reported device error correction support : 0
	Reported device profiling timer resolution : 1 nanoseconds
	Reported device little endian flag : 1
	Reported device available flag : 1
	Reported device compiler available flag : 1
	Reported device profile: FULL_PROFILE 
get_device_info passed
get_device_info_31...
get_device_info_31 passed
get_device_info_comparability...
get_device_info_comparability passed
kernel_required_group_size...
Device reported CL_DEVICE_MAX_WORK_ITEM_DIMENSIONS = 3.
The CL_KERNEL_WORK_GROUP_SIZE for the kernel is 1024.
For global dimension 64 x 14 x 10, kernel will require local dimension 64 x 14 x 1.
kernel_required_group_size may report spurious ERRORS in the conformance log.
kernel_required_group_size passed
load_single_kernel...
load_single_kernel passed
load_two_kernels...
load_two_kernels passed
load_two_kernels_in_one...
load_two_kernels_in_one passed
load_two_kernels_manually...
load_two_kernels_manually passed
get_program_info_kernel_names...
get_program_info_kernel_names passed
enqueue_task...
enqueue_task passed
repeated_setup_cleanup...
repeated_setup_cleanup passed
get_kernel_info...
get_kernel_info passed
execute_kernel_local_sizes...
execute_kernel_local_sizes passed
set_kernel_arg_by_index...
set_kernel_arg_by_index passed
set_kernel_arg_constant...
set_kernel_arg_constant passed
set_kernel_arg_struct_array...
set_kernel_arg_struct_array passed
create_kernels_in_program...
create_kernels_in_program passed
kernel_global_constant...
kernel_global_constant passed
negative_set_immutable_memory_to_writeable_kernel_arg...
negative_set_immutable_memory_to_writeable_kernel_arg passed
negative_set_kernel_arg_invalid_image_msaa...
cl_khr_gl_msaa_sharing is not supported on this device. Skipping test.
negative_set_kernel_arg_invalid_image_msaa test not supported
negative_set_kernel_arg_invalid_image...
negative_set_kernel_arg_invalid_image passed
negative_invalid_arg_queue...
negative_invalid_arg_queue test not supported
negative_invalid_arg_sampler...
negative_invalid_arg_sampler passed
negative_invalid_arg_sampler_size...
negative_invalid_arg_sampler_size passed
negative_invalid_arg_size...
negative_invalid_arg_size passed
negative_invalid_arg_mem_obj...
negative_invalid_arg_mem_obj passed
negative_invalid_kernel...
negative_invalid_kernel passed
negative_invalid_arg_index...
negative_invalid_arg_index passed
local_arg_size_zero...
local_arg_size_zero passed
negative_set_read_write_image_arg...
negative_set_read_write_image_arg passed
kernel_local_memory_size...
kernel_local_memory_size passed
kernel_private_memory_size...
kernel_private_memory_size passed
min_max_thread_dimensions...
Reported max thread dimensions of 3.
min_max_thread_dimensions passed
min_max_work_items_sizes...
CL_DEVICE_MAX_WORK_ITEM_DIMENSIONS returned 3
Dimension 0 has max work item size 1024
Dimension 1 has max work item size 1024
Dimension 2 has max work item size 1024
min_max_work_items_sizes passed
min_max_work_group_size...
Reported 1024 max device work group size.
min_max_work_group_size passed
min_max_read_image_args...
Reported 128 max read image args.
min_max_read_image_args passed
min_max_write_image_args...
Reported 64 max write image args.
min_max_write_image_args passed
min_max_read_write_image_args...
Reported 64 max read-write image args.
min_max_read_write_image_args passed
min_max_mem_alloc_size...
Reported max allocation size of 2147483647 bytes (2048MB) and global mem size of 16237199360 bytes (15485MB).
Trying to create a buffer of size of 1073741823 bytes (1024MB).
min_max_mem_alloc_size passed
min_max_image_2d_width...
Max reported width is 16384.
Attempting to create an image of size 16384 x 1 = 0.0625MB.
min_max_image_2d_width passed
min_max_image_2d_height...
Max reported height is 16384.
Attempting to create an image of size 1 x 16384 = 0.0625MB.
min_max_image_2d_height passed
min_max_image_3d_width...
Max reported width is 2048.
Attempting to create an image of size 2048 x 1 x 2 = 0.015625MB.
min_max_image_3d_width passed
min_max_image_3d_height...
Max reported height is 2048.
Attempting to create an image of size 1 x 2048 x 2 = 0.015625MB.
min_max_image_3d_height passed
min_max_image_3d_depth...
Max reported depth is 2048.
Attempting to create an image of size 1 x 1 x 2048 = 0.0078125MB.
min_max_image_3d_depth passed
min_max_image_array_size...
Max reported image array size is 2048.
Attempting to create an image of size 1 x 1 x 2048, 1 bytes per pixel (0.00195312MB).
min_max_image_array_size passed
min_max_image_buffer_size...
Max reported image buffer size is 134217727 pixels.
Attempting to create an 1D image with channel order CL_RGBA from buffer of size 134217727 = 512MB.
min_max_image_buffer_size passed
min_max_parameter_size...
Reported max parameter size of 4096 bytes.
Trying a kernel with 511 long arguments (4088 bytes) and one cl_mem (8 bytes) for 4096 bytes total.
Results verified at 4096 bytes of arguments.
min_max_parameter_size passed
min_max_samplers...
Reported max 16 samplers.
min_max_samplers passed
min_max_constant_buffer_size...
Reported max constant buffer size of 33554432 bytes.
Reported max alloc size of 1073741823 bytes.
Attempting to allocate constant buffer of size 33554432 bytes
Filling constant buffer with 8388608 cl_ints (33554432 bytes).
min_max_constant_buffer_size passed
min_max_constant_args...
Reported max constant arg count of 16 and max constant buffer size of 33554432. Test will attempt to allocate half of that, or 16 buffers of size 1048576.
min_max_constant_args passed
min_max_compute_units...
Reported 8 max compute units.
min_max_compute_units passed
min_max_address_bits...
Reported 64 device address bits.
min_max_address_bits passed
min_max_single_fp_config...
min_max_single_fp_config passed
min_max_double_fp_config...
min_max_double_fp_config passed
min_max_local_mem_size...
Reported max local buffer size for device: 32768 bytes.
Reported local buffer usage for kernel (CL_KERNEL_LOCAL_MEM_SIZE): 0 bytes.
Attempting to use 32768 bytes of local memory.
Creating local buffer with 8192 cl_ints (32768 bytes).
min_max_local_mem_size passed
min_max_kernel_preferred_work_group_size_multiple...
size: 1024     preferred: 32      max: 1024
min_max_kernel_preferred_work_group_size_multiple passed
min_max_execution_capabilities...
min_max_execution_capabilities passed
min_max_queue_properties...
min_max_queue_properties passed
min_max_device_version...
Returned version 3.1.
Checking for required extensions for OpenCL 1.1 and later devices...
	cl_khr_global_int32_base_atomics
	cl_khr_global_int32_extended_atomics
	cl_khr_local_int32_base_atomics
	cl_khr_local_int32_extended_atomics
	cl_khr_byte_addressable_store
Checking for required extensions for OpenCL 1.2 and later devices...
min_max_device_version passed
min_max_language_version...
Returned version "OpenCL C 1.2 ".
min_max_language_version passed
kernel_arg_changes...
kernel_arg_changes passed
kernel_arg_multi_setup_random...
Testing 108 random configurations
	testing int2, int2, int2...
	testing short2, float2, char2...
	testing float2, float2, int2...
	testing int2, float2, int2...
	testing short2, int2, int4...
	testing float2, char2, int4...
	testing short2, char2, char4...
	testing short2, short2, float4...
	testing int2, float2, short8...
	testing short2, float2, int8...
	testing int2, float2, int8...
	testing int2, float2, int8...
	testing int2, int4, short2...
	testing int2, int4, int2...
	testing short2, int4, float2...
	testing char2, char4, char2...
	testing float2, float4, float4...
	testing float2, float4, short4...
	testing float2, int4, float4...
	testing short2, int4, float4...
	testing int2, char4, int8...
	testing int2, float4, float8...
	testing float2, float4, char8...
	testing float2, short4, int8...
	testing float2, short8, char2...
	testing int2, short8, float2...
	testing int2, float8, int2...
	testing short2, char8, char2...
	testing short2, int8, short4...
	testing char2, float8, float4...
	testing float2, short8, short4...
	testing short2, short8, int4...
	testing float2, short8, float8...
	testing char2, char8, short8...
	testing int2, float8, float8...
	testing char2, char8, short8...
	testing char4, char2, float2...
	testing char4, short2, short2...
	testing int4, char2, int2...
	testing short4, char2, short2...
	testing int4, char2, char4...
	testing short4, char2, float4...
	testing int4, char2, int4...
	testing float4, short2, int4...
	testing float4, float2, short8...
	testing float4, int2, char8...
	testing int4, char2, int8...
	testing short4, float2, float8...
	testing char4, char4, char2...
	testing int4, short4, int2...
	testing int4, short4, float2...
	testing int4, float4, int2...
	testing float4, int4, char4...
	testing short4, char4, int4...
	testing char4, short4, short4...
	testing short4, float4, int4...
	testing float4, short4, int8...
	testing char4, int4, char8...
	testing short4, int4, short8...
	testing char4, short4, short8...
	testing int4, float8, char2...
	testing short4, short8, int2...
	testing int4, short8, float2...
	testing float4, int8, char2...
	testing char4, short8, float4...
	testing char4, int8, short4...
	testing int4, float8, short4...
	testing float4, float8, char4...
	testing float4, float8, int8...
	testing short4, short8, char8...
	testing short4, short8, float8...
	testing short4, short8, short8...
	testing char8, short2, char2...
	testing int8, short2, int2...
	testing float8, float2, char2...
	testing short8, float2, short2...
	testing float8, int2, char4...
	testing short8, float2, char4...
	testing char8, float2, int4...
	testing int8, int2, char4...
	testing int8, float2, char8...
	testing int8, char2, float8...
	testing char8, int2, float8...
	testing char8, float2, char8...
	testing short8, float4, char2...
	testing float8, char4, short2...
	testing float8, char4, float2...
	testing int8, int4, char2...
	testing short8, short4, float4...
	testing short8, int4, short4...
	testing float8, float4, char4...
	testing float8, char4, int4...
	testing short8, short4, char8...
	testing short8, int4, short8...
	testing short8, short4, float8...
	testing char8, short4, float8...
	testing float8, float8, short2...
	testing char8, char8, int2...
	testing float8, float8, float2...
	testing char8, char8, float2...
	testing short8, char8, char4...
	testing float8, short8, float4...
	testing char8, int8, char4...
	testing int8, short8, float4...
	testing short8, float8, char8...
	testing short8, char8, char8...
	testing float8, short8, int8...
	testing short8, short8, short8...
kernel_arg_multi_setup_random passed
kernel_attributes...
kernel_attributes passed
null_required_work_group_size...
null_required_work_group_size passed
binary_get...
binary_get passed
binary_create...
binary_create passed
native_kernel...
Device does not support CL_EXEC_NATIVE_KERNEL.
native_kernel passed
mem_object_destructor_callback...
	Waiting for callback 0...
	Waiting for callback 1...
	Waiting for callback 2...
	Waiting for callback 0...
	Waiting for callback 1...
	Waiting for callback 2...
mem_object_destructor_callback passed
create_context_from_type...
create_context_from_type passed
create_context_from_type_device_type_all...
create_context_from_type_device_type_all passed
create_context_from_type_device_type_default...
create_context_from_type_device_type_default passed
min_data_type_align_size_alignment...
Device reported CL_DEVICE_MEM_BASE_ADDR_ALIGN = 1024 bits.
min_data_type_align_size_alignment passed
platform_extensions...
platform_extensions passed
get_platform_ids...
Found 1 platforms.
Platform 0 (0xfffec9c40ea8):
	CL_PLATFORM_PROFILE: FULL_PROFILE
	CL_PLATFORM_VERSION: OpenCL 3.1 
	CL_PLATFORM_NAME: rusticl
	CL_PLATFORM_VENDOR: Mesa/X.org
	CL_PLATFORM_EXTENSIONS: cl_khr_icd cl_khr_byte_addressable_store cl_khr_create_command_queue cl_khr_expect_assume cl_khr_extended_bit_ops cl_khr_extended_versioning cl_khr_global_int32_base_atomics cl_khr_global_int32_extended_atomics cl_khr_il_program cl_khr_local_int32_base_atomics cl_khr_local_int32_extended_atomics cl_khr_integer_dot_product cl_khr_spirv_no_integer_wrap_decoration cl_khr_spirv_queries cl_khr_suggested_local_work_size cl_ext_immutable_memory_objects cl_khr_spirv_linkonce_odr cl_khr_fp16 cl_khr_3d_image_writes cl_khr_depth_images cl_ext_image_unorm_int_2_101010 cl_khr_priority_hints cl_khr_device_uuid cl_khr_subgroup_extended_types cl_khr_subgroup_ballot cl_khr_subgroup_clustered_reduce cl_khr_subgroup_non_uniform_arithmetic cl_khr_subgroup_non_uniform_vote cl_khr_subgroup_rotate cl_khr_subgroup_shuffle cl_khr_subgroup_shuffle_relative
	Platform has 1 devices.
		Platform for device 0 (Apple M1 (G13G B1)) is 0xfffec9c40ea8.
			Testing clCreateContext for the platform/device...
get_platform_ids passed
get_kernel_arg_info...
All Data Type Tests Passed
All Image Tests Passed
All Edge Case Tests Passed
get_kernel_arg_info passed
null_buffer_arg...
Testing setKernelArgs with non-NULL buffer.
	non-NULL ok.
Testing setKernelArgs with &NULL buffer.
	&NULL ok.
null_buffer_arg passed
get_buffer_info...
get_buffer_info passed
get_image2d_info...
get_image2d_info passed
get_image3d_info...
get_image3d_info passed
get_image1d_info...
get_image1d_info passed
get_image1d_array_info...
get_image1d_array_info passed
get_image2d_array_info...
get_image2d_array_info passed
min_image_formats...
    testing 1D...
    testing 1D image buffer...
    testing 2D...
    testing 3D...
    testing 1D array...
    testing 2D array...
min_image_formats passed
queue_flush_on_release...
queue_flush_on_release passed
multi_queue_flush_on_release...
multi_queue_flush_on_release passed
queue_hint...
Testing cl_khr_priority_hints...
cl_khr_throttle_hints is not supported.
queue_hint passed
queue_properties...
Queue property NULL. Testing ... 
Queue property CL_QUEUE_OUT_OF_ORDER_EXEC_MODE_ENABLE supported. Testing ... 
Queue property CL_QUEUE_PROFILING_ENABLE supported. Testing ... 
Queue property CL_QUEUE_OUT_OF_ORDER_EXEC_MODE_ENABLE & CL_QUEUE_PROFILING_ENABLE supported. Testing ... 
queue_properties passed
sub_group_dispatch...
The CL_KERNEL_MAX_SUB_GROUP_SIZE_FOR_NDRANGE for the kernel is 32.
The CL_KERNEL_SUB_GROUP_COUNT_FOR_NDRANGE for the kernel is 32.
sub_group_dispatch passed
clone_kernel_with_different_args...
clone_kernel_with_different_args passed
clone_kernel_with_buf_image_kernels...
clone_kernel_with_buf_image_kernels passed
clone_kernel_with_exec_info...
clone_kernel_with_exec_info test not supported
clone_kernel_with_no_args...
clone_kernel_with_no_args passed
clone_kernel_with_svm_ptrs...
clone_kernel_with_svm_ptrs test not supported
zero_sized_enqueue...
zero_sized_enqueue passed
context_destructor_callback...
	Waiting for callback 0...
	Waiting for callback 1...
	Waiting for callback 2...
context_destructor_callback passed
image_properties_queries...

TC description: regular image
TC result: passed

TC description: image, 0 properties
TC result: passed

TC description: image, NULL properties
TC result: passed
image_properties_queries passed
buffer_properties_queries...

TC description: regular buffer
TC result: passed

TC description: buffer with 0 properties
TC result: passed

TC description: buffer with NULL properties
TC result: passed

TC description: subbuffer with 0 properties
TC result: passed

TC description: subbuffer with NULL properties
TC result: passed
buffer_properties_queries passed
queue_properties_queries...

TC description: host queue, NULL properties
TC result: passed

TC description: host queue, zero properties
TC result: passed

TC description: host queue, CL_QUEUE_PROFILING_ENABLE
	CL_QUEUE_PROFILING_ENABLE supported
TC result: passed

TC description: host queue, CL_QUEUE_OUT_OF_ORDER_EXEC_MODE_ENABLE
	CL_QUEUE_OUT_OF_ORDER_EXEC_MODE_ENABLE supported
TC result: passed

TC description: host queue, CL_QUEUE_OUT_OF_ORDER_EXEC_MODE_ENABLE | CL_QUEUE_PROFILING_ENABLE
	CL_QUEUE_OUT_OF_ORDER_EXEC_MODE_ENABLE supported
	CL_QUEUE_PROFILING_ENABLE supported
TC result: passed

TC description: device queue, CL_QUEUE_OUT_OF_ORDER_EXEC_MODE_ENABLE | CL_QUEUE_ON_DEVICE
	CL_QUEUE_OUT_OF_ORDER_EXEC_MODE_ENABLE not supported, skipped
TC result: skipped

TC description: device queue, all possible properties
The value of CL_QUEUE_SIZE = 124 cannot be bigger than CL_DEVICE_QUEUE_ON_DEVICE_MAX_SIZE = 0, skipped
TC result: skipped

TC description: device queue, all without CL_QUEUE_ON_DEVICE_DEFAULT
The value of CL_QUEUE_SIZE = 124 cannot be bigger than CL_DEVICE_QUEUE_ON_DEVICE_MAX_SIZE = 0, skipped
TC result: skipped

TC description: device queue, all without CL_QUEUE_SIZE
	CL_QUEUE_OUT_OF_ORDER_EXEC_MODE_ENABLE not supported, skipped
TC result: skipped
queue_properties_queries passed
set_command_queue_property...
set_command_queue_property test not supported
pipe_properties_queries...
pipe_properties_queries test not supported
work_group_suggested_local_size_1D...
test_work_group_suggested_local_size_1D odds passed
test_work_group_suggested_local_size_1D evens passed
test_work_group_suggested_local_size_1D primes passed
test_work_group_suggested_local_size_1D odds with global_work_offset passed
test_work_group_suggested_local_size_1D evens with global_work_offset passed
test_work_group_suggested_local_size_1D primes with global_work_offset passed
work_group_suggested_local_size_1D passed
work_group_suggested_local_size_2D...
test_work_group_suggested_local_size_2D odds passed
test_work_group_suggested_local_size_2D evens passed
test_work_group_suggested_local_size_2D primes passed
test_work_group_suggested_local_size_2D odds with global_work_offset passed
test_work_group_suggested_local_size_2D evens with global_work_offset passed
test_work_group_suggested_local_size_2D primes with global_work_offset passed
work_group_suggested_local_size_2D passed
work_group_suggested_local_size_3D...
test_work_group_suggested_local_size_3D odds passed
test_work_group_suggested_local_size_3D evens passed
test_work_group_suggested_local_size_3D primes passed
test_work_group_suggested_local_size_3D odds with global_work_offset passed
test_work_group_suggested_local_size_3D evens with global_work_offset passed
test_work_group_suggested_local_size_3D primes with global_work_offset passed
work_group_suggested_local_size_3D passed
set_default_device_command_queue...
set_default_device_command_queue test not supported
spirv_query_requirements...
spirv_query_requirements passed
spirv_query_dependencies...
spirv_query_dependencies passed
PASSED 2143 of 2143 sub-tests.
PASSED 152 of 152 tests.
