=== Rusticl warning: Patched Mesa libclc not detected. Upstream libclc may contain known bugs or breaking changes and isn't guaranteed to work reliably. Please visit https://gitlab.freedesktop.org/karolherbst/mesa-libclc for more information. ===
 Initializing random seed to 0.
Requesting Default device based on command line for platform index 0 and device index 0
Compute Device Name = Apple M1 (G13G B1), Compute Device Vendor = Apple, Compute Device Version = OpenCL 3.1 , CL C Version = OpenCL C 1.2 
Device latest conformance version passed: v2026-03-25-00
Supports single precision denormals: NO
sizeof( void*) = 8  (host)
sizeof( void*) = 8  (device)
read_array_int...
 int1 data verified
CL_PROFILING_COMMAND_QUEUED: 1653674601246666 CL_PROFILING_COMMAND_SUBMIT: 1653674602233583 CL_PROFILING_COMMAND_START: 1653674602234500 CL_PROFILING_COMMAND_END: 1653674602292291 CL_DEVICE_PROFILING_TIMER_RESOLUTION: 1
Profiling info:
Time from queue to submit : 0.986917ms
Time from submit to start : 0.000917ms
Time from start to end: 0.057791ms
 int2 data verified
CL_PROFILING_COMMAND_QUEUED: 1653674607168750 CL_PROFILING_COMMAND_SUBMIT: 1653674607621416 CL_PROFILING_COMMAND_START: 1653674607622333 CL_PROFILING_COMMAND_END: 1653674607731208 CL_DEVICE_PROFILING_TIMER_RESOLUTION: 1
Profiling info:
Time from queue to submit : 0.452666ms
Time from submit to start : 0.000917ms
Time from start to end: 0.108875ms
 int4 data verified
CL_PROFILING_COMMAND_QUEUED: 1653674612451333 CL_PROFILING_COMMAND_SUBMIT: 1653674612972375 CL_PROFILING_COMMAND_START: 1653674612973250 CL_PROFILING_COMMAND_END: 1653674613187333 CL_DEVICE_PROFILING_TIMER_RESOLUTION: 1
Profiling info:
Time from queue to submit : 0.521042ms
Time from submit to start : 0.000875ms
Time from start to end: 0.214083ms
 int8 data verified
CL_PROFILING_COMMAND_QUEUED: 1653674618054875 CL_PROFILING_COMMAND_SUBMIT: 1653674618662958 CL_PROFILING_COMMAND_START: 1653674618663750 CL_PROFILING_COMMAND_END: 1653674619066916 CL_DEVICE_PROFILING_TIMER_RESOLUTION: 1
Profiling info:
Time from queue to submit : 0.608083ms
Time from submit to start : 0.000792ms
Time from start to end: 0.403166ms
 int16 data verified
CL_PROFILING_COMMAND_QUEUED: 1653674624163750 CL_PROFILING_COMMAND_SUBMIT: 1653674624659416 CL_PROFILING_COMMAND_START: 1653674624660208 CL_PROFILING_COMMAND_END: 1653674625499958 CL_DEVICE_PROFILING_TIMER_RESOLUTION: 1
Profiling info:
Time from queue to submit : 0.495666ms
Time from submit to start : 0.000792ms
Time from start to end: 0.839750ms
read_array_int passed
read_array_uint...
 uint1 data verified
CL_PROFILING_COMMAND_QUEUED: 1653674630318708 CL_PROFILING_COMMAND_SUBMIT: 1653674630766041 CL_PROFILING_COMMAND_START: 1653674630767041 CL_PROFILING_COMMAND_END: 1653674630815500 CL_DEVICE_PROFILING_TIMER_RESOLUTION: 1
Profiling info:
Time from queue to submit : 0.447333ms
Time from submit to start : 0.001000ms
Time from start to end: 0.048459ms
 uint2 data verified
CL_PROFILING_COMMAND_QUEUED: 1653674635748625 CL_PROFILING_COMMAND_SUBMIT: 1653674636192291 CL_PROFILING_COMMAND_START: 1653674636193208 CL_PROFILING_COMMAND_END: 1653674636289916 CL_DEVICE_PROFILING_TIMER_RESOLUTION: 1
Profiling info:
Time from queue to submit : 0.443666ms
Time from submit to start : 0.000917ms
Time from start to end: 0.096708ms
 uint4 data verified
CL_PROFILING_COMMAND_QUEUED: 1653674641158833 CL_PROFILING_COMMAND_SUBMIT: 1653674641617083 CL_PROFILING_COMMAND_START: 1653674641617875 CL_PROFILING_COMMAND_END: 1653674641817583 CL_DEVICE_PROFILING_TIMER_RESOLUTION: 1
Profiling info:
Time from queue to submit : 0.458250ms
Time from submit to start : 0.000792ms
Time from start to end: 0.199708ms
 uint8 data verified
CL_PROFILING_COMMAND_QUEUED: 1653674646749625 CL_PROFILING_COMMAND_SUBMIT: 1653674647197250 CL_PROFILING_COMMAND_START: 1653674647198250 CL_PROFILING_COMMAND_END: 1653674647589708 CL_DEVICE_PROFILING_TIMER_RESOLUTION: 1
Profiling info:
Time from queue to submit : 0.447625ms
Time from submit to start : 0.001000ms
Time from start to end: 0.391458ms
 uint16 data verified
CL_PROFILING_COMMAND_QUEUED: 1653674650367416 CL_PROFILING_COMMAND_SUBMIT: 1653674650833041 CL_PROFILING_COMMAND_START: 1653674650833833 CL_PROFILING_COMMAND_END: 1653674651547916 CL_DEVICE_PROFILING_TIMER_RESOLUTION: 1
Profiling info:
Time from queue to submit : 0.465625ms
Time from submit to start : 0.000792ms
Time from start to end: 0.714083ms
read_array_uint passed
read_array_long...
 long1 data verified
CL_PROFILING_COMMAND_QUEUED: 1653674656256125 CL_PROFILING_COMMAND_SUBMIT: 1653674656712000 CL_PROFILING_COMMAND_START: 1653674656713000 CL_PROFILING_COMMAND_END: 1653674656807000 CL_DEVICE_PROFILING_TIMER_RESOLUTION: 1
Profiling info:
Time from queue to submit : 0.455875ms
Time from submit to start : 0.001000ms
Time from start to end: 0.094000ms
 long2 data verified
CL_PROFILING_COMMAND_QUEUED: 1653674659250583 CL_PROFILING_COMMAND_SUBMIT: 1653674659598500 CL_PROFILING_COMMAND_START: 1653674659599500 CL_PROFILING_COMMAND_END: 1653674659776250 CL_DEVICE_PROFILING_TIMER_RESOLUTION: 1
Profiling info:
Time from queue to submit : 0.347917ms
Time from submit to start : 0.001000ms
Time from start to end: 0.176750ms
 long4 data verified
CL_PROFILING_COMMAND_QUEUED: 1653674661957166 CL_PROFILING_COMMAND_SUBMIT: 1653674662302166 CL_PROFILING_COMMAND_START: 1653674662302958 CL_PROFILING_COMMAND_END: 1653674662658833 CL_DEVICE_PROFILING_TIMER_RESOLUTION: 1
Profiling info:
Time from queue to submit : 0.345000ms
Time from submit to start : 0.000792ms
Time from start to end: 0.355875ms
 long8 data verified
CL_PROFILING_COMMAND_QUEUED: 1653674664889958 CL_PROFILING_COMMAND_SUBMIT: 1653674665269416 CL_PROFILING_COMMAND_START: 1653674665270250 CL_PROFILING_COMMAND_END: 1653674665988666 CL_DEVICE_PROFILING_TIMER_RESOLUTION: 1
Profiling info:
Time from queue to submit : 0.379458ms
Time from submit to start : 0.000834ms
Time from start to end: 0.718416ms
 long16 data verified
CL_PROFILING_COMMAND_QUEUED: 1653674668606041 CL_PROFILING_COMMAND_SUBMIT: 1653674669042583 CL_PROFILING_COMMAND_START: 1653674669043583 CL_PROFILING_COMMAND_END: 1653674670672000 CL_DEVICE_PROFILING_TIMER_RESOLUTION: 1
Profiling info:
Time from queue to submit : 0.436542ms
Time from submit to start : 0.001000ms
Time from start to end: 1.628417ms
read_array_long passed
read_array_ulong...
 ulong1 data verified
CL_PROFILING_COMMAND_QUEUED: 1653674673257833 CL_PROFILING_COMMAND_SUBMIT: 1653674673677625 CL_PROFILING_COMMAND_START: 1653674673678083 CL_PROFILING_COMMAND_END: 1653674674231041 CL_DEVICE_PROFILING_TIMER_RESOLUTION: 1
Profiling info:
Time from queue to submit : 0.419792ms
Time from submit to start : 0.000458ms
Time from start to end: 0.552958ms
 ulong2 data verified
CL_PROFILING_COMMAND_QUEUED: 1653674676730750 CL_PROFILING_COMMAND_SUBMIT: 1653674677090625 CL_PROFILING_COMMAND_START: 1653674677091041 CL_PROFILING_COMMAND_END: 1653674678183750 CL_DEVICE_PROFILING_TIMER_RESOLUTION: 1
Profiling info:
Time from queue to submit : 0.359875ms
Time from submit to start : 0.000416ms
Time from start to end: 1.092709ms
 ulong4 data verified
CL_PROFILING_COMMAND_QUEUED: 1653674680625375 CL_PROFILING_COMMAND_SUBMIT: 1653674681039708 CL_PROFILING_COMMAND_START: 1653674681040666 CL_PROFILING_COMMAND_END: 1653674683356625 CL_DEVICE_PROFILING_TIMER_RESOLUTION: 1
Profiling info:
Time from queue to submit : 0.414333ms
Time from submit to start : 0.000958ms
Time from start to end: 2.315959ms
 ulong8 data verified
CL_PROFILING_COMMAND_QUEUED: 1653674686073958 CL_PROFILING_COMMAND_SUBMIT: 1653674686522583 CL_PROFILING_COMMAND_START: 1653674686523208 CL_PROFILING_COMMAND_END: 1653674690935958 CL_DEVICE_PROFILING_TIMER_RESOLUTION: 1
Profiling info:
Time from queue to submit : 0.448625ms
Time from submit to start : 0.000625ms
Time from start to end: 4.412750ms
 ulong16 data verified
CL_PROFILING_COMMAND_QUEUED: 1653674693643125 CL_PROFILING_COMMAND_SUBMIT: 1653674694094750 CL_PROFILING_COMMAND_START: 1653674694095541 CL_PROFILING_COMMAND_END: 1653674702904625 CL_DEVICE_PROFILING_TIMER_RESOLUTION: 1
Profiling info:
Time from queue to submit : 0.451625ms
Time from submit to start : 0.000791ms
Time from start to end: 8.809084ms
read_array_ulong passed
read_array_short...
 short1 data verified
CL_PROFILING_COMMAND_QUEUED: 1653674705931291 CL_PROFILING_COMMAND_SUBMIT: 1653674706333291 CL_PROFILING_COMMAND_START: 1653674706333750 CL_PROFILING_COMMAND_END: 1653674706482250 CL_DEVICE_PROFILING_TIMER_RESOLUTION: 1
Profiling info:
Time from queue to submit : 0.402000ms
Time from submit to start : 0.000459ms
Time from start to end: 0.148500ms
 short2 data verified
CL_PROFILING_COMMAND_QUEUED: 1653674708680750 CL_PROFILING_COMMAND_SUBMIT: 1653674709011958 CL_PROFILING_COMMAND_START: 1653674709012416 CL_PROFILING_COMMAND_END: 1653674709288083 CL_DEVICE_PROFILING_TIMER_RESOLUTION: 1
Profiling info:
Time from queue to submit : 0.331208ms
Time from submit to start : 0.000458ms
Time from start to end: 0.275667ms
 short4 data verified
CL_PROFILING_COMMAND_QUEUED: 1653674711523958 CL_PROFILING_COMMAND_SUBMIT: 1653674711876833 CL_PROFILING_COMMAND_START: 1653674711877208 CL_PROFILING_COMMAND_END: 1653674712430125 CL_DEVICE_PROFILING_TIMER_RESOLUTION: 1
Profiling info:
Time from queue to submit : 0.352875ms
Time from submit to start : 0.000375ms
Time from start to end: 0.552917ms
 short8 data verified
CL_PROFILING_COMMAND_QUEUED: 1653674714670916 CL_PROFILING_COMMAND_SUBMIT: 1653674715010166 CL_PROFILING_COMMAND_START: 1653674715010625 CL_PROFILING_COMMAND_END: 1653674716107208 CL_DEVICE_PROFILING_TIMER_RESOLUTION: 1
Profiling info:
Time from queue to submit : 0.339250ms
Time from submit to start : 0.000459ms
Time from start to end: 1.096583ms
 short16 data verified
CL_PROFILING_COMMAND_QUEUED: 1653674718436875 CL_PROFILING_COMMAND_SUBMIT: 1653674718818625 CL_PROFILING_COMMAND_START: 1653674718819083 CL_PROFILING_COMMAND_END: 1653674721051375 CL_DEVICE_PROFILING_TIMER_RESOLUTION: 1
Profiling info:
Time from queue to submit : 0.381750ms
Time from submit to start : 0.000458ms
Time from start to end: 2.232292ms
read_array_short passed
read_array_ushort...
 ushort1 data verified
CL_PROFILING_COMMAND_QUEUED: 1653674723871750 CL_PROFILING_COMMAND_SUBMIT: 1653674724295625 CL_PROFILING_COMMAND_START: 1653674724296708 CL_PROFILING_COMMAND_END: 1653674724323333 CL_DEVICE_PROFILING_TIMER_RESOLUTION: 1
Profiling info:
Time from queue to submit : 0.423875ms
Time from submit to start : 0.001083ms
Time from start to end: 0.026625ms
 ushort2 data verified
CL_PROFILING_COMMAND_QUEUED: 1653674726787916 CL_PROFILING_COMMAND_SUBMIT: 1653674727129666 CL_PROFILING_COMMAND_START: 1653674727130708 CL_PROFILING_COMMAND_END: 1653674727179166 CL_DEVICE_PROFILING_TIMER_RESOLUTION: 1
Profiling info:
Time from queue to submit : 0.341750ms
Time from submit to start : 0.001042ms
Time from start to end: 0.048458ms
 ushort4 data verified
CL_PROFILING_COMMAND_QUEUED: 1653674729530916 CL_PROFILING_COMMAND_SUBMIT: 1653674729865958 CL_PROFILING_COMMAND_START: 1653674729866916 CL_PROFILING_COMMAND_END: 1653674729972166 CL_DEVICE_PROFILING_TIMER_RESOLUTION: 1
Profiling info:
Time from queue to submit : 0.335042ms
Time from submit to start : 0.000958ms
Time from start to end: 0.105250ms
 ushort8 data verified
CL_PROFILING_COMMAND_QUEUED: 1653674732363458 CL_PROFILING_COMMAND_SUBMIT: 1653674732718250 CL_PROFILING_COMMAND_START: 1653674732719416 CL_PROFILING_COMMAND_END: 1653674732917000 CL_DEVICE_PROFILING_TIMER_RESOLUTION: 1
Profiling info:
Time from queue to submit : 0.354792ms
Time from submit to start : 0.001166ms
Time from start to end: 0.197584ms
 ushort16 data verified
CL_PROFILING_COMMAND_QUEUED: 1653674735634958 CL_PROFILING_COMMAND_SUBMIT: 1653674736032208 CL_PROFILING_COMMAND_START: 1653674736033500 CL_PROFILING_COMMAND_END: 1653674736431958 CL_DEVICE_PROFILING_TIMER_RESOLUTION: 1
Profiling info:
Time from queue to submit : 0.397250ms
Time from submit to start : 0.001292ms
Time from start to end: 0.398458ms
read_array_ushort passed
read_array_float...
 float1 data verified
CL_PROFILING_COMMAND_QUEUED: 1653674739214250 CL_PROFILING_COMMAND_SUBMIT: 1653674739590791 CL_PROFILING_COMMAND_START: 1653674739591291 CL_PROFILING_COMMAND_END: 1653674739875833 CL_DEVICE_PROFILING_TIMER_RESOLUTION: 1
Profiling info:
Time from queue to submit : 0.376541ms
Time from submit to start : 0.000500ms
Time from start to end: 0.284542ms
 float2 data verified
CL_PROFILING_COMMAND_QUEUED: 1653674742598875 CL_PROFILING_COMMAND_SUBMIT: 1653674742960083 CL_PROFILING_COMMAND_START: 1653674742960583 CL_PROFILING_COMMAND_END: 1653674743515041 CL_DEVICE_PROFILING_TIMER_RESOLUTION: 1
Profiling info:
Time from queue to submit : 0.361208ms
Time from submit to start : 0.000500ms
Time from start to end: 0.554458ms
 float4 data verified
CL_PROFILING_COMMAND_QUEUED: 1653674745977125 CL_PROFILING_COMMAND_SUBMIT: 1653674746334333 CL_PROFILING_COMMAND_START: 1653674746334791 CL_PROFILING_COMMAND_END: 1653674747432625 CL_DEVICE_PROFILING_TIMER_RESOLUTION: 1
Profiling info:
Time from queue to submit : 0.357208ms
Time from submit to start : 0.000458ms
Time from start to end: 1.097834ms
 float8 data verified
CL_PROFILING_COMMAND_QUEUED: 1653674750259541 CL_PROFILING_COMMAND_SUBMIT: 1653674750654458 CL_PROFILING_COMMAND_START: 1653674750655000 CL_PROFILING_COMMAND_END: 1653674752876708 CL_DEVICE_PROFILING_TIMER_RESOLUTION: 1
Profiling info:
Time from queue to submit : 0.394917ms
Time from submit to start : 0.000542ms
Time from start to end: 2.221708ms
 float16 data verified
CL_PROFILING_COMMAND_QUEUED: 1653674756113125 CL_PROFILING_COMMAND_SUBMIT: 1653674756541125 CL_PROFILING_COMMAND_START: 1653674756541625 CL_PROFILING_COMMAND_END: 1653674760956791 CL_DEVICE_PROFILING_TIMER_RESOLUTION: 1
Profiling info:
Time from queue to submit : 0.428000ms
Time from submit to start : 0.000500ms
Time from start to end: 4.415166ms
read_array_float passed
read_array_char...
 char1 data verified
CL_PROFILING_COMMAND_QUEUED: 1653674763858916 CL_PROFILING_COMMAND_SUBMIT: 1653674764291625 CL_PROFILING_COMMAND_START: 1653674764292625 CL_PROFILING_COMMAND_END: 1653674764330583 CL_DEVICE_PROFILING_TIMER_RESOLUTION: 1
Profiling info:
Time from queue to submit : 0.432709ms
Time from submit to start : 0.001000ms
Time from start to end: 0.037958ms
 char2 data verified
CL_PROFILING_COMMAND_QUEUED: 1653674766635208 CL_PROFILING_COMMAND_SUBMIT: 1653674766996083 CL_PROFILING_COMMAND_START: 1653674766997000 CL_PROFILING_COMMAND_END: 1653674767023458 CL_DEVICE_PROFILING_TIMER_RESOLUTION: 1
Profiling info:
Time from queue to submit : 0.360875ms
Time from submit to start : 0.000917ms
Time from start to end: 0.026458ms
 char4 data verified
CL_PROFILING_COMMAND_QUEUED: 1653674776170458 CL_PROFILING_COMMAND_SUBMIT: 1653674776666375 CL_PROFILING_COMMAND_START: 1653674776668166 CL_PROFILING_COMMAND_END: 1653674776726083 CL_DEVICE_PROFILING_TIMER_RESOLUTION: 1
Profiling info:
Time from queue to submit : 0.495917ms
Time from submit to start : 0.001791ms
Time from start to end: 0.057917ms
 char8 data verified
CL_PROFILING_COMMAND_QUEUED: 1653674779524541 CL_PROFILING_COMMAND_SUBMIT: 1653674779915416 CL_PROFILING_COMMAND_START: 1653674779917041 CL_PROFILING_COMMAND_END: 1653674780035291 CL_DEVICE_PROFILING_TIMER_RESOLUTION: 1
Profiling info:
Time from queue to submit : 0.390875ms
Time from submit to start : 0.001625ms
Time from start to end: 0.118250ms
 char16 data verified
CL_PROFILING_COMMAND_QUEUED: 1653674782636083 CL_PROFILING_COMMAND_SUBMIT: 1653674783020250 CL_PROFILING_COMMAND_START: 1653674783021916 CL_PROFILING_COMMAND_END: 1653674783232541 CL_DEVICE_PROFILING_TIMER_RESOLUTION: 1
Profiling info:
Time from queue to submit : 0.384167ms
Time from submit to start : 0.001666ms
Time from start to end: 0.210625ms
read_array_char passed
read_array_uchar...
 uchar1 data verified
CL_PROFILING_COMMAND_QUEUED: 1653674785746333 CL_PROFILING_COMMAND_SUBMIT: 1653674786170250 CL_PROFILING_COMMAND_START: 1653674786171500 CL_PROFILING_COMMAND_END: 1653674786187458 CL_DEVICE_PROFILING_TIMER_RESOLUTION: 1
Profiling info:
Time from queue to submit : 0.423917ms
Time from submit to start : 0.001250ms
Time from start to end: 0.015958ms
 uchar2 data verified
CL_PROFILING_COMMAND_QUEUED: 1653674788392875 CL_PROFILING_COMMAND_SUBMIT: 1653674788787375 CL_PROFILING_COMMAND_START: 1653674788788541 CL_PROFILING_COMMAND_END: 1653674788814583 CL_DEVICE_PROFILING_TIMER_RESOLUTION: 1
Profiling info:
Time from queue to submit : 0.394500ms
Time from submit to start : 0.001166ms
Time from start to end: 0.026042ms
 uchar4 data verified
CL_PROFILING_COMMAND_QUEUED: 1653674793330291 CL_PROFILING_COMMAND_SUBMIT: 1653674793773791 CL_PROFILING_COMMAND_START: 1653674793774666 CL_PROFILING_COMMAND_END: 1653674793823750 CL_DEVICE_PROFILING_TIMER_RESOLUTION: 1
Profiling info:
Time from queue to submit : 0.443500ms
Time from submit to start : 0.000875ms
Time from start to end: 0.049084ms
 uchar8 data verified
CL_PROFILING_COMMAND_QUEUED: 1653674798742708 CL_PROFILING_COMMAND_SUBMIT: 1653674799164791 CL_PROFILING_COMMAND_START: 1653674799165833 CL_PROFILING_COMMAND_END: 1653674799258500 CL_DEVICE_PROFILING_TIMER_RESOLUTION: 1
Profiling info:
Time from queue to submit : 0.422083ms
Time from submit to start : 0.001042ms
Time from start to end: 0.092667ms
 uchar16 data verified
CL_PROFILING_COMMAND_QUEUED: 1653674803551458 CL_PROFILING_COMMAND_SUBMIT: 1653674804003083 CL_PROFILING_COMMAND_START: 1653674804004750 CL_PROFILING_COMMAND_END: 1653674804197541 CL_DEVICE_PROFILING_TIMER_RESOLUTION: 1
Profiling info:
Time from queue to submit : 0.451625ms
Time from submit to start : 0.001667ms
Time from start to end: 0.192791ms
read_array_uchar passed
read_array_struct...
 struct1 data verified
CL_PROFILING_COMMAND_QUEUED: 1653674807065666 CL_PROFILING_COMMAND_SUBMIT: 1653674807511916 CL_PROFILING_COMMAND_START: 1653674807512916 CL_PROFILING_COMMAND_END: 1653674807608666 CL_DEVICE_PROFILING_TIMER_RESOLUTION: 1
Profiling info:
Time from queue to submit : 0.446250ms
Time from submit to start : 0.001000ms
Time from start to end: 0.095750ms
read_array_struct passed
write_array_int...
 int1 data verified
CL_PROFILING_COMMAND_QUEUED: 1653674810303291 CL_PROFILING_COMMAND_SUBMIT: 1653674810315625 CL_PROFILING_COMMAND_START: 1653674810317041 CL_PROFILING_COMMAND_END: 1653674810336083 CL_DEVICE_PROFILING_TIMER_RESOLUTION: 1
Profiling info:
Time from queue to submit : 0.012334ms
Time from submit to start : 0.001416ms
Time from start to end: 0.019042ms
 int2 data verified
CL_PROFILING_COMMAND_QUEUED: 1653674814084791 CL_PROFILING_COMMAND_SUBMIT: 1653674814094083 CL_PROFILING_COMMAND_START: 1653674814094791 CL_PROFILING_COMMAND_END: 1653674814107375 CL_DEVICE_PROFILING_TIMER_RESOLUTION: 1
Profiling info:
Time from queue to submit : 0.009292ms
Time from submit to start : 0.000708ms
Time from start to end: 0.012584ms
 int4 data verified
CL_PROFILING_COMMAND_QUEUED: 1653674820439041 CL_PROFILING_COMMAND_SUBMIT: 1653674820446958 CL_PROFILING_COMMAND_START: 1653674820447833 CL_PROFILING_COMMAND_END: 1653674820482125 CL_DEVICE_PROFILING_TIMER_RESOLUTION: 1
Profiling info:
Time from queue to submit : 0.007917ms
Time from submit to start : 0.000875ms
Time from start to end: 0.034292ms
 int8 data verified
CL_PROFILING_COMMAND_QUEUED: 1653674823787958 CL_PROFILING_COMMAND_SUBMIT: 1653674823799208 CL_PROFILING_COMMAND_START: 1653674823800666 CL_PROFILING_COMMAND_END: 1653674823888666 CL_DEVICE_PROFILING_TIMER_RESOLUTION: 1
Profiling info:
Time from queue to submit : 0.011250ms
Time from submit to start : 0.001458ms
Time from start to end: 0.088000ms
 int16 data verified
CL_PROFILING_COMMAND_QUEUED: 1653674827865500 CL_PROFILING_COMMAND_SUBMIT: 1653674827878583 CL_PROFILING_COMMAND_START: 1653674827879916 CL_PROFILING_COMMAND_END: 1653674828057125 CL_DEVICE_PROFILING_TIMER_RESOLUTION: 1
Profiling info:
Time from queue to submit : 0.013083ms
Time from submit to start : 0.001333ms
Time from start to end: 0.177209ms
write_array_int passed
write_array_uint...
 uint1 data verified
CL_PROFILING_COMMAND_QUEUED: 1653674836154666 CL_PROFILING_COMMAND_SUBMIT: 1653674836169208 CL_PROFILING_COMMAND_START: 1653674836171458 CL_PROFILING_COMMAND_END: 1653674836178333 CL_DEVICE_PROFILING_TIMER_RESOLUTION: 1
Profiling info:
Time from queue to submit : 0.014542ms
Time from submit to start : 0.002250ms
Time from start to end: 0.006875ms
 uint2 data verified
CL_PROFILING_COMMAND_QUEUED: 1653674839826041 CL_PROFILING_COMMAND_SUBMIT: 1653674839836458 CL_PROFILING_COMMAND_START: 1653674839837250 CL_PROFILING_COMMAND_END: 1653674839843375 CL_DEVICE_PROFILING_TIMER_RESOLUTION: 1
Profiling info:
Time from queue to submit : 0.010417ms
Time from submit to start : 0.000792ms
Time from start to end: 0.006125ms
 uint4 data verified
CL_PROFILING_COMMAND_QUEUED: 1653674843898625 CL_PROFILING_COMMAND_SUBMIT: 1653674843908833 CL_PROFILING_COMMAND_START: 1653674843909708 CL_PROFILING_COMMAND_END: 1653674843919166 CL_DEVICE_PROFILING_TIMER_RESOLUTION: 1
Profiling info:
Time from queue to submit : 0.010208ms
Time from submit to start : 0.000875ms
Time from start to end: 0.009458ms
 uint8 data verified
CL_PROFILING_COMMAND_QUEUED: 1653674848524166 CL_PROFILING_COMMAND_SUBMIT: 1653674848534458 CL_PROFILING_COMMAND_START: 1653674848535583 CL_PROFILING_COMMAND_END: 1653674848553416 CL_DEVICE_PROFILING_TIMER_RESOLUTION: 1
Profiling info:
Time from queue to submit : 0.010292ms
Time from submit to start : 0.001125ms
Time from start to end: 0.017833ms
 uint16 data verified
CL_PROFILING_COMMAND_QUEUED: 1653674854793500 CL_PROFILING_COMMAND_SUBMIT: 1653674854805083 CL_PROFILING_COMMAND_START: 1653674854805875 CL_PROFILING_COMMAND_END: 1653674854837791 CL_DEVICE_PROFILING_TIMER_RESOLUTION: 1
Profiling info:
Time from queue to submit : 0.011583ms
Time from submit to start : 0.000792ms
Time from start to end: 0.031916ms
write_array_uint passed
write_array_short...
 short1 data verified
CL_PROFILING_COMMAND_QUEUED: 1653674866923458 CL_PROFILING_COMMAND_SUBMIT: 1653674866937625 CL_PROFILING_COMMAND_START: 1653674866940166 CL_PROFILING_COMMAND_END: 1653674866956875 CL_DEVICE_PROFILING_TIMER_RESOLUTION: 1
Profiling info:
Time from queue to submit : 0.014167ms
Time from submit to start : 0.002541ms
Time from start to end: 0.016709ms
 short2 data verified
CL_PROFILING_COMMAND_QUEUED: 1653674870392125 CL_PROFILING_COMMAND_SUBMIT: 1653674870400541 CL_PROFILING_COMMAND_START: 1653674870401250 CL_PROFILING_COMMAND_END: 1653674870405083 CL_DEVICE_PROFILING_TIMER_RESOLUTION: 1
Profiling info:
Time from queue to submit : 0.008416ms
Time from submit to start : 0.000709ms
Time from start to end: 0.003833ms
 short4 data verified
CL_PROFILING_COMMAND_QUEUED: 1653674873974250 CL_PROFILING_COMMAND_SUBMIT: 1653674873983208 CL_PROFILING_COMMAND_START: 1653674873984208 CL_PROFILING_COMMAND_END: 1653674873989791 CL_DEVICE_PROFILING_TIMER_RESOLUTION: 1
Profiling info:
Time from queue to submit : 0.008958ms
Time from submit to start : 0.001000ms
Time from start to end: 0.005583ms
 short8 data verified
CL_PROFILING_COMMAND_QUEUED: 1653674877805208 CL_PROFILING_COMMAND_SUBMIT: 1653674877813916 CL_PROFILING_COMMAND_START: 1653674877814708 CL_PROFILING_COMMAND_END: 1653674877837208 CL_DEVICE_PROFILING_TIMER_RESOLUTION: 1
Profiling info:
Time from queue to submit : 0.008708ms
Time from submit to start : 0.000792ms
Time from start to end: 0.022500ms
 short16 data verified
CL_PROFILING_COMMAND_QUEUED: 1653674882289250 CL_PROFILING_COMMAND_SUBMIT: 1653674882298208 CL_PROFILING_COMMAND_START: 1653674882299041 CL_PROFILING_COMMAND_END: 1653674882338458 CL_DEVICE_PROFILING_TIMER_RESOLUTION: 1
Profiling info:
Time from queue to submit : 0.008958ms
Time from submit to start : 0.000833ms
Time from start to end: 0.039417ms
write_array_short passed
write_array_ushort...
 ushort1 data verified
CL_PROFILING_COMMAND_QUEUED: 1653674892832458 CL_PROFILING_COMMAND_SUBMIT: 1653674892878041 CL_PROFILING_COMMAND_START: 1653674892883083 CL_PROFILING_COMMAND_END: 1653674892891333 CL_DEVICE_PROFILING_TIMER_RESOLUTION: 1
Profiling info:
Time from queue to submit : 0.045583ms
Time from submit to start : 0.005042ms
Time from start to end: 0.008250ms
 ushort2 data verified
CL_PROFILING_COMMAND_QUEUED: 1653674896339583 CL_PROFILING_COMMAND_SUBMIT: 1653674896348625 CL_PROFILING_COMMAND_START: 1653674896349791 CL_PROFILING_COMMAND_END: 1653674896356458 CL_DEVICE_PROFILING_TIMER_RESOLUTION: 1
Profiling info:
Time from queue to submit : 0.009042ms
Time from submit to start : 0.001166ms
Time from start to end: 0.006667ms
 ushort4 data verified
CL_PROFILING_COMMAND_QUEUED: 1653674899678750 CL_PROFILING_COMMAND_SUBMIT: 1653674899685833 CL_PROFILING_COMMAND_START: 1653674899686416 CL_PROFILING_COMMAND_END: 1653674899693125 CL_DEVICE_PROFILING_TIMER_RESOLUTION: 1
Profiling info:
Time from queue to submit : 0.007083ms
Time from submit to start : 0.000583ms
Time from start to end: 0.006709ms
 ushort8 data verified
CL_PROFILING_COMMAND_QUEUED: 1653674903569541 CL_PROFILING_COMMAND_SUBMIT: 1653674903578708 CL_PROFILING_COMMAND_START: 1653674903579541 CL_PROFILING_COMMAND_END: 1653674903588833 CL_DEVICE_PROFILING_TIMER_RESOLUTION: 1
Profiling info:
Time from queue to submit : 0.009167ms
Time from submit to start : 0.000833ms
Time from start to end: 0.009292ms
 ushort16 data verified
CL_PROFILING_COMMAND_QUEUED: 1653674907935041 CL_PROFILING_COMMAND_SUBMIT: 1653674907942625 CL_PROFILING_COMMAND_START: 1653674907943333 CL_PROFILING_COMMAND_END: 1653674907960750 CL_DEVICE_PROFILING_TIMER_RESOLUTION: 1
Profiling info:
Time from queue to submit : 0.007584ms
Time from submit to start : 0.000708ms
Time from start to end: 0.017417ms
write_array_ushort passed
write_array_char...
 char1 data verified
CL_PROFILING_COMMAND_QUEUED: 1653674916775750 CL_PROFILING_COMMAND_SUBMIT: 1653674916792333 CL_PROFILING_COMMAND_START: 1653674916793708 CL_PROFILING_COMMAND_END: 1653674916802833 CL_DEVICE_PROFILING_TIMER_RESOLUTION: 1
Profiling info:
Time from queue to submit : 0.016583ms
Time from submit to start : 0.001375ms
Time from start to end: 0.009125ms
 char2 data verified
CL_PROFILING_COMMAND_QUEUED: 1653674920206958 CL_PROFILING_COMMAND_SUBMIT: 1653674920215041 CL_PROFILING_COMMAND_START: 1653674920215791 CL_PROFILING_COMMAND_END: 1653674920218875 CL_DEVICE_PROFILING_TIMER_RESOLUTION: 1
Profiling info:
Time from queue to submit : 0.008083ms
Time from submit to start : 0.000750ms
Time from start to end: 0.003084ms
 char4 data verified
CL_PROFILING_COMMAND_QUEUED: 1653674923370541 CL_PROFILING_COMMAND_SUBMIT: 1653674923377666 CL_PROFILING_COMMAND_START: 1653674923378416 CL_PROFILING_COMMAND_END: 1653674923382083 CL_DEVICE_PROFILING_TIMER_RESOLUTION: 1
Profiling info:
Time from queue to submit : 0.007125ms
Time from submit to start : 0.000750ms
Time from start to end: 0.003667ms
 char8 data verified
CL_PROFILING_COMMAND_QUEUED: 1653674926607500 CL_PROFILING_COMMAND_SUBMIT: 1653674926614666 CL_PROFILING_COMMAND_START: 1653674926615333 CL_PROFILING_COMMAND_END: 1653674926621041 CL_DEVICE_PROFILING_TIMER_RESOLUTION: 1
Profiling info:
Time from queue to submit : 0.007166ms
Time from submit to start : 0.000667ms
Time from start to end: 0.005708ms
 char16 data verified
CL_PROFILING_COMMAND_QUEUED: 1653674930308833 CL_PROFILING_COMMAND_SUBMIT: 1653674930315666 CL_PROFILING_COMMAND_START: 1653674930316333 CL_PROFILING_COMMAND_END: 1653674930338333 CL_DEVICE_PROFILING_TIMER_RESOLUTION: 1
Profiling info:
Time from queue to submit : 0.006833ms
Time from submit to start : 0.000667ms
Time from start to end: 0.022000ms
write_array_char passed
write_array_uchar...
 uchar1 data verified
CL_PROFILING_COMMAND_QUEUED: 1653674937449666 CL_PROFILING_COMMAND_SUBMIT: 1653674937463333 CL_PROFILING_COMMAND_START: 1653674937465750 CL_PROFILING_COMMAND_END: 1653674937469916 CL_DEVICE_PROFILING_TIMER_RESOLUTION: 1
Profiling info:
Time from queue to submit : 0.013667ms
Time from submit to start : 0.002417ms
Time from start to end: 0.004166ms
 uchar2 data verified
CL_PROFILING_COMMAND_QUEUED: 1653674940648833 CL_PROFILING_COMMAND_SUBMIT: 1653674940655958 CL_PROFILING_COMMAND_START: 1653674940656666 CL_PROFILING_COMMAND_END: 1653674940659958 CL_DEVICE_PROFILING_TIMER_RESOLUTION: 1
Profiling info:
Time from queue to submit : 0.007125ms
Time from submit to start : 0.000708ms
Time from start to end: 0.003292ms
 uchar4 data verified
CL_PROFILING_COMMAND_QUEUED: 1653674943659041 CL_PROFILING_COMMAND_SUBMIT: 1653674943665958 CL_PROFILING_COMMAND_START: 1653674943666833 CL_PROFILING_COMMAND_END: 1653674943671708 CL_DEVICE_PROFILING_TIMER_RESOLUTION: 1
Profiling info:
Time from queue to submit : 0.006917ms
Time from submit to start : 0.000875ms
Time from start to end: 0.004875ms
 uchar8 data verified
CL_PROFILING_COMMAND_QUEUED: 1653674946716708 CL_PROFILING_COMMAND_SUBMIT: 1653674946723458 CL_PROFILING_COMMAND_START: 1653674946724291 CL_PROFILING_COMMAND_END: 1653674946733333 CL_DEVICE_PROFILING_TIMER_RESOLUTION: 1
Profiling info:
Time from queue to submit : 0.006750ms
Time from submit to start : 0.000833ms
Time from start to end: 0.009042ms
 uchar16 data verified
CL_PROFILING_COMMAND_QUEUED: 1653674950604916 CL_PROFILING_COMMAND_SUBMIT: 1653674950613541 CL_PROFILING_COMMAND_START: 1653674950614791 CL_PROFILING_COMMAND_END: 1653674950632208 CL_DEVICE_PROFILING_TIMER_RESOLUTION: 1
Profiling info:
Time from queue to submit : 0.008625ms
Time from submit to start : 0.001250ms
Time from start to end: 0.017417ms
write_array_uchar passed
write_array_float...
 float1 data verified
CL_PROFILING_COMMAND_QUEUED: 1653674959829250 CL_PROFILING_COMMAND_SUBMIT: 1653674959841458 CL_PROFILING_COMMAND_START: 1653674959842958 CL_PROFILING_COMMAND_END: 1653674959848916 CL_DEVICE_PROFILING_TIMER_RESOLUTION: 1
Profiling info:
Time from queue to submit : 0.012208ms
Time from submit to start : 0.001500ms
Time from start to end: 0.005958ms
 float2 data verified
CL_PROFILING_COMMAND_QUEUED: 1653674963158083 CL_PROFILING_COMMAND_SUBMIT: 1653674963166375 CL_PROFILING_COMMAND_START: 1653674963167166 CL_PROFILING_COMMAND_END: 1653674963177416 CL_DEVICE_PROFILING_TIMER_RESOLUTION: 1
Profiling info:
Time from queue to submit : 0.008292ms
Time from submit to start : 0.000791ms
Time from start to end: 0.010250ms
 float4 data verified
CL_PROFILING_COMMAND_QUEUED: 1653674966231166 CL_PROFILING_COMMAND_SUBMIT: 1653674966239250 CL_PROFILING_COMMAND_START: 1653674966240291 CL_PROFILING_COMMAND_END: 1653674966257208 CL_DEVICE_PROFILING_TIMER_RESOLUTION: 1
Profiling info:
Time from queue to submit : 0.008084ms
Time from submit to start : 0.001041ms
Time from start to end: 0.016917ms
 float8 data verified
CL_PROFILING_COMMAND_QUEUED: 1653674970564500 CL_PROFILING_COMMAND_SUBMIT: 1653674970573208 CL_PROFILING_COMMAND_START: 1653674970574375 CL_PROFILING_COMMAND_END: 1653674970592500 CL_DEVICE_PROFILING_TIMER_RESOLUTION: 1
Profiling info:
Time from queue to submit : 0.008708ms
Time from submit to start : 0.001167ms
Time from start to end: 0.018125ms
 float16 data verified
CL_PROFILING_COMMAND_QUEUED: 1653674976051833 CL_PROFILING_COMMAND_SUBMIT: 1653674976061708 CL_PROFILING_COMMAND_START: 1653674976062833 CL_PROFILING_COMMAND_END: 1653674976097333 CL_DEVICE_PROFILING_TIMER_RESOLUTION: 1
Profiling info:
Time from queue to submit : 0.009875ms
Time from submit to start : 0.001125ms
Time from start to end: 0.034500ms
write_array_float passed
write_array_long...
 cl_long1 data verified
CL_PROFILING_COMMAND_QUEUED: 1653674991144041 CL_PROFILING_COMMAND_SUBMIT: 1653674991164458 CL_PROFILING_COMMAND_START: 1653674991167416 CL_PROFILING_COMMAND_END: 1653674991180458 CL_DEVICE_PROFILING_TIMER_RESOLUTION: 1
Profiling info:
Time from queue to submit : 0.020417ms
Time from submit to start : 0.002958ms
Time from start to end: 0.013042ms
 cl_long2 data verified
CL_PROFILING_COMMAND_QUEUED: 1653674994699250 CL_PROFILING_COMMAND_SUBMIT: 1653674994708083 CL_PROFILING_COMMAND_START: 1653674994709000 CL_PROFILING_COMMAND_END: 1653674994726583 CL_DEVICE_PROFILING_TIMER_RESOLUTION: 1
Profiling info:
Time from queue to submit : 0.008833ms
Time from submit to start : 0.000917ms
Time from start to end: 0.017583ms
 cl_long4 data verified
CL_PROFILING_COMMAND_QUEUED: 1653674998150708 CL_PROFILING_COMMAND_SUBMIT: 1653674998161916 CL_PROFILING_COMMAND_START: 1653674998163416 CL_PROFILING_COMMAND_END: 1653674998203625 CL_DEVICE_PROFILING_TIMER_RESOLUTION: 1
Profiling info:
Time from queue to submit : 0.011208ms
Time from submit to start : 0.001500ms
Time from start to end: 0.040209ms
 cl_long8 data verified
CL_PROFILING_COMMAND_QUEUED: 1653675001753875 CL_PROFILING_COMMAND_SUBMIT: 1653675001762375 CL_PROFILING_COMMAND_START: 1653675001763625 CL_PROFILING_COMMAND_END: 1653675001834125 CL_DEVICE_PROFILING_TIMER_RESOLUTION: 1
Profiling info:
Time from queue to submit : 0.008500ms
Time from submit to start : 0.001250ms
Time from start to end: 0.070500ms
 cl_long16 data verified
CL_PROFILING_COMMAND_QUEUED: 1653675006577666 CL_PROFILING_COMMAND_SUBMIT: 1653675006593416 CL_PROFILING_COMMAND_START: 1653675006594833 CL_PROFILING_COMMAND_END: 1653675006944625 CL_DEVICE_PROFILING_TIMER_RESOLUTION: 1
Profiling info:
Time from queue to submit : 0.015750ms
Time from submit to start : 0.001417ms
Time from start to end: 0.349792ms
write_array_long passed
write_array_ulong...
 ulong long1 data verified
CL_PROFILING_COMMAND_QUEUED: 1653675022586000 CL_PROFILING_COMMAND_SUBMIT: 1653675022617541 CL_PROFILING_COMMAND_START: 1653675022623583 CL_PROFILING_COMMAND_END: 1653675022643208 CL_DEVICE_PROFILING_TIMER_RESOLUTION: 1
Profiling info:
Time from queue to submit : 0.031541ms
Time from submit to start : 0.006042ms
Time from start to end: 0.019625ms
 ulong long2 data verified
CL_PROFILING_COMMAND_QUEUED: 1653675026421875 CL_PROFILING_COMMAND_SUBMIT: 1653675026437125 CL_PROFILING_COMMAND_START: 1653675026438791 CL_PROFILING_COMMAND_END: 1653675026466625 CL_DEVICE_PROFILING_TIMER_RESOLUTION: 1
Profiling info:
Time from queue to submit : 0.015250ms
Time from submit to start : 0.001666ms
Time from start to end: 0.027834ms
 ulong long4 data verified
CL_PROFILING_COMMAND_QUEUED: 1653675030165208 CL_PROFILING_COMMAND_SUBMIT: 1653675030175125 CL_PROFILING_COMMAND_START: 1653675030176583 CL_PROFILING_COMMAND_END: 1653675030230208 CL_DEVICE_PROFILING_TIMER_RESOLUTION: 1
Profiling info:
Time from queue to submit : 0.009917ms
Time from submit to start : 0.001458ms
Time from start to end: 0.053625ms
 ulong long8 data verified
CL_PROFILING_COMMAND_QUEUED: 1653675034736000 CL_PROFILING_COMMAND_SUBMIT: 1653675034746166 CL_PROFILING_COMMAND_START: 1653675034747333 CL_PROFILING_COMMAND_END: 1653675034851625 CL_DEVICE_PROFILING_TIMER_RESOLUTION: 1
Profiling info:
Time from queue to submit : 0.010166ms
Time from submit to start : 0.001167ms
Time from start to end: 0.104292ms
 ulong long16 data verified
CL_PROFILING_COMMAND_QUEUED: 1653675040181250 CL_PROFILING_COMMAND_SUBMIT: 1653675040210458 CL_PROFILING_COMMAND_START: 1653675040213125 CL_PROFILING_COMMAND_END: 1653675040280125 CL_DEVICE_PROFILING_TIMER_RESOLUTION: 1
Profiling info:
Time from queue to submit : 0.029208ms
Time from submit to start : 0.002667ms
Time from start to end: 0.067000ms
write_array_ulong passed
write_array_struct...
 struct1 data verified
CL_PROFILING_COMMAND_QUEUED: 1653675053934125 CL_PROFILING_COMMAND_SUBMIT: 1653675053947333 CL_PROFILING_COMMAND_START: 1653675053949958 CL_PROFILING_COMMAND_END: 1653675053961083 CL_DEVICE_PROFILING_TIMER_RESOLUTION: 1
Profiling info:
Time from queue to submit : 0.013208ms
Time from submit to start : 0.002625ms
Time from start to end: 0.011125ms
write_array_struct passed
read_image_float...
Image verified.
CL_PROFILING_COMMAND_QUEUED: 1653675060349666 CL_PROFILING_COMMAND_SUBMIT: 1653675060420166 CL_PROFILING_COMMAND_START: 1653675060421000 CL_PROFILING_COMMAND_END: 1653675060831041 CL_DEVICE_PROFILING_TIMER_RESOLUTION: 1
Profiling info:
Time from queue to submit : 0.070500ms
Time from submit to start : 0.000834ms
Time from start to end: 0.410041ms
read_image_float passed
read_image_char...
Image verified.
CL_PROFILING_COMMAND_QUEUED: 1653675066307958 CL_PROFILING_COMMAND_SUBMIT: 1653675066389625 CL_PROFILING_COMMAND_START: 1653675066390375 CL_PROFILING_COMMAND_END: 1653675066812375 CL_DEVICE_PROFILING_TIMER_RESOLUTION: 1
Profiling info:
Time from queue to submit : 0.081667ms
Time from submit to start : 0.000750ms
Time from start to end: 0.422000ms
read_image_char passed
read_image_uchar...
Image verified.
CL_PROFILING_COMMAND_QUEUED: 1653675070936708 CL_PROFILING_COMMAND_SUBMIT: 1653675071023000 CL_PROFILING_COMMAND_START: 1653675071023875 CL_PROFILING_COMMAND_END: 1653675071427333 CL_DEVICE_PROFILING_TIMER_RESOLUTION: 1
Profiling info:
Time from queue to submit : 0.086292ms
Time from submit to start : 0.000875ms
Time from start to end: 0.403458ms
read_image_uchar passed
write_image_float...
Image verified.
CL_PROFILING_COMMAND_QUEUED: 1653675071767875 CL_PROFILING_COMMAND_SUBMIT: 1653675071782583 CL_PROFILING_COMMAND_START: 1653675071784833 CL_PROFILING_COMMAND_END: 1653675071818250 CL_DEVICE_PROFILING_TIMER_RESOLUTION: 1
Profiling info:
Time from queue to submit : 0.014708ms
Time from submit to start : 0.002250ms
Time from start to end: 0.033417ms
write_image_float passed
write_image_char...
Image verified.
CL_PROFILING_COMMAND_QUEUED: 1653675076162625 CL_PROFILING_COMMAND_SUBMIT: 1653675076169791 CL_PROFILING_COMMAND_START: 1653675076171083 CL_PROFILING_COMMAND_END: 1653675076187916 CL_DEVICE_PROFILING_TIMER_RESOLUTION: 1
Profiling info:
Time from queue to submit : 0.007166ms
Time from submit to start : 0.001292ms
Time from start to end: 0.016833ms
write_image_char passed
write_image_uchar...
Image verified.
CL_PROFILING_COMMAND_QUEUED: 1653675081669708 CL_PROFILING_COMMAND_SUBMIT: 1653675081679875 CL_PROFILING_COMMAND_START: 1653675081681375 CL_PROFILING_COMMAND_END: 1653675081696291 CL_DEVICE_PROFILING_TIMER_RESOLUTION: 1
Profiling info:
Time from queue to submit : 0.010167ms
Time from submit to start : 0.001500ms
Time from start to end: 0.014916ms
write_image_uchar passed
copy_array...
set size: 16384: test passed
CL_PROFILING_COMMAND_QUEUED: 1653675087014833 CL_PROFILING_COMMAND_SUBMIT: 1653675087026666 CL_PROFILING_COMMAND_START: 1653675087028000 CL_PROFILING_COMMAND_END: 1653675087059208 CL_DEVICE_PROFILING_TIMER_RESOLUTION: 1
Profiling info:
Time from queue to submit : 0.011833ms
Time from submit to start : 0.001334ms
Time from start to end: 0.031208ms
random size: 116053: test passed
CL_PROFILING_COMMAND_QUEUED: 1653675090184375 CL_PROFILING_COMMAND_SUBMIT: 1653675090199125 CL_PROFILING_COMMAND_START: 1653675090200666 CL_PROFILING_COMMAND_END: 1653675090206500 CL_DEVICE_PROFILING_TIMER_RESOLUTION: 1
Profiling info:
Time from queue to submit : 0.014750ms
Time from submit to start : 0.001541ms
Time from start to end: 0.005834ms
random size: 1777: test passed
CL_PROFILING_COMMAND_QUEUED: 1653675091297083 CL_PROFILING_COMMAND_SUBMIT: 1653675091309500 CL_PROFILING_COMMAND_START: 1653675091311041 CL_PROFILING_COMMAND_END: 1653675091315083 CL_DEVICE_PROFILING_TIMER_RESOLUTION: 1
Profiling info:
Time from queue to submit : 0.012417ms
Time from submit to start : 0.001541ms
Time from start to end: 0.004042ms
random size: 98652: test passed
CL_PROFILING_COMMAND_QUEUED: 1653675093688250 CL_PROFILING_COMMAND_SUBMIT: 1653675093700958 CL_PROFILING_COMMAND_START: 1653675093702541 CL_PROFILING_COMMAND_END: 1653675093706250 CL_DEVICE_PROFILING_TIMER_RESOLUTION: 1
Profiling info:
Time from queue to submit : 0.012708ms
Time from submit to start : 0.001583ms
Time from start to end: 0.003709ms
random size: 81425: test passed
CL_PROFILING_COMMAND_QUEUED: 1653675096251000 CL_PROFILING_COMMAND_SUBMIT: 1653675096263541 CL_PROFILING_COMMAND_START: 1653675096265000 CL_PROFILING_COMMAND_END: 1653675096268958 CL_DEVICE_PROFILING_TIMER_RESOLUTION: 1
Profiling info:
Time from queue to submit : 0.012541ms
Time from submit to start : 0.001459ms
Time from start to end: 0.003958ms
random size: 32422: test passed
CL_PROFILING_COMMAND_QUEUED: 1653675097707375 CL_PROFILING_COMMAND_SUBMIT: 1653675097719625 CL_PROFILING_COMMAND_START: 1653675097721166 CL_PROFILING_COMMAND_END: 1653675097725208 CL_DEVICE_PROFILING_TIMER_RESOLUTION: 1
Profiling info:
Time from queue to submit : 0.012250ms
Time from submit to start : 0.001541ms
Time from start to end: 0.004042ms
random size: 117235: test passed
CL_PROFILING_COMMAND_QUEUED: 1653675100627625 CL_PROFILING_COMMAND_SUBMIT: 1653675100642041 CL_PROFILING_COMMAND_START: 1653675100643583 CL_PROFILING_COMMAND_END: 1653675100647708 CL_DEVICE_PROFILING_TIMER_RESOLUTION: 1
Profiling info:
Time from queue to submit : 0.014416ms
Time from submit to start : 0.001542ms
Time from start to end: 0.004125ms
random size: 34227: test passed
CL_PROFILING_COMMAND_QUEUED: 1653675102545375 CL_PROFILING_COMMAND_SUBMIT: 1653675102560541 CL_PROFILING_COMMAND_START: 1653675102562041 CL_PROFILING_COMMAND_END: 1653675102566041 CL_DEVICE_PROFILING_TIMER_RESOLUTION: 1
Profiling info:
Time from queue to submit : 0.015166ms
Time from submit to start : 0.001500ms
Time from start to end: 0.004000ms
random size: 92484: test passed
CL_PROFILING_COMMAND_QUEUED: 1653675104975500 CL_PROFILING_COMMAND_SUBMIT: 1653675104991083 CL_PROFILING_COMMAND_START: 1653675104993041 CL_PROFILING_COMMAND_END: 1653675104996958 CL_DEVICE_PROFILING_TIMER_RESOLUTION: 1
Profiling info:
Time from queue to submit : 0.015583ms
Time from submit to start : 0.001958ms
Time from start to end: 0.003917ms
copy_array passed
copy_partial_array...
random partial copy from 8987 to 8579, size: 4388: test passed
CL_PROFILING_COMMAND_QUEUED: 1653675106304416 CL_PROFILING_COMMAND_SUBMIT: 1653675106312583 CL_PROFILING_COMMAND_START: 1653675106313625 CL_PROFILING_COMMAND_END: 1653675106316750 CL_DEVICE_PROFILING_TIMER_RESOLUTION: 1
Profiling info:
Time from queue to submit : 0.008167ms
Time from submit to start : 0.001042ms
Time from start to end: 0.003125ms
random partial copy from 4793 to 1409, size: 6070: test passed
CL_PROFILING_COMMAND_QUEUED: 1653675106814291 CL_PROFILING_COMMAND_SUBMIT: 1653675106820041 CL_PROFILING_COMMAND_START: 1653675106820791 CL_PROFILING_COMMAND_END: 1653675106822750 CL_DEVICE_PROFILING_TIMER_RESOLUTION: 1
Profiling info:
Time from queue to submit : 0.005750ms
Time from submit to start : 0.000750ms
Time from start to end: 0.001959ms
random partial copy from 7625 to 4469, size: 5299: test passed
CL_PROFILING_COMMAND_QUEUED: 1653675107350708 CL_PROFILING_COMMAND_SUBMIT: 1653675107358083 CL_PROFILING_COMMAND_START: 1653675107359000 CL_PROFILING_COMMAND_END: 1653675107361291 CL_DEVICE_PROFILING_TIMER_RESOLUTION: 1
Profiling info:
Time from queue to submit : 0.007375ms
Time from submit to start : 0.000917ms
Time from start to end: 0.002291ms
random partial copy from 9343 to 11682, size: 4236: test passed
CL_PROFILING_COMMAND_QUEUED: 1653675107831125 CL_PROFILING_COMMAND_SUBMIT: 1653675107836875 CL_PROFILING_COMMAND_START: 1653675107837625 CL_PROFILING_COMMAND_END: 1653675107839416 CL_DEVICE_PROFILING_TIMER_RESOLUTION: 1
Profiling info:
Time from queue to submit : 0.005750ms
Time from submit to start : 0.000750ms
Time from start to end: 0.001791ms
random partial copy from 13012 to 7623, size: 586: test passed
CL_PROFILING_COMMAND_QUEUED: 1653675108368875 CL_PROFILING_COMMAND_SUBMIT: 1653675108376125 CL_PROFILING_COMMAND_START: 1653675108377000 CL_PROFILING_COMMAND_END: 1653675108383333 CL_DEVICE_PROFILING_TIMER_RESOLUTION: 1
Profiling info:
Time from queue to submit : 0.007250ms
Time from submit to start : 0.000875ms
Time from start to end: 0.006333ms
random partial copy from 12394 to 5728, size: 3403: test passed
CL_PROFILING_COMMAND_QUEUED: 1653675108865875 CL_PROFILING_COMMAND_SUBMIT: 1653675108873125 CL_PROFILING_COMMAND_START: 1653675108874041 CL_PROFILING_COMMAND_END: 1653675108876708 CL_DEVICE_PROFILING_TIMER_RESOLUTION: 1
Profiling info:
Time from queue to submit : 0.007250ms
Time from submit to start : 0.000916ms
Time from start to end: 0.002667ms
random partial copy from 14847 to 13628, size: 1379: test passed
CL_PROFILING_COMMAND_QUEUED: 1653675109424916 CL_PROFILING_COMMAND_SUBMIT: 1653675109433916 CL_PROFILING_COMMAND_START: 1653675109435000 CL_PROFILING_COMMAND_END: 1653675109437875 CL_DEVICE_PROFILING_TIMER_RESOLUTION: 1
Profiling info:
Time from queue to submit : 0.009000ms
Time from submit to start : 0.001084ms
Time from start to end: 0.002875ms
random partial copy from 10272 to 15453, size: 795: test passed
CL_PROFILING_COMMAND_QUEUED: 1653675110094708 CL_PROFILING_COMMAND_SUBMIT: 1653675110103583 CL_PROFILING_COMMAND_START: 1653675110104666 CL_PROFILING_COMMAND_END: 1653675110107375 CL_DEVICE_PROFILING_TIMER_RESOLUTION: 1
Profiling info:
Time from queue to submit : 0.008875ms
Time from submit to start : 0.001083ms
Time from start to end: 0.002709ms
copy_partial_array passed
copy_image...
Image verified.
CL_PROFILING_COMMAND_QUEUED: 1653675116183208 CL_PROFILING_COMMAND_SUBMIT: 1653675116254250 CL_PROFILING_COMMAND_START: 1653675116255166 CL_PROFILING_COMMAND_END: 1653675116784041 CL_DEVICE_PROFILING_TIMER_RESOLUTION: 1
Profiling info:
Time from queue to submit : 0.071042ms
Time from submit to start : 0.000916ms
Time from start to end: 0.528875ms
testing copy image, full size
Image verified.
CL_PROFILING_COMMAND_QUEUED: 1653675123132166 CL_PROFILING_COMMAND_SUBMIT: 1653675123198041 CL_PROFILING_COMMAND_START: 1653675123198708 CL_PROFILING_COMMAND_END: 1653675123444500 CL_DEVICE_PROFILING_TIMER_RESOLUTION: 1
Profiling info:
Time from queue to submit : 0.065875ms
Time from submit to start : 0.000667ms
Time from start to end: 0.245792ms
test copy of subimage size 0,0  0,0  16 x 16
Image verified.
CL_PROFILING_COMMAND_QUEUED: 1653675131514166 CL_PROFILING_COMMAND_SUBMIT: 1653675131685083 CL_PROFILING_COMMAND_START: 1653675131685666 CL_PROFILING_COMMAND_END: 1653675131694125 CL_DEVICE_PROFILING_TIMER_RESOLUTION: 1
Profiling info:
Time from queue to submit : 0.170917ms
Time from submit to start : 0.000583ms
Time from start to end: 0.008459ms
test copy of subimage size 8,8  32,32  16 x 16
Image verified.
CL_PROFILING_COMMAND_QUEUED: 1653675138544875 CL_PROFILING_COMMAND_SUBMIT: 1653675138674250 CL_PROFILING_COMMAND_START: 1653675138674916 CL_PROFILING_COMMAND_END: 1653675138684416 CL_DEVICE_PROFILING_TIMER_RESOLUTION: 1
Profiling info:
Time from queue to submit : 0.129375ms
Time from submit to start : 0.000666ms
Time from start to end: 0.009500ms
test copy of subimage size 205,98  120,92  34 x 105
Image verified.
CL_PROFILING_COMMAND_QUEUED: 1653675143340208 CL_PROFILING_COMMAND_SUBMIT: 1653675143428083 CL_PROFILING_COMMAND_START: 1653675143428708 CL_PROFILING_COMMAND_END: 1653675143435791 CL_DEVICE_PROFILING_TIMER_RESOLUTION: 1
Profiling info:
Time from queue to submit : 0.087875ms
Time from submit to start : 0.000625ms
Time from start to end: 0.007083ms
test copy of subimage size 131,41  94,78  40 x 163
Image verified.
CL_PROFILING_COMMAND_QUEUED: 1653675148014041 CL_PROFILING_COMMAND_SUBMIT: 1653675148087500 CL_PROFILING_COMMAND_START: 1653675148088041 CL_PROFILING_COMMAND_END: 1653675148095500 CL_DEVICE_PROFILING_TIMER_RESOLUTION: 1
Profiling info:
Time from queue to submit : 0.073459ms
Time from submit to start : 0.000541ms
Time from start to end: 0.007459ms
test copy of subimage size 125,2  8,56  14 x 166
Image verified.
CL_PROFILING_COMMAND_QUEUED: 1653675152938791 CL_PROFILING_COMMAND_SUBMIT: 1653675153026750 CL_PROFILING_COMMAND_START: 1653675153027291 CL_PROFILING_COMMAND_END: 1653675153035041 CL_DEVICE_PROFILING_TIMER_RESOLUTION: 1
Profiling info:
Time from queue to submit : 0.087959ms
Time from submit to start : 0.000541ms
Time from start to end: 0.007750ms
test copy of subimage size 53,72  132,105  77 x 83
Image verified.
CL_PROFILING_COMMAND_QUEUED: 1653675157628250 CL_PROFILING_COMMAND_SUBMIT: 1653675157711583 CL_PROFILING_COMMAND_START: 1653675157712166 CL_PROFILING_COMMAND_END: 1653675157719500 CL_DEVICE_PROFILING_TIMER_RESOLUTION: 1
Profiling info:
Time from queue to submit : 0.083333ms
Time from submit to start : 0.000583ms
Time from start to end: 0.007334ms
test copy of subimage size 244,116  85,26  9 x 58
Image verified.
CL_PROFILING_COMMAND_QUEUED: 1653675162175000 CL_PROFILING_COMMAND_SUBMIT: 1653675162245166 CL_PROFILING_COMMAND_START: 1653675162245708 CL_PROFILING_COMMAND_END: 1653675162253000 CL_DEVICE_PROFILING_TIMER_RESOLUTION: 1
Profiling info:
Time from queue to submit : 0.070166ms
Time from submit to start : 0.000542ms
Time from start to end: 0.007292ms
test copy of subimage size 107,177  43,164  104 x 48
Image verified.
CL_PROFILING_COMMAND_QUEUED: 1653675166782750 CL_PROFILING_COMMAND_SUBMIT: 1653675166867458 CL_PROFILING_COMMAND_START: 1653675166868041 CL_PROFILING_COMMAND_END: 1653675166875541 CL_DEVICE_PROFILING_TIMER_RESOLUTION: 1
Profiling info:
Time from queue to submit : 0.084708ms
Time from submit to start : 0.000583ms
Time from start to end: 0.007500ms
test copy of subimage size 195,158  63,51  56 x 52
Image verified.
CL_PROFILING_COMMAND_QUEUED: 1653675171462000 CL_PROFILING_COMMAND_SUBMIT: 1653675171551958 CL_PROFILING_COMMAND_START: 1653675171552500 CL_PROFILING_COMMAND_END: 1653675171560416 CL_DEVICE_PROFILING_TIMER_RESOLUTION: 1
Profiling info:
Time from queue to submit : 0.089958ms
Time from submit to start : 0.000542ms
Time from start to end: 0.007916ms
test copy of subimage size 69,114  56,217  160 x 32
Image verified.
CL_PROFILING_COMMAND_QUEUED: 1653675176913083 CL_PROFILING_COMMAND_SUBMIT: 1653675177030333 CL_PROFILING_COMMAND_START: 1653675177031208 CL_PROFILING_COMMAND_END: 1653675177040958 CL_DEVICE_PROFILING_TIMER_RESOLUTION: 1
Profiling info:
Time from queue to submit : 0.117250ms
Time from submit to start : 0.000875ms
Time from start to end: 0.009750ms
test copy of subimage size 184,179  169,91  35 x 15
Image verified.
CL_PROFILING_COMMAND_QUEUED: 1653675183562000 CL_PROFILING_COMMAND_SUBMIT: 1653675183634458 CL_PROFILING_COMMAND_START: 1653675183635333 CL_PROFILING_COMMAND_END: 1653675183642166 CL_DEVICE_PROFILING_TIMER_RESOLUTION: 1
Profiling info:
Time from queue to submit : 0.072458ms
Time from submit to start : 0.000875ms
Time from start to end: 0.006833ms
test copy of subimage size 29,72  16,13  65 x 78
Image verified.
CL_PROFILING_COMMAND_QUEUED: 1653675190145458 CL_PROFILING_COMMAND_SUBMIT: 1653675190228791 CL_PROFILING_COMMAND_START: 1653675190229666 CL_PROFILING_COMMAND_END: 1653675190237541 CL_DEVICE_PROFILING_TIMER_RESOLUTION: 1
Profiling info:
Time from queue to submit : 0.083333ms
Time from submit to start : 0.000875ms
Time from start to end: 0.007875ms
test copy of subimage size 20,40  150,18  48 x 181
Image verified.
CL_PROFILING_COMMAND_QUEUED: 1653675197551583 CL_PROFILING_COMMAND_SUBMIT: 1653675197644041 CL_PROFILING_COMMAND_START: 1653675197645250 CL_PROFILING_COMMAND_END: 1653675197653583 CL_DEVICE_PROFILING_TIMER_RESOLUTION: 1
Profiling info:
Time from queue to submit : 0.092458ms
Time from submit to start : 0.001209ms
Time from start to end: 0.008333ms
test copy of subimage size 164,136  117,152  71 x 8
Image verified.
CL_PROFILING_COMMAND_QUEUED: 1653675205455666 CL_PROFILING_COMMAND_SUBMIT: 1653675205555000 CL_PROFILING_COMMAND_START: 1653675205556166 CL_PROFILING_COMMAND_END: 1653675205565041 CL_DEVICE_PROFILING_TIMER_RESOLUTION: 1
Profiling info:
Time from queue to submit : 0.099334ms
Time from submit to start : 0.001166ms
Time from start to end: 0.008875ms
test copy of subimage size 168,58  185,66  24 x 185
Image verified.
CL_PROFILING_COMMAND_QUEUED: 1653675213115625 CL_PROFILING_COMMAND_SUBMIT: 1653675213210291 CL_PROFILING_COMMAND_START: 1653675213211500 CL_PROFILING_COMMAND_END: 1653675213220458 CL_DEVICE_PROFILING_TIMER_RESOLUTION: 1
Profiling info:
Time from queue to submit : 0.094666ms
Time from submit to start : 0.001209ms
Time from start to end: 0.008958ms
test copy of subimage size 11,51  140,29  34 x 53
Image verified.
CL_PROFILING_COMMAND_QUEUED: 1653675221409166 CL_PROFILING_COMMAND_SUBMIT: 1653675221517916 CL_PROFILING_COMMAND_START: 1653675221519125 CL_PROFILING_COMMAND_END: 1653675221528208 CL_DEVICE_PROFILING_TIMER_RESOLUTION: 1
Profiling info:
Time from queue to submit : 0.108750ms
Time from submit to start : 0.001209ms
Time from start to end: 0.009083ms
test copy of subimage size 217,72  196,35  33 x 30
Image verified.
CL_PROFILING_COMMAND_QUEUED: 1653675229406375 CL_PROFILING_COMMAND_SUBMIT: 1653675229505208 CL_PROFILING_COMMAND_START: 1653675229506458 CL_PROFILING_COMMAND_END: 1653675229514875 CL_DEVICE_PROFILING_TIMER_RESOLUTION: 1
Profiling info:
Time from queue to submit : 0.098833ms
Time from submit to start : 0.001250ms
Time from start to end: 0.008417ms
test copy of subimage size 91,109  37,204  98 x 14
copy_image passed
copy_array_to_image...
 test passed: copy_array_to_image passed
execute...
CL_PROFILING_COMMAND_QUEUED: 1653675243711083 CL_PROFILING_COMMAND_SUBMIT: 1653675243728250 CL_PROFILING_COMMAND_START: 1653675243731083 CL_PROFILING_COMMAND_END: 1653675243821500 CL_DEVICE_PROFILING_TIMER_RESOLUTION: 1
Profiling info:
Time from queue to submit : 0.017167ms
Time from submit to start : 0.002833ms
Time from start to end: 0.090417ms
execute passed
execute_multipass...
Profiling info:
Time from queue to start of clEnqueueNDRangeKernel: 0.000000 seconds
Time from start of clEnqueueNDRangeKernel to end: 0.000000 seconds
execute_multipass passed
profiling_timebase...
profiling_timebase passed
PASSED 33 of 33 tests.
