 Initializing random seed to 0.
Requesting Default device based on command line for platform index 0 and device index 0
Compute Device Name = Apple M1 (G13G B1), Compute Device Vendor = Apple, Compute Device Version = OpenCL 3.1 , CL C Version = OpenCL C 1.2 
Device latest conformance version passed: v2026-03-25-00
Supports single precision denormals: NO
sizeof( void*) = 8  (host)
sizeof( void*) = 8  (device)
computeinfo...

clGetPlatformInfo:
------------------
	CL_PLATFORM_VERSION == "OpenCL 3.1 "
	CL_PLATFORM_PROFILE == "FULL_PROFILE"
	CL_PLATFORM_NAME == "rusticl"
	CL_PLATFORM_VENDOR == "Mesa/X.org"
	CL_PLATFORM_EXTENSIONS == "cl_khr_icd cl_khr_byte_addressable_store cl_khr_create_command_queue cl_khr_expect_assume cl_khr_extended_bit_ops cl_khr_extended_versioning cl_khr_global_int32_base_atomics cl_khr_global_int32_extended_atomics cl_khr_il_program cl_khr_local_int32_base_atomics cl_khr_local_int32_extended_atomics cl_khr_integer_dot_product cl_khr_spirv_no_integer_wrap_decoration cl_khr_spirv_queries cl_khr_suggested_local_work_size cl_ext_immutable_memory_objects cl_khr_spirv_linkonce_odr cl_khr_fp16 cl_khr_3d_image_writes cl_khr_depth_images cl_ext_image_unorm_int_2_101010 cl_khr_priority_hints cl_khr_device_uuid cl_khr_subgroup_extended_types cl_khr_subgroup_ballot cl_khr_subgroup_clustered_reduce cl_khr_subgroup_non_uniform_arithmetic cl_khr_subgroup_non_uniform_vote cl_khr_subgroup_rotate cl_khr_subgroup_shuffle cl_khr_subgroup_shuffle_relative"
	CL_PLATFORM_EXTENSIONS_WITH_VERSION supported name and version:
		"cl_khr_icd" 2.0.0
		"cl_khr_byte_addressable_store" 1.0.0
		"cl_khr_create_command_queue" 1.0.0
		"cl_khr_expect_assume" 1.0.0
		"cl_khr_extended_bit_ops" 1.0.0
		"cl_khr_extended_versioning" 1.0.0
		"cl_khr_global_int32_base_atomics" 1.0.0
		"cl_khr_global_int32_extended_atomics" 1.0.0
		"cl_khr_il_program" 1.0.0
		"cl_khr_local_int32_base_atomics" 1.0.0
		"cl_khr_local_int32_extended_atomics" 1.0.0
		"cl_khr_integer_dot_product" 2.0.0
		"cl_khr_spirv_no_integer_wrap_decoration" 1.0.0
		"cl_khr_spirv_queries" 1.0.0
		"cl_khr_suggested_local_work_size" 1.0.0
		"cl_ext_immutable_memory_objects" 1.0.0
		"cl_khr_spirv_linkonce_odr" 1.0.0
		"cl_khr_fp16" 1.0.0
		"cl_khr_3d_image_writes" 1.0.0
		"cl_khr_depth_images" 1.0.0
		"cl_ext_image_unorm_int_2_101010" 1.0.0
		"cl_khr_priority_hints" 1.0.0
		"cl_khr_device_uuid" 1.0.0
		"cl_khr_subgroup_extended_types" 1.0.0
		"cl_khr_subgroup_ballot" 1.0.0
		"cl_khr_subgroup_clustered_reduce" 1.0.0
		"cl_khr_subgroup_non_uniform_arithmetic" 1.0.0
		"cl_khr_subgroup_non_uniform_vote" 1.0.0
		"cl_khr_subgroup_rotate" 1.0.0
		"cl_khr_subgroup_shuffle" 1.0.0
		"cl_khr_subgroup_shuffle_relative" 1.0.0
	CL_PLATFORM_NUMERIC_VERSION == 3.1.0

Getting device IDs for CL_DEVICE_TYPE_DEFAULT devices
Found 1 CL_DEVICE_TYPE_DEFAULT devices:
CL_DEVICE_TYPE_DEFAULT Device 1 of 1 Info:
	CL_DEVICE_VERSION == "OpenCL 3.1 "
	CL_DEVICE_EXTENSIONS == "cl_khr_byte_addressable_store cl_khr_create_command_queue cl_khr_expect_assume cl_khr_extended_bit_ops cl_khr_extended_versioning cl_khr_global_int32_base_atomics cl_khr_global_int32_extended_atomics cl_khr_il_program cl_khr_local_int32_base_atomics cl_khr_local_int32_extended_atomics cl_khr_integer_dot_product cl_khr_spirv_no_integer_wrap_decoration cl_khr_spirv_queries cl_khr_suggested_local_work_size cl_ext_immutable_memory_objects cl_khr_spirv_linkonce_odr cl_khr_fp16 cl_khr_3d_image_writes cl_khr_depth_images cl_ext_image_unorm_int_2_101010 cl_khr_priority_hints cl_khr_device_uuid cl_khr_subgroup_extended_types cl_khr_subgroup_ballot cl_khr_subgroup_clustered_reduce cl_khr_subgroup_non_uniform_arithmetic cl_khr_subgroup_non_uniform_vote cl_khr_subgroup_rotate cl_khr_subgroup_shuffle cl_khr_subgroup_shuffle_relative"
	CL_DEVICE_TYPE == |CL_DEVICE_TYPE_GPU||
	CL_DEVICE_VENDOR_ID == 0
	CL_DEVICE_MAX_COMPUTE_UNITS == 8
	CL_DEVICE_MAX_WORK_ITEM_DIMENSIONS == 3
	CL_DEVICE_MAX_WORK_ITEM_SIZES == 1024 1024 1024
	CL_DEVICE_MAX_WORK_GROUP_SIZE == 1024
	CL_DEVICE_PREFERRED_VECTOR_WIDTH_CHAR == 1
	CL_DEVICE_PREFERRED_VECTOR_WIDTH_SHORT == 1
	CL_DEVICE_PREFERRED_VECTOR_WIDTH_INT == 1
	CL_DEVICE_PREFERRED_VECTOR_WIDTH_LONG == 1
	CL_DEVICE_PREFERRED_VECTOR_WIDTH_FLOAT == 1
	CL_DEVICE_PREFERRED_VECTOR_WIDTH_DOUBLE == 0
	CL_DEVICE_PREFERRED_VECTOR_WIDTH_HALF == 1
	CL_DEVICE_NATIVE_VECTOR_WIDTH_CHAR == 1
	CL_DEVICE_NATIVE_VECTOR_WIDTH_SHORT == 1
	CL_DEVICE_NATIVE_VECTOR_WIDTH_INT == 1
	CL_DEVICE_NATIVE_VECTOR_WIDTH_LONG == 1
	CL_DEVICE_NATIVE_VECTOR_WIDTH_FLOAT == 1
	CL_DEVICE_NATIVE_VECTOR_WIDTH_DOUBLE == 0
	CL_DEVICE_NATIVE_VECTOR_WIDTH_HALF == 1
	CL_DEVICE_MAX_CLOCK_FREQUENCY == 1278
	CL_DEVICE_ADDRESS_BITS == 64
	CL_DEVICE_MAX_READ_IMAGE_ARGS == 128
	CL_DEVICE_MAX_WRITE_IMAGE_ARGS == 64
	CL_DEVICE_MAX_READ_WRITE_IMAGE_ARGS == 64
	CL_DEVICE_MAX_MEM_ALLOC_SIZE == 2147483647
	CL_DEVICE_IMAGE2D_MAX_WIDTH == 16384
	CL_DEVICE_IMAGE2D_MAX_HEIGHT == 16384
	CL_DEVICE_IMAGE3D_MAX_WIDTH == 2048
	CL_DEVICE_IMAGE3D_MAX_HEIGHT == 2048
	CL_DEVICE_IMAGE3D_MAX_DEPTH == 2048
	CL_DEVICE_IMAGE_MAX_ARRAY_SIZE == 2048
	CL_DEVICE_IMAGE_MAX_BUFFER_SIZE == 134217727
	CL_DEVICE_IMAGE_SUPPORT == 1
	CL_DEVICE_MAX_PARAMETER_SIZE == 4096
	CL_DEVICE_MAX_SAMPLERS == 16
	CL_DEVICE_IMAGE_PITCH_ALIGNMENT == 0
	CL_DEVICE_IMAGE_BASE_ADDRESS_ALIGNMENT == 0
	CL_DEVICE_MEM_BASE_ADDR_ALIGN == 1024
	CL_DEVICE_HALF_FP_CONFIG == |CL_FP_INF_NAN|CL_FP_ROUND_TO_NEAREST||||
	CL_DEVICE_SINGLE_FP_CONFIG == |CL_FP_INF_NAN|CL_FP_ROUND_TO_NEAREST||||
	CL_DEVICE_DOUBLE_FP_CONFIG == ||||||
	CL_DEVICE_GLOBAL_MEM_CACHE_TYPE == CL_NONE
	CL_DEVICE_GLOBAL_MEM_CACHELINE_SIZE == 0
	CL_DEVICE_GLOBAL_MEM_CACHE_SIZE == 0
	CL_DEVICE_GLOBAL_MEM_SIZE == 16237199360
	CL_DEVICE_MAX_CONSTANT_BUFFER_SIZE == 67108864
	CL_DEVICE_MAX_CONSTANT_ARGS == 16
	CL_DEVICE_LOCAL_MEM_TYPE == CL_GLOBAL
	CL_DEVICE_LOCAL_MEM_SIZE == 32768
	CL_DEVICE_ERROR_CORRECTION_SUPPORT == 0
	CL_DEVICE_HOST_UNIFIED_MEMORY == 1
	CL_DEVICE_PROFILING_TIMER_RESOLUTION == 1
	CL_DEVICE_ENDIAN_LITTLE == 1
	CL_DEVICE_AVAILABLE == 1
	CL_DEVICE_COMPILER_AVAILABLE == 1
	CL_DEVICE_LINKER_AVAILABLE == 1
	CL_DEVICE_BUILT_IN_KERNELS == ""
	CL_DEVICE_PRINTF_BUFFER_SIZE == 1048576
	CL_DEVICE_PREFERRED_INTEROP_USER_SYNC == 1
	CL_DEVICE_PARENT_DEVICE == 0
	CL_DEVICE_PARTITION_MAX_SUB_DEVICES == 0
	CL_DEVICE_PARTITION_AFFINITY_DOMAIN == |||||
	CL_DEVICE_REFERENCE_COUNT == 1
	CL_DEVICE_EXECUTION_CAPABILITIES == CL_EXEC_KERNEL|
	CL_DEVICE_QUEUE_ON_HOST_PROPERTIES == CL_QUEUE_OUT_OF_ORDER_EXEC_MODE_ENABLE|CL_QUEUE_PROFILING_ENABLE
	CL_DEVICE_NAME == "Apple M1 (G13G B1)"
	CL_DEVICE_VENDOR == "Apple"
	CL_DRIVER_VERSION == "26.3.0-devel (git-817bbf4718)"
	CL_DEVICE_PROFILE == "FULL_PROFILE"
	CL_DEVICE_OPENCL_C_VERSION == "OpenCL C 1.2 "
	CL_DEVICE_MAX_PIPE_ARGS == 0
	CL_DEVICE_PIPE_MAX_ACTIVE_RESERVATIONS == 0
	CL_DEVICE_PIPE_MAX_PACKET_SIZE == 0
	CL_DEVICE_MAX_GLOBAL_VARIABLE_SIZE == 0
	CL_DEVICE_GLOBAL_VARIABLE_PREFERRED_TOTAL_SIZE == 0
	CL_DEVICE_QUEUE_ON_HOST_PROPERTIES == CL_QUEUE_OUT_OF_ORDER_EXEC_MODE_ENABLE|CL_QUEUE_PROFILING_ENABLE
	CL_DEVICE_QUEUE_ON_DEVICE_PROPERTIES == |
	CL_DEVICE_QUEUE_ON_DEVICE_PREFERRED_SIZE == 0
	CL_DEVICE_QUEUE_ON_DEVICE_MAX_SIZE == 0
	CL_DEVICE_MAX_ON_DEVICE_QUEUES == 0
	CL_DEVICE_MAX_ON_DEVICE_EVENTS == 0
	CL_DEVICE_PREFERRED_PLATFORM_ATOMIC_ALIGNMENT == 0
	CL_DEVICE_PREFERRED_GLOBAL_ATOMIC_ALIGNMENT == 0
	CL_DEVICE_PREFERRED_LOCAL_ATOMIC_ALIGNMENT == 0
	CL_DEVICE_SVM_CAPABILITIES == |||
	CL_DEVICE_IL_VERSION == "SPIR-V_1.0 SPIR-V_1.1 SPIR-V_1.2 SPIR-V_1.3 SPIR-V_1.4 SPIR-V_1.5 SPIR-V_1.6"
	CL_DEVICE_MAX_NUM_SUB_GROUPS == 32
	CL_DEVICE_SUB_GROUP_INDEPENDENT_FORWARD_PROGRESS == 0
	CL_DEVICE_ATOMIC_MEMORY_CAPABILITIES == CL_DEVICE_ATOMIC_ORDER_RELAXED||||CL_DEVICE_ATOMIC_SCOPE_WORK_GROUP||
	CL_DEVICE_ATOMIC_FENCE_CAPABILITIES == CL_DEVICE_ATOMIC_ORDER_RELAXED|CL_DEVICE_ATOMIC_ORDER_ACQ_REL|||CL_DEVICE_ATOMIC_SCOPE_WORK_GROUP||
	CL_DEVICE_NON_UNIFORM_WORK_GROUP_SUPPORT == 0
	CL_DEVICE_PREFERRED_WORK_GROUP_SIZE_MULTIPLE == 32
	CL_DEVICE_WORK_GROUP_COLLECTIVE_FUNCTIONS_SUPPORT == 0
	CL_DEVICE_GENERIC_ADDRESS_SPACE_SUPPORT == 0
	CL_DEVICE_OPENCL_C_FEATURES supported name and version:
		"__opencl_c_integer_dot_product_input_4x8bit" 2.0.0
		"__opencl_c_integer_dot_product_input_4x8bit_packed" 2.0.0
		"__opencl_c_int64" 1.0.0
		"__opencl_c_images" 1.0.0
		"__opencl_c_read_write_images" 1.0.0
		"__opencl_c_3d_image_writes" 1.0.0
		"__opencl_c_ext_image_unorm_int_2_101010" 1.0.0
		"__opencl_c_subgroups" 1.0.0
	CL_DEVICE_DEVICE_ENQUEUE_CAPABILITIES == |
	CL_DEVICE_PIPE_SUPPORT == 0
	CL_DEVICE_NUMERIC_VERSION == 3.1.0
	CL_DEVICE_EXTENSIONS_WITH_VERSION supported name and version:
		"cl_khr_byte_addressable_store" 1.0.0
		"cl_khr_create_command_queue" 1.0.0
		"cl_khr_expect_assume" 1.0.0
		"cl_khr_extended_bit_ops" 1.0.0
		"cl_khr_extended_versioning" 1.0.0
		"cl_khr_global_int32_base_atomics" 1.0.0
		"cl_khr_global_int32_extended_atomics" 1.0.0
		"cl_khr_il_program" 1.0.0
		"cl_khr_local_int32_base_atomics" 1.0.0
		"cl_khr_local_int32_extended_atomics" 1.0.0
		"cl_khr_integer_dot_product" 2.0.0
		"cl_khr_spirv_no_integer_wrap_decoration" 1.0.0
		"cl_khr_spirv_queries" 1.0.0
		"cl_khr_suggested_local_work_size" 1.0.0
		"cl_ext_immutable_memory_objects" 1.0.0
		"cl_khr_spirv_linkonce_odr" 1.0.0
		"cl_khr_fp16" 1.0.0
		"cl_khr_3d_image_writes" 1.0.0
		"cl_khr_depth_images" 1.0.0
		"cl_ext_image_unorm_int_2_101010" 1.0.0
		"cl_khr_priority_hints" 1.0.0
		"cl_khr_device_uuid" 1.0.0
		"cl_khr_subgroup_extended_types" 1.0.0
		"cl_khr_subgroup_ballot" 1.0.0
		"cl_khr_subgroup_clustered_reduce" 1.0.0
		"cl_khr_subgroup_non_uniform_arithmetic" 1.0.0
		"cl_khr_subgroup_non_uniform_vote" 1.0.0
		"cl_khr_subgroup_rotate" 1.0.0
		"cl_khr_subgroup_shuffle" 1.0.0
		"cl_khr_subgroup_shuffle_relative" 1.0.0
	CL_DEVICE_OPENCL_C_ALL_VERSIONS supported name and version:
		"OpenCL C" 3.1.0
		"OpenCL C" 3.0.0
		"OpenCL C" 1.2.0
		"OpenCL C" 1.1.0
		"OpenCL C" 1.0.0
	CL_DEVICE_ILS_WITH_VERSION supported name and version:
		"SPIR-V" 1.0.0
		"SPIR-V" 1.1.0
		"SPIR-V" 1.2.0
		"SPIR-V" 1.3.0
		"SPIR-V" 1.4.0
		"SPIR-V" 1.5.0
		"SPIR-V" 1.6.0
	CL_DEVICE_BUILT_IN_KERNELS_WITH_VERSION supported name and version:
		""
	CL_MEM_OBJECT_IMAGE1D supported formats:
		CL_MEM_READ_ONLY: 47 supported formats
		CL_MEM_WRITE_ONLY: 45 supported formats
		CL_MEM_READ_WRITE: 45 supported formats
		CL_MEM_KERNEL_READ_AND_WRITE: 45 supported formats
	CL_MEM_OBJECT_IMAGE1D_BUFFER supported formats:
		CL_MEM_READ_ONLY: 47 supported formats
		CL_MEM_WRITE_ONLY: 45 supported formats
		CL_MEM_READ_WRITE: 45 supported formats
		CL_MEM_KERNEL_READ_AND_WRITE: 45 supported formats
	CL_MEM_OBJECT_IMAGE2D supported formats:
		CL_MEM_READ_ONLY: 49 supported formats
		CL_MEM_WRITE_ONLY: 47 supported formats
		CL_MEM_READ_WRITE: 47 supported formats
		CL_MEM_KERNEL_READ_AND_WRITE: 47 supported formats
	CL_MEM_OBJECT_IMAGE3D supported formats:
		CL_MEM_READ_ONLY: 47 supported formats
		CL_MEM_WRITE_ONLY: 45 supported formats
		CL_MEM_READ_WRITE: 45 supported formats
		CL_MEM_KERNEL_READ_AND_WRITE: 45 supported formats
	CL_MEM_OBJECT_IMAGE1D_ARRAY supported formats:
		CL_MEM_READ_ONLY: 47 supported formats
		CL_MEM_WRITE_ONLY: 45 supported formats
		CL_MEM_READ_WRITE: 45 supported formats
		CL_MEM_KERNEL_READ_AND_WRITE: 45 supported formats
	CL_MEM_OBJECT_IMAGE2D_ARRAY supported formats:
		CL_MEM_READ_ONLY: 49 supported formats
		CL_MEM_WRITE_ONLY: 47 supported formats
		CL_MEM_READ_WRITE: 47 supported formats
		CL_MEM_KERNEL_READ_AND_WRITE: 47 supported formats

Getting device IDs for CL_DEVICE_TYPE_CPU devices
No devices of type CL_DEVICE_TYPE_CPU found.
Getting device IDs for CL_DEVICE_TYPE_GPU devices
Found 1 CL_DEVICE_TYPE_GPU devices:
CL_DEVICE_TYPE_GPU Device 1 of 1 Info:
	CL_DEVICE_VERSION == "OpenCL 3.1 "
	CL_DEVICE_EXTENSIONS == "cl_khr_byte_addressable_store cl_khr_create_command_queue cl_khr_expect_assume cl_khr_extended_bit_ops cl_khr_extended_versioning cl_khr_global_int32_base_atomics cl_khr_global_int32_extended_atomics cl_khr_il_program cl_khr_local_int32_base_atomics cl_khr_local_int32_extended_atomics cl_khr_integer_dot_product cl_khr_spirv_no_integer_wrap_decoration cl_khr_spirv_queries cl_khr_suggested_local_work_size cl_ext_immutable_memory_objects cl_khr_spirv_linkonce_odr cl_khr_fp16 cl_khr_3d_image_writes cl_khr_depth_images cl_ext_image_unorm_int_2_101010 cl_khr_priority_hints cl_khr_device_uuid cl_khr_subgroup_extended_types cl_khr_subgroup_ballot cl_khr_subgroup_clustered_reduce cl_khr_subgroup_non_uniform_arithmetic cl_khr_subgroup_non_uniform_vote cl_khr_subgroup_rotate cl_khr_subgroup_shuffle cl_khr_subgroup_shuffle_relative"
	CL_DEVICE_TYPE == |CL_DEVICE_TYPE_GPU||
	CL_DEVICE_VENDOR_ID == 0
	CL_DEVICE_MAX_COMPUTE_UNITS == 8
	CL_DEVICE_MAX_WORK_ITEM_DIMENSIONS == 3
	CL_DEVICE_MAX_WORK_ITEM_SIZES == 1024 1024 1024
	CL_DEVICE_MAX_WORK_GROUP_SIZE == 1024
	CL_DEVICE_PREFERRED_VECTOR_WIDTH_CHAR == 1
	CL_DEVICE_PREFERRED_VECTOR_WIDTH_SHORT == 1
	CL_DEVICE_PREFERRED_VECTOR_WIDTH_INT == 1
	CL_DEVICE_PREFERRED_VECTOR_WIDTH_LONG == 1
	CL_DEVICE_PREFERRED_VECTOR_WIDTH_FLOAT == 1
	CL_DEVICE_PREFERRED_VECTOR_WIDTH_DOUBLE == 0
	CL_DEVICE_PREFERRED_VECTOR_WIDTH_HALF == 1
	CL_DEVICE_NATIVE_VECTOR_WIDTH_CHAR == 1
	CL_DEVICE_NATIVE_VECTOR_WIDTH_SHORT == 1
	CL_DEVICE_NATIVE_VECTOR_WIDTH_INT == 1
	CL_DEVICE_NATIVE_VECTOR_WIDTH_LONG == 1
	CL_DEVICE_NATIVE_VECTOR_WIDTH_FLOAT == 1
	CL_DEVICE_NATIVE_VECTOR_WIDTH_DOUBLE == 0
	CL_DEVICE_NATIVE_VECTOR_WIDTH_HALF == 1
	CL_DEVICE_MAX_CLOCK_FREQUENCY == 1278
	CL_DEVICE_ADDRESS_BITS == 64
	CL_DEVICE_MAX_READ_IMAGE_ARGS == 128
	CL_DEVICE_MAX_WRITE_IMAGE_ARGS == 64
	CL_DEVICE_MAX_READ_WRITE_IMAGE_ARGS == 64
	CL_DEVICE_MAX_MEM_ALLOC_SIZE == 2147483647
	CL_DEVICE_IMAGE2D_MAX_WIDTH == 16384
	CL_DEVICE_IMAGE2D_MAX_HEIGHT == 16384
	CL_DEVICE_IMAGE3D_MAX_WIDTH == 2048
	CL_DEVICE_IMAGE3D_MAX_HEIGHT == 2048
	CL_DEVICE_IMAGE3D_MAX_DEPTH == 2048
	CL_DEVICE_IMAGE_MAX_ARRAY_SIZE == 2048
	CL_DEVICE_IMAGE_MAX_BUFFER_SIZE == 134217727
	CL_DEVICE_IMAGE_SUPPORT == 1
	CL_DEVICE_MAX_PARAMETER_SIZE == 4096
	CL_DEVICE_MAX_SAMPLERS == 16
	CL_DEVICE_IMAGE_PITCH_ALIGNMENT == 0
	CL_DEVICE_IMAGE_BASE_ADDRESS_ALIGNMENT == 0
	CL_DEVICE_MEM_BASE_ADDR_ALIGN == 1024
	CL_DEVICE_HALF_FP_CONFIG == |CL_FP_INF_NAN|CL_FP_ROUND_TO_NEAREST||||
	CL_DEVICE_SINGLE_FP_CONFIG == |CL_FP_INF_NAN|CL_FP_ROUND_TO_NEAREST||||
	CL_DEVICE_DOUBLE_FP_CONFIG == ||||||
	CL_DEVICE_GLOBAL_MEM_CACHE_TYPE == CL_NONE
	CL_DEVICE_GLOBAL_MEM_CACHELINE_SIZE == 0
	CL_DEVICE_GLOBAL_MEM_CACHE_SIZE == 0
	CL_DEVICE_GLOBAL_MEM_SIZE == 16237199360
	CL_DEVICE_MAX_CONSTANT_BUFFER_SIZE == 67108864
	CL_DEVICE_MAX_CONSTANT_ARGS == 16
	CL_DEVICE_LOCAL_MEM_TYPE == CL_GLOBAL
	CL_DEVICE_LOCAL_MEM_SIZE == 32768
	CL_DEVICE_ERROR_CORRECTION_SUPPORT == 0
	CL_DEVICE_HOST_UNIFIED_MEMORY == 1
	CL_DEVICE_PROFILING_TIMER_RESOLUTION == 1
	CL_DEVICE_ENDIAN_LITTLE == 1
	CL_DEVICE_AVAILABLE == 1
	CL_DEVICE_COMPILER_AVAILABLE == 1
	CL_DEVICE_LINKER_AVAILABLE == 1
	CL_DEVICE_BUILT_IN_KERNELS == ""
	CL_DEVICE_PRINTF_BUFFER_SIZE == 1048576
	CL_DEVICE_PREFERRED_INTEROP_USER_SYNC == 1
	CL_DEVICE_PARENT_DEVICE == 0
	CL_DEVICE_PARTITION_MAX_SUB_DEVICES == 0
	CL_DEVICE_PARTITION_AFFINITY_DOMAIN == |||||
	CL_DEVICE_REFERENCE_COUNT == 1
	CL_DEVICE_EXECUTION_CAPABILITIES == CL_EXEC_KERNEL|
	CL_DEVICE_QUEUE_ON_HOST_PROPERTIES == CL_QUEUE_OUT_OF_ORDER_EXEC_MODE_ENABLE|CL_QUEUE_PROFILING_ENABLE
	CL_DEVICE_NAME == "Apple M1 (G13G B1)"
	CL_DEVICE_VENDOR == "Apple"
	CL_DRIVER_VERSION == "26.3.0-devel (git-817bbf4718)"
	CL_DEVICE_PROFILE == "FULL_PROFILE"
	CL_DEVICE_OPENCL_C_VERSION == "OpenCL C 1.2 "
	CL_DEVICE_MAX_PIPE_ARGS == 0
	CL_DEVICE_PIPE_MAX_ACTIVE_RESERVATIONS == 0
	CL_DEVICE_PIPE_MAX_PACKET_SIZE == 0
	CL_DEVICE_MAX_GLOBAL_VARIABLE_SIZE == 0
	CL_DEVICE_GLOBAL_VARIABLE_PREFERRED_TOTAL_SIZE == 0
	CL_DEVICE_QUEUE_ON_HOST_PROPERTIES == CL_QUEUE_OUT_OF_ORDER_EXEC_MODE_ENABLE|CL_QUEUE_PROFILING_ENABLE
	CL_DEVICE_QUEUE_ON_DEVICE_PROPERTIES == |
	CL_DEVICE_QUEUE_ON_DEVICE_PREFERRED_SIZE == 0
	CL_DEVICE_QUEUE_ON_DEVICE_MAX_SIZE == 0
	CL_DEVICE_MAX_ON_DEVICE_QUEUES == 0
	CL_DEVICE_MAX_ON_DEVICE_EVENTS == 0
	CL_DEVICE_PREFERRED_PLATFORM_ATOMIC_ALIGNMENT == 0
	CL_DEVICE_PREFERRED_GLOBAL_ATOMIC_ALIGNMENT == 0
	CL_DEVICE_PREFERRED_LOCAL_ATOMIC_ALIGNMENT == 0
	CL_DEVICE_SVM_CAPABILITIES == |||
	CL_DEVICE_IL_VERSION == "SPIR-V_1.0 SPIR-V_1.1 SPIR-V_1.2 SPIR-V_1.3 SPIR-V_1.4 SPIR-V_1.5 SPIR-V_1.6"
	CL_DEVICE_MAX_NUM_SUB_GROUPS == 32
	CL_DEVICE_SUB_GROUP_INDEPENDENT_FORWARD_PROGRESS == 0
	CL_DEVICE_ATOMIC_MEMORY_CAPABILITIES == CL_DEVICE_ATOMIC_ORDER_RELAXED||||CL_DEVICE_ATOMIC_SCOPE_WORK_GROUP||
	CL_DEVICE_ATOMIC_FENCE_CAPABILITIES == CL_DEVICE_ATOMIC_ORDER_RELAXED|CL_DEVICE_ATOMIC_ORDER_ACQ_REL|||CL_DEVICE_ATOMIC_SCOPE_WORK_GROUP||
	CL_DEVICE_NON_UNIFORM_WORK_GROUP_SUPPORT == 0
	CL_DEVICE_PREFERRED_WORK_GROUP_SIZE_MULTIPLE == 32
	CL_DEVICE_WORK_GROUP_COLLECTIVE_FUNCTIONS_SUPPORT == 0
	CL_DEVICE_GENERIC_ADDRESS_SPACE_SUPPORT == 0
	CL_DEVICE_OPENCL_C_FEATURES supported name and version:
		"__opencl_c_integer_dot_product_input_4x8bit" 2.0.0
		"__opencl_c_integer_dot_product_input_4x8bit_packed" 2.0.0
		"__opencl_c_int64" 1.0.0
		"__opencl_c_images" 1.0.0
		"__opencl_c_read_write_images" 1.0.0
		"__opencl_c_3d_image_writes" 1.0.0
		"__opencl_c_ext_image_unorm_int_2_101010" 1.0.0
		"__opencl_c_subgroups" 1.0.0
	CL_DEVICE_DEVICE_ENQUEUE_CAPABILITIES == |
	CL_DEVICE_PIPE_SUPPORT == 0
	CL_DEVICE_NUMERIC_VERSION == 3.1.0
	CL_DEVICE_EXTENSIONS_WITH_VERSION supported name and version:
		"cl_khr_byte_addressable_store" 1.0.0
		"cl_khr_create_command_queue" 1.0.0
		"cl_khr_expect_assume" 1.0.0
		"cl_khr_extended_bit_ops" 1.0.0
		"cl_khr_extended_versioning" 1.0.0
		"cl_khr_global_int32_base_atomics" 1.0.0
		"cl_khr_global_int32_extended_atomics" 1.0.0
		"cl_khr_il_program" 1.0.0
		"cl_khr_local_int32_base_atomics" 1.0.0
		"cl_khr_local_int32_extended_atomics" 1.0.0
		"cl_khr_integer_dot_product" 2.0.0
		"cl_khr_spirv_no_integer_wrap_decoration" 1.0.0
		"cl_khr_spirv_queries" 1.0.0
		"cl_khr_suggested_local_work_size" 1.0.0
		"cl_ext_immutable_memory_objects" 1.0.0
		"cl_khr_spirv_linkonce_odr" 1.0.0
		"cl_khr_fp16" 1.0.0
		"cl_khr_3d_image_writes" 1.0.0
		"cl_khr_depth_images" 1.0.0
		"cl_ext_image_unorm_int_2_101010" 1.0.0
		"cl_khr_priority_hints" 1.0.0
		"cl_khr_device_uuid" 1.0.0
		"cl_khr_subgroup_extended_types" 1.0.0
		"cl_khr_subgroup_ballot" 1.0.0
		"cl_khr_subgroup_clustered_reduce" 1.0.0
		"cl_khr_subgroup_non_uniform_arithmetic" 1.0.0
		"cl_khr_subgroup_non_uniform_vote" 1.0.0
		"cl_khr_subgroup_rotate" 1.0.0
		"cl_khr_subgroup_shuffle" 1.0.0
		"cl_khr_subgroup_shuffle_relative" 1.0.0
	CL_DEVICE_OPENCL_C_ALL_VERSIONS supported name and version:
		"OpenCL C" 3.1.0
		"OpenCL C" 3.0.0
		"OpenCL C" 1.2.0
		"OpenCL C" 1.1.0
		"OpenCL C" 1.0.0
	CL_DEVICE_ILS_WITH_VERSION supported name and version:
		"SPIR-V" 1.0.0
		"SPIR-V" 1.1.0
		"SPIR-V" 1.2.0
		"SPIR-V" 1.3.0
		"SPIR-V" 1.4.0
		"SPIR-V" 1.5.0
		"SPIR-V" 1.6.0
	CL_DEVICE_BUILT_IN_KERNELS_WITH_VERSION supported name and version:
		""
	CL_MEM_OBJECT_IMAGE1D supported formats:
		CL_MEM_READ_ONLY: 47 supported formats
		CL_MEM_WRITE_ONLY: 45 supported formats
		CL_MEM_READ_WRITE: 45 supported formats
		CL_MEM_KERNEL_READ_AND_WRITE: 45 supported formats
	CL_MEM_OBJECT_IMAGE1D_BUFFER supported formats:
		CL_MEM_READ_ONLY: 47 supported formats
		CL_MEM_WRITE_ONLY: 45 supported formats
		CL_MEM_READ_WRITE: 45 supported formats
		CL_MEM_KERNEL_READ_AND_WRITE: 45 supported formats
	CL_MEM_OBJECT_IMAGE2D supported formats:
		CL_MEM_READ_ONLY: 49 supported formats
		CL_MEM_WRITE_ONLY: 47 supported formats
		CL_MEM_READ_WRITE: 47 supported formats
		CL_MEM_KERNEL_READ_AND_WRITE: 47 supported formats
	CL_MEM_OBJECT_IMAGE3D supported formats:
		CL_MEM_READ_ONLY: 47 supported formats
		CL_MEM_WRITE_ONLY: 45 supported formats
		CL_MEM_READ_WRITE: 45 supported formats
		CL_MEM_KERNEL_READ_AND_WRITE: 45 supported formats
	CL_MEM_OBJECT_IMAGE1D_ARRAY supported formats:
		CL_MEM_READ_ONLY: 47 supported formats
		CL_MEM_WRITE_ONLY: 45 supported formats
		CL_MEM_READ_WRITE: 45 supported formats
		CL_MEM_KERNEL_READ_AND_WRITE: 45 supported formats
	CL_MEM_OBJECT_IMAGE2D_ARRAY supported formats:
		CL_MEM_READ_ONLY: 49 supported formats
		CL_MEM_WRITE_ONLY: 47 supported formats
		CL_MEM_READ_WRITE: 47 supported formats
		CL_MEM_KERNEL_READ_AND_WRITE: 47 supported formats

Getting device IDs for CL_DEVICE_TYPE_ACCELERATOR devices
No devices of type CL_DEVICE_TYPE_ACCELERATOR found.
Getting device IDs for CL_DEVICE_TYPE_ALL devices
Found 1 CL_DEVICE_TYPE_ALL devices:
CL_DEVICE_TYPE_ALL Device 1 of 1 Info:
	CL_DEVICE_VERSION == "OpenCL 3.1 "
	CL_DEVICE_EXTENSIONS == "cl_khr_byte_addressable_store cl_khr_create_command_queue cl_khr_expect_assume cl_khr_extended_bit_ops cl_khr_extended_versioning cl_khr_global_int32_base_atomics cl_khr_global_int32_extended_atomics cl_khr_il_program cl_khr_local_int32_base_atomics cl_khr_local_int32_extended_atomics cl_khr_integer_dot_product cl_khr_spirv_no_integer_wrap_decoration cl_khr_spirv_queries cl_khr_suggested_local_work_size cl_ext_immutable_memory_objects cl_khr_spirv_linkonce_odr cl_khr_fp16 cl_khr_3d_image_writes cl_khr_depth_images cl_ext_image_unorm_int_2_101010 cl_khr_priority_hints cl_khr_device_uuid cl_khr_subgroup_extended_types cl_khr_subgroup_ballot cl_khr_subgroup_clustered_reduce cl_khr_subgroup_non_uniform_arithmetic cl_khr_subgroup_non_uniform_vote cl_khr_subgroup_rotate cl_khr_subgroup_shuffle cl_khr_subgroup_shuffle_relative"
	CL_DEVICE_TYPE == |CL_DEVICE_TYPE_GPU||
	CL_DEVICE_VENDOR_ID == 0
	CL_DEVICE_MAX_COMPUTE_UNITS == 8
	CL_DEVICE_MAX_WORK_ITEM_DIMENSIONS == 3
	CL_DEVICE_MAX_WORK_ITEM_SIZES == 1024 1024 1024
	CL_DEVICE_MAX_WORK_GROUP_SIZE == 1024
	CL_DEVICE_PREFERRED_VECTOR_WIDTH_CHAR == 1
	CL_DEVICE_PREFERRED_VECTOR_WIDTH_SHORT == 1
	CL_DEVICE_PREFERRED_VECTOR_WIDTH_INT == 1
	CL_DEVICE_PREFERRED_VECTOR_WIDTH_LONG == 1
	CL_DEVICE_PREFERRED_VECTOR_WIDTH_FLOAT == 1
	CL_DEVICE_PREFERRED_VECTOR_WIDTH_DOUBLE == 0
	CL_DEVICE_PREFERRED_VECTOR_WIDTH_HALF == 1
	CL_DEVICE_NATIVE_VECTOR_WIDTH_CHAR == 1
	CL_DEVICE_NATIVE_VECTOR_WIDTH_SHORT == 1
	CL_DEVICE_NATIVE_VECTOR_WIDTH_INT == 1
	CL_DEVICE_NATIVE_VECTOR_WIDTH_LONG == 1
	CL_DEVICE_NATIVE_VECTOR_WIDTH_FLOAT == 1
	CL_DEVICE_NATIVE_VECTOR_WIDTH_DOUBLE == 0
	CL_DEVICE_NATIVE_VECTOR_WIDTH_HALF == 1
	CL_DEVICE_MAX_CLOCK_FREQUENCY == 1278
	CL_DEVICE_ADDRESS_BITS == 64
	CL_DEVICE_MAX_READ_IMAGE_ARGS == 128
	CL_DEVICE_MAX_WRITE_IMAGE_ARGS == 64
	CL_DEVICE_MAX_READ_WRITE_IMAGE_ARGS == 64
	CL_DEVICE_MAX_MEM_ALLOC_SIZE == 2147483647
	CL_DEVICE_IMAGE2D_MAX_WIDTH == 16384
	CL_DEVICE_IMAGE2D_MAX_HEIGHT == 16384
	CL_DEVICE_IMAGE3D_MAX_WIDTH == 2048
	CL_DEVICE_IMAGE3D_MAX_HEIGHT == 2048
	CL_DEVICE_IMAGE3D_MAX_DEPTH == 2048
	CL_DEVICE_IMAGE_MAX_ARRAY_SIZE == 2048
	CL_DEVICE_IMAGE_MAX_BUFFER_SIZE == 134217727
	CL_DEVICE_IMAGE_SUPPORT == 1
	CL_DEVICE_MAX_PARAMETER_SIZE == 4096
	CL_DEVICE_MAX_SAMPLERS == 16
	CL_DEVICE_IMAGE_PITCH_ALIGNMENT == 0
	CL_DEVICE_IMAGE_BASE_ADDRESS_ALIGNMENT == 0
	CL_DEVICE_MEM_BASE_ADDR_ALIGN == 1024
	CL_DEVICE_HALF_FP_CONFIG == |CL_FP_INF_NAN|CL_FP_ROUND_TO_NEAREST||||
	CL_DEVICE_SINGLE_FP_CONFIG == |CL_FP_INF_NAN|CL_FP_ROUND_TO_NEAREST||||
	CL_DEVICE_DOUBLE_FP_CONFIG == ||||||
	CL_DEVICE_GLOBAL_MEM_CACHE_TYPE == CL_NONE
	CL_DEVICE_GLOBAL_MEM_CACHELINE_SIZE == 0
	CL_DEVICE_GLOBAL_MEM_CACHE_SIZE == 0
	CL_DEVICE_GLOBAL_MEM_SIZE == 16237199360
	CL_DEVICE_MAX_CONSTANT_BUFFER_SIZE == 67108864
	CL_DEVICE_MAX_CONSTANT_ARGS == 16
	CL_DEVICE_LOCAL_MEM_TYPE == CL_GLOBAL
	CL_DEVICE_LOCAL_MEM_SIZE == 32768
	CL_DEVICE_ERROR_CORRECTION_SUPPORT == 0
	CL_DEVICE_HOST_UNIFIED_MEMORY == 1
	CL_DEVICE_PROFILING_TIMER_RESOLUTION == 1
	CL_DEVICE_ENDIAN_LITTLE == 1
	CL_DEVICE_AVAILABLE == 1
	CL_DEVICE_COMPILER_AVAILABLE == 1
	CL_DEVICE_LINKER_AVAILABLE == 1
	CL_DEVICE_BUILT_IN_KERNELS == ""
	CL_DEVICE_PRINTF_BUFFER_SIZE == 1048576
	CL_DEVICE_PREFERRED_INTEROP_USER_SYNC == 1
	CL_DEVICE_PARENT_DEVICE == 0
	CL_DEVICE_PARTITION_MAX_SUB_DEVICES == 0
	CL_DEVICE_PARTITION_AFFINITY_DOMAIN == |||||
	CL_DEVICE_REFERENCE_COUNT == 1
	CL_DEVICE_EXECUTION_CAPABILITIES == CL_EXEC_KERNEL|
	CL_DEVICE_QUEUE_ON_HOST_PROPERTIES == CL_QUEUE_OUT_OF_ORDER_EXEC_MODE_ENABLE|CL_QUEUE_PROFILING_ENABLE
	CL_DEVICE_NAME == "Apple M1 (G13G B1)"
	CL_DEVICE_VENDOR == "Apple"
	CL_DRIVER_VERSION == "26.3.0-devel (git-817bbf4718)"
	CL_DEVICE_PROFILE == "FULL_PROFILE"
	CL_DEVICE_OPENCL_C_VERSION == "OpenCL C 1.2 "
	CL_DEVICE_MAX_PIPE_ARGS == 0
	CL_DEVICE_PIPE_MAX_ACTIVE_RESERVATIONS == 0
	CL_DEVICE_PIPE_MAX_PACKET_SIZE == 0
	CL_DEVICE_MAX_GLOBAL_VARIABLE_SIZE == 0
	CL_DEVICE_GLOBAL_VARIABLE_PREFERRED_TOTAL_SIZE == 0
	CL_DEVICE_QUEUE_ON_HOST_PROPERTIES == CL_QUEUE_OUT_OF_ORDER_EXEC_MODE_ENABLE|CL_QUEUE_PROFILING_ENABLE
	CL_DEVICE_QUEUE_ON_DEVICE_PROPERTIES == |
	CL_DEVICE_QUEUE_ON_DEVICE_PREFERRED_SIZE == 0
	CL_DEVICE_QUEUE_ON_DEVICE_MAX_SIZE == 0
	CL_DEVICE_MAX_ON_DEVICE_QUEUES == 0
	CL_DEVICE_MAX_ON_DEVICE_EVENTS == 0
	CL_DEVICE_PREFERRED_PLATFORM_ATOMIC_ALIGNMENT == 0
	CL_DEVICE_PREFERRED_GLOBAL_ATOMIC_ALIGNMENT == 0
	CL_DEVICE_PREFERRED_LOCAL_ATOMIC_ALIGNMENT == 0
	CL_DEVICE_SVM_CAPABILITIES == |||
	CL_DEVICE_IL_VERSION == "SPIR-V_1.0 SPIR-V_1.1 SPIR-V_1.2 SPIR-V_1.3 SPIR-V_1.4 SPIR-V_1.5 SPIR-V_1.6"
	CL_DEVICE_MAX_NUM_SUB_GROUPS == 32
	CL_DEVICE_SUB_GROUP_INDEPENDENT_FORWARD_PROGRESS == 0
	CL_DEVICE_ATOMIC_MEMORY_CAPABILITIES == CL_DEVICE_ATOMIC_ORDER_RELAXED||||CL_DEVICE_ATOMIC_SCOPE_WORK_GROUP||
	CL_DEVICE_ATOMIC_FENCE_CAPABILITIES == CL_DEVICE_ATOMIC_ORDER_RELAXED|CL_DEVICE_ATOMIC_ORDER_ACQ_REL|||CL_DEVICE_ATOMIC_SCOPE_WORK_GROUP||
	CL_DEVICE_NON_UNIFORM_WORK_GROUP_SUPPORT == 0
	CL_DEVICE_PREFERRED_WORK_GROUP_SIZE_MULTIPLE == 32
	CL_DEVICE_WORK_GROUP_COLLECTIVE_FUNCTIONS_SUPPORT == 0
	CL_DEVICE_GENERIC_ADDRESS_SPACE_SUPPORT == 0
	CL_DEVICE_OPENCL_C_FEATURES supported name and version:
		"__opencl_c_integer_dot_product_input_4x8bit" 2.0.0
		"__opencl_c_integer_dot_product_input_4x8bit_packed" 2.0.0
		"__opencl_c_int64" 1.0.0
		"__opencl_c_images" 1.0.0
		"__opencl_c_read_write_images" 1.0.0
		"__opencl_c_3d_image_writes" 1.0.0
		"__opencl_c_ext_image_unorm_int_2_101010" 1.0.0
		"__opencl_c_subgroups" 1.0.0
	CL_DEVICE_DEVICE_ENQUEUE_CAPABILITIES == |
	CL_DEVICE_PIPE_SUPPORT == 0
	CL_DEVICE_NUMERIC_VERSION == 3.1.0
	CL_DEVICE_EXTENSIONS_WITH_VERSION supported name and version:
		"cl_khr_byte_addressable_store" 1.0.0
		"cl_khr_create_command_queue" 1.0.0
		"cl_khr_expect_assume" 1.0.0
		"cl_khr_extended_bit_ops" 1.0.0
		"cl_khr_extended_versioning" 1.0.0
		"cl_khr_global_int32_base_atomics" 1.0.0
		"cl_khr_global_int32_extended_atomics" 1.0.0
		"cl_khr_il_program" 1.0.0
		"cl_khr_local_int32_base_atomics" 1.0.0
		"cl_khr_local_int32_extended_atomics" 1.0.0
		"cl_khr_integer_dot_product" 2.0.0
		"cl_khr_spirv_no_integer_wrap_decoration" 1.0.0
		"cl_khr_spirv_queries" 1.0.0
		"cl_khr_suggested_local_work_size" 1.0.0
		"cl_ext_immutable_memory_objects" 1.0.0
		"cl_khr_spirv_linkonce_odr" 1.0.0
		"cl_khr_fp16" 1.0.0
		"cl_khr_3d_image_writes" 1.0.0
		"cl_khr_depth_images" 1.0.0
		"cl_ext_image_unorm_int_2_101010" 1.0.0
		"cl_khr_priority_hints" 1.0.0
		"cl_khr_device_uuid" 1.0.0
		"cl_khr_subgroup_extended_types" 1.0.0
		"cl_khr_subgroup_ballot" 1.0.0
		"cl_khr_subgroup_clustered_reduce" 1.0.0
		"cl_khr_subgroup_non_uniform_arithmetic" 1.0.0
		"cl_khr_subgroup_non_uniform_vote" 1.0.0
		"cl_khr_subgroup_rotate" 1.0.0
		"cl_khr_subgroup_shuffle" 1.0.0
		"cl_khr_subgroup_shuffle_relative" 1.0.0
	CL_DEVICE_OPENCL_C_ALL_VERSIONS supported name and version:
		"OpenCL C" 3.1.0
		"OpenCL C" 3.0.0
		"OpenCL C" 1.2.0
		"OpenCL C" 1.1.0
		"OpenCL C" 1.0.0
	CL_DEVICE_ILS_WITH_VERSION supported name and version:
		"SPIR-V" 1.0.0
		"SPIR-V" 1.1.0
		"SPIR-V" 1.2.0
		"SPIR-V" 1.3.0
		"SPIR-V" 1.4.0
		"SPIR-V" 1.5.0
		"SPIR-V" 1.6.0
	CL_DEVICE_BUILT_IN_KERNELS_WITH_VERSION supported name and version:
		""
	CL_MEM_OBJECT_IMAGE1D supported formats:
		CL_MEM_READ_ONLY: 47 supported formats
		CL_MEM_WRITE_ONLY: 45 supported formats
		CL_MEM_READ_WRITE: 45 supported formats
		CL_MEM_KERNEL_READ_AND_WRITE: 45 supported formats
	CL_MEM_OBJECT_IMAGE1D_BUFFER supported formats:
		CL_MEM_READ_ONLY: 47 supported formats
		CL_MEM_WRITE_ONLY: 45 supported formats
		CL_MEM_READ_WRITE: 45 supported formats
		CL_MEM_KERNEL_READ_AND_WRITE: 45 supported formats
	CL_MEM_OBJECT_IMAGE2D supported formats:
		CL_MEM_READ_ONLY: 49 supported formats
		CL_MEM_WRITE_ONLY: 47 supported formats
		CL_MEM_READ_WRITE: 47 supported formats
		CL_MEM_KERNEL_READ_AND_WRITE: 47 supported formats
	CL_MEM_OBJECT_IMAGE3D supported formats:
		CL_MEM_READ_ONLY: 47 supported formats
		CL_MEM_WRITE_ONLY: 45 supported formats
		CL_MEM_READ_WRITE: 45 supported formats
		CL_MEM_KERNEL_READ_AND_WRITE: 45 supported formats
	CL_MEM_OBJECT_IMAGE1D_ARRAY supported formats:
		CL_MEM_READ_ONLY: 47 supported formats
		CL_MEM_WRITE_ONLY: 45 supported formats
		CL_MEM_READ_WRITE: 45 supported formats
		CL_MEM_KERNEL_READ_AND_WRITE: 45 supported formats
	CL_MEM_OBJECT_IMAGE2D_ARRAY supported formats:
		CL_MEM_READ_ONLY: 49 supported formats
		CL_MEM_WRITE_ONLY: 47 supported formats
		CL_MEM_READ_WRITE: 47 supported formats
		CL_MEM_KERNEL_READ_AND_WRITE: 47 supported formats

computeinfo passed
device_uuid...
	Device UUID: 95db668a5eeffafb0bfad44184cb8c59
	Driver UUID: 3684ed54a4e70b447abc89c4d8f0bbb0
	Device LUID validity is false
	Device LUID: 0000000000000000
	Node mask  : 00000000
device_uuid passed
extended_versioning...
Platform versions:
	Matched the platform version
Platform extensions:
	Matched 31 extensions
Device versions:
	Matched the device OpenCL and OpenCL C versions
Device extensions:
	Matched 30 extensions
Device ILs:
	Matched 7 ILs
Device built-in kernels:
	Matched 0 kernels
extended_versioning passed
conformance_version...
conformance_version passed
pci_bus_info...
cl_khr_pci_bus_info not supported. Skipping test...
pci_bus_info test not supported
PASSED 4 of 4 tests.
