 Initializing random seed to 0.
Requesting Default device based on command line for platform index 0 and device index 0
Compute Device Name = Apple M1 (G13G B1), Compute Device Vendor = Apple, Compute Device Version = OpenCL 3.1 , CL C Version = OpenCL C 1.2 
Device latest conformance version passed: v2026-03-25-00
Supports single precision denormals: NO
sizeof( void*) = 8  (host)
sizeof( void*) = 8  (device)
1D...
Running 1D read-only tests...
[CL_R    CL_SNORM_INT8            1]
[CL_R    CL_SNORM_INT16           1]
[CL_R    CL_UNORM_INT8            1]
[CL_R    CL_UNORM_INT16           1]
[CL_R    CL_SIGNED_INT8           1]
[CL_R    CL_SIGNED_INT16          1]
[CL_R    CL_SIGNED_INT32          1]
[CL_R    CL_UNSIGNED_INT8         1]
[CL_R    CL_UNSIGNED_INT16        1]
[CL_R    CL_UNSIGNED_INT32        1]
[CL_R    CL_HALF_FLOAT            1]
[CL_R    CL_FLOAT                 1]
[CL_RG   CL_SNORM_INT8            2]
[CL_RG   CL_SNORM_INT16           2]
[CL_RG   CL_UNORM_INT8            2]
[CL_RG   CL_UNORM_INT16           2]
[CL_RG   CL_SIGNED_INT8           2]
[CL_RG   CL_SIGNED_INT16          2]
[CL_RG   CL_SIGNED_INT32          2]
[CL_RG   CL_UNSIGNED_INT8         2]
[CL_RG   CL_UNSIGNED_INT16        2]
[CL_RG   CL_UNSIGNED_INT32        2]
[CL_RG   CL_HALF_FLOAT            2]
[CL_RG   CL_FLOAT                 2]
[CL_RGBA CL_SNORM_INT8            4]
[CL_RGBA CL_SNORM_INT16           4]
[CL_RGBA CL_UNORM_INT8            4]
[CL_RGBA CL_UNORM_INT16           4]
[CL_RGBA CL_SIGNED_INT8           4]
[CL_RGBA CL_SIGNED_INT16          4]
[CL_RGBA CL_SIGNED_INT32          4]
[CL_RGBA CL_UNSIGNED_INT8         4]
[CL_RGBA CL_UNSIGNED_INT16        4]
[CL_RGBA CL_UNSIGNED_INT32        4]
[CL_RGBA CL_HALF_FLOAT            4]
[CL_RGBA CL_FLOAT                 4]
[CL_BGRA CL_SNORM_INT8            4]
[CL_BGRA CL_UNORM_INT8            4]
[CL_BGRA CL_SIGNED_INT8           4]
[CL_BGRA CL_UNSIGNED_INT8         4]
[CL_ARGB CL_SNORM_INT8            4]
[CL_ARGB CL_UNORM_INT8            4]
[CL_sRGBA CL_UNORM_INT8            4]
[CL_sBGRA CL_UNORM_INT8            4]
[CL_ABGR CL_SNORM_INT8            4]
[CL_ABGR CL_UNORM_INT8            4]
[CL_ABGR CL_UNORM_INT_2_101010_EXT 4]
Running 1D write-only tests...
[CL_R    CL_SNORM_INT8            1]
[CL_R    CL_SNORM_INT16           1]
[CL_R    CL_UNORM_INT8            1]
[CL_R    CL_UNORM_INT16           1]
[CL_R    CL_SIGNED_INT8           1]
[CL_R    CL_SIGNED_INT16          1]
[CL_R    CL_SIGNED_INT32          1]
[CL_R    CL_UNSIGNED_INT8         1]
[CL_R    CL_UNSIGNED_INT16        1]
[CL_R    CL_UNSIGNED_INT32        1]
[CL_R    CL_HALF_FLOAT            1]
[CL_R    CL_FLOAT                 1]
[CL_RG   CL_SNORM_INT8            2]
[CL_RG   CL_SNORM_INT16           2]
[CL_RG   CL_UNORM_INT8            2]
[CL_RG   CL_UNORM_INT16           2]
[CL_RG   CL_SIGNED_INT8           2]
[CL_RG   CL_SIGNED_INT16          2]
[CL_RG   CL_SIGNED_INT32          2]
[CL_RG   CL_UNSIGNED_INT8         2]
[CL_RG   CL_UNSIGNED_INT16        2]
[CL_RG   CL_UNSIGNED_INT32        2]
[CL_RG   CL_HALF_FLOAT            2]
[CL_RG   CL_FLOAT                 2]
[CL_RGBA CL_SNORM_INT8            4]
[CL_RGBA CL_SNORM_INT16           4]
[CL_RGBA CL_UNORM_INT8            4]
[CL_RGBA CL_UNORM_INT16           4]
[CL_RGBA CL_SIGNED_INT8           4]
[CL_RGBA CL_SIGNED_INT16          4]
[CL_RGBA CL_SIGNED_INT32          4]
[CL_RGBA CL_UNSIGNED_INT8         4]
[CL_RGBA CL_UNSIGNED_INT16        4]
[CL_RGBA CL_UNSIGNED_INT32        4]
[CL_RGBA CL_HALF_FLOAT            4]
[CL_RGBA CL_FLOAT                 4]
[CL_BGRA CL_SNORM_INT8            4]
[CL_BGRA CL_UNORM_INT8            4]
[CL_BGRA CL_SIGNED_INT8           4]
[CL_BGRA CL_UNSIGNED_INT8         4]
[CL_ARGB CL_SNORM_INT8            4]
[CL_ARGB CL_UNORM_INT8            4]
[CL_ABGR CL_SNORM_INT8            4]
[CL_ABGR CL_UNORM_INT8            4]
[CL_ABGR CL_UNORM_INT_2_101010_EXT 4]
1D passed
2D...
Running 2D read-only tests...
[CL_R    CL_SNORM_INT8            1]
[CL_R    CL_SNORM_INT16           1]
[CL_R    CL_UNORM_INT8            1]
[CL_R    CL_UNORM_INT16           1]
[CL_R    CL_SIGNED_INT8           1]
[CL_R    CL_SIGNED_INT16          1]
[CL_R    CL_SIGNED_INT32          1]
[CL_R    CL_UNSIGNED_INT8         1]
[CL_R    CL_UNSIGNED_INT16        1]
[CL_R    CL_UNSIGNED_INT32        1]
[CL_R    CL_HALF_FLOAT            1]
[CL_R    CL_FLOAT                 1]
[CL_RG   CL_SNORM_INT8            2]
[CL_RG   CL_SNORM_INT16           2]
[CL_RG   CL_UNORM_INT8            2]
[CL_RG   CL_UNORM_INT16           2]
[CL_RG   CL_SIGNED_INT8           2]
[CL_RG   CL_SIGNED_INT16          2]
[CL_RG   CL_SIGNED_INT32          2]
[CL_RG   CL_UNSIGNED_INT8         2]
[CL_RG   CL_UNSIGNED_INT16        2]
[CL_RG   CL_UNSIGNED_INT32        2]
[CL_RG   CL_HALF_FLOAT            2]
[CL_RG   CL_FLOAT                 2]
[CL_RGBA CL_SNORM_INT8            4]
[CL_RGBA CL_SNORM_INT16           4]
[CL_RGBA CL_UNORM_INT8            4]
[CL_RGBA CL_UNORM_INT16           4]
[CL_RGBA CL_SIGNED_INT8           4]
[CL_RGBA CL_SIGNED_INT16          4]
[CL_RGBA CL_SIGNED_INT32          4]
[CL_RGBA CL_UNSIGNED_INT8         4]
[CL_RGBA CL_UNSIGNED_INT16        4]
[CL_RGBA CL_UNSIGNED_INT32        4]
[CL_RGBA CL_HALF_FLOAT            4]
[CL_RGBA CL_FLOAT                 4]
[CL_BGRA CL_SNORM_INT8            4]
[CL_BGRA CL_UNORM_INT8            4]
[CL_BGRA CL_SIGNED_INT8           4]
[CL_BGRA CL_UNSIGNED_INT8         4]
[CL_ARGB CL_SNORM_INT8            4]
[CL_ARGB CL_UNORM_INT8            4]
[CL_DEPTH CL_UNORM_INT16           1]
[CL_DEPTH CL_FLOAT                 1]
[CL_sRGBA CL_UNORM_INT8            4]
[CL_sBGRA CL_UNORM_INT8            4]
[CL_ABGR CL_SNORM_INT8            4]
[CL_ABGR CL_UNORM_INT8            4]
[CL_ABGR CL_UNORM_INT_2_101010_EXT 4]
Running 2D write-only tests...
[CL_R    CL_SNORM_INT8            1]
[CL_R    CL_SNORM_INT16           1]
[CL_R    CL_UNORM_INT8            1]
[CL_R    CL_UNORM_INT16           1]
[CL_R    CL_SIGNED_INT8           1]
[CL_R    CL_SIGNED_INT16          1]
[CL_R    CL_SIGNED_INT32          1]
[CL_R    CL_UNSIGNED_INT8         1]
[CL_R    CL_UNSIGNED_INT16        1]
[CL_R    CL_UNSIGNED_INT32        1]
[CL_R    CL_HALF_FLOAT            1]
[CL_R    CL_FLOAT                 1]
[CL_RG   CL_SNORM_INT8            2]
[CL_RG   CL_SNORM_INT16           2]
[CL_RG   CL_UNORM_INT8            2]
[CL_RG   CL_UNORM_INT16           2]
[CL_RG   CL_SIGNED_INT8           2]
[CL_RG   CL_SIGNED_INT16          2]
[CL_RG   CL_SIGNED_INT32          2]
[CL_RG   CL_UNSIGNED_INT8         2]
[CL_RG   CL_UNSIGNED_INT16        2]
[CL_RG   CL_UNSIGNED_INT32        2]
[CL_RG   CL_HALF_FLOAT            2]
[CL_RG   CL_FLOAT                 2]
[CL_RGBA CL_SNORM_INT8            4]
[CL_RGBA CL_SNORM_INT16           4]
[CL_RGBA CL_UNORM_INT8            4]
[CL_RGBA CL_UNORM_INT16           4]
[CL_RGBA CL_SIGNED_INT8           4]
[CL_RGBA CL_SIGNED_INT16          4]
[CL_RGBA CL_SIGNED_INT32          4]
[CL_RGBA CL_UNSIGNED_INT8         4]
[CL_RGBA CL_UNSIGNED_INT16        4]
[CL_RGBA CL_UNSIGNED_INT32        4]
[CL_RGBA CL_HALF_FLOAT            4]
[CL_RGBA CL_FLOAT                 4]
[CL_BGRA CL_SNORM_INT8            4]
[CL_BGRA CL_UNORM_INT8            4]
[CL_BGRA CL_SIGNED_INT8           4]
[CL_BGRA CL_UNSIGNED_INT8         4]
[CL_ARGB CL_SNORM_INT8            4]
[CL_ARGB CL_UNORM_INT8            4]
[CL_DEPTH CL_UNORM_INT16           1]
[CL_DEPTH CL_FLOAT                 1]
[CL_ABGR CL_SNORM_INT8            4]
[CL_ABGR CL_UNORM_INT8            4]
[CL_ABGR CL_UNORM_INT_2_101010_EXT 4]
2D passed
3D...
Running 3D read-only tests...
[CL_R    CL_SNORM_INT8            1]
[CL_R    CL_SNORM_INT16           1]
[CL_R    CL_UNORM_INT8            1]
[CL_R    CL_UNORM_INT16           1]
[CL_R    CL_SIGNED_INT8           1]
[CL_R    CL_SIGNED_INT16          1]
[CL_R    CL_SIGNED_INT32          1]
[CL_R    CL_UNSIGNED_INT8         1]
[CL_R    CL_UNSIGNED_INT16        1]
[CL_R    CL_UNSIGNED_INT32        1]
[CL_R    CL_HALF_FLOAT            1]
[CL_R    CL_FLOAT                 1]
[CL_RG   CL_SNORM_INT8            2]
[CL_RG   CL_SNORM_INT16           2]
[CL_RG   CL_UNORM_INT8            2]
[CL_RG   CL_UNORM_INT16           2]
[CL_RG   CL_SIGNED_INT8           2]
[CL_RG   CL_SIGNED_INT16          2]
[CL_RG   CL_SIGNED_INT32          2]
[CL_RG   CL_UNSIGNED_INT8         2]
[CL_RG   CL_UNSIGNED_INT16        2]
[CL_RG   CL_UNSIGNED_INT32        2]
[CL_RG   CL_HALF_FLOAT            2]
[CL_RG   CL_FLOAT                 2]
[CL_RGBA CL_SNORM_INT8            4]
[CL_RGBA CL_SNORM_INT16           4]
[CL_RGBA CL_UNORM_INT8            4]
[CL_RGBA CL_UNORM_INT16           4]
[CL_RGBA CL_SIGNED_INT8           4]
[CL_RGBA CL_SIGNED_INT16          4]
[CL_RGBA CL_SIGNED_INT32          4]
[CL_RGBA CL_UNSIGNED_INT8         4]
[CL_RGBA CL_UNSIGNED_INT16        4]
[CL_RGBA CL_UNSIGNED_INT32        4]
[CL_RGBA CL_HALF_FLOAT            4]
[CL_RGBA CL_FLOAT                 4]
[CL_BGRA CL_SNORM_INT8            4]
[CL_BGRA CL_UNORM_INT8            4]
[CL_BGRA CL_SIGNED_INT8           4]
[CL_BGRA CL_UNSIGNED_INT8         4]
[CL_ARGB CL_SNORM_INT8            4]
[CL_ARGB CL_UNORM_INT8            4]
[CL_sRGBA CL_UNORM_INT8            4]
[CL_sBGRA CL_UNORM_INT8            4]
[CL_ABGR CL_SNORM_INT8            4]
[CL_ABGR CL_UNORM_INT8            4]
[CL_ABGR CL_UNORM_INT_2_101010_EXT 4]
Running 3D write-only tests...
[CL_R    CL_SNORM_INT8            1]
[CL_R    CL_SNORM_INT16           1]
[CL_R    CL_UNORM_INT8            1]
[CL_R    CL_UNORM_INT16           1]
[CL_R    CL_SIGNED_INT8           1]
[CL_R    CL_SIGNED_INT16          1]
[CL_R    CL_SIGNED_INT32          1]
[CL_R    CL_UNSIGNED_INT8         1]
[CL_R    CL_UNSIGNED_INT16        1]
[CL_R    CL_UNSIGNED_INT32        1]
[CL_R    CL_HALF_FLOAT            1]
[CL_R    CL_FLOAT                 1]
[CL_RG   CL_SNORM_INT8            2]
[CL_RG   CL_SNORM_INT16           2]
[CL_RG   CL_UNORM_INT8            2]
[CL_RG   CL_UNORM_INT16           2]
[CL_RG   CL_SIGNED_INT8           2]
[CL_RG   CL_SIGNED_INT16          2]
[CL_RG   CL_SIGNED_INT32          2]
[CL_RG   CL_UNSIGNED_INT8         2]
[CL_RG   CL_UNSIGNED_INT16        2]
[CL_RG   CL_UNSIGNED_INT32        2]
[CL_RG   CL_HALF_FLOAT            2]
[CL_RG   CL_FLOAT                 2]
[CL_RGBA CL_SNORM_INT8            4]
[CL_RGBA CL_SNORM_INT16           4]
[CL_RGBA CL_UNORM_INT8            4]
[CL_RGBA CL_UNORM_INT16           4]
[CL_RGBA CL_SIGNED_INT8           4]
[CL_RGBA CL_SIGNED_INT16          4]
[CL_RGBA CL_SIGNED_INT32          4]
[CL_RGBA CL_UNSIGNED_INT8         4]
[CL_RGBA CL_UNSIGNED_INT16        4]
[CL_RGBA CL_UNSIGNED_INT32        4]
[CL_RGBA CL_HALF_FLOAT            4]
[CL_RGBA CL_FLOAT                 4]
[CL_BGRA CL_SNORM_INT8            4]
[CL_BGRA CL_UNORM_INT8            4]
[CL_BGRA CL_SIGNED_INT8           4]
[CL_BGRA CL_UNSIGNED_INT8         4]
[CL_ARGB CL_SNORM_INT8            4]
[CL_ARGB CL_UNORM_INT8            4]
[CL_ABGR CL_SNORM_INT8            4]
[CL_ABGR CL_UNORM_INT8            4]
[CL_ABGR CL_UNORM_INT_2_101010_EXT 4]
3D passed
1Darray...
Running 1D array read-only tests...
[CL_R    CL_SNORM_INT8            1]
[CL_R    CL_SNORM_INT16           1]
[CL_R    CL_UNORM_INT8            1]
[CL_R    CL_UNORM_INT16           1]
[CL_R    CL_SIGNED_INT8           1]
[CL_R    CL_SIGNED_INT16          1]
[CL_R    CL_SIGNED_INT32          1]
[CL_R    CL_UNSIGNED_INT8         1]
[CL_R    CL_UNSIGNED_INT16        1]
[CL_R    CL_UNSIGNED_INT32        1]
[CL_R    CL_HALF_FLOAT            1]
[CL_R    CL_FLOAT                 1]
[CL_RG   CL_SNORM_INT8            2]
[CL_RG   CL_SNORM_INT16           2]
[CL_RG   CL_UNORM_INT8            2]
[CL_RG   CL_UNORM_INT16           2]
[CL_RG   CL_SIGNED_INT8           2]
[CL_RG   CL_SIGNED_INT16          2]
[CL_RG   CL_SIGNED_INT32          2]
[CL_RG   CL_UNSIGNED_INT8         2]
[CL_RG   CL_UNSIGNED_INT16        2]
[CL_RG   CL_UNSIGNED_INT32        2]
[CL_RG   CL_HALF_FLOAT            2]
[CL_RG   CL_FLOAT                 2]
[CL_RGBA CL_SNORM_INT8            4]
[CL_RGBA CL_SNORM_INT16           4]
[CL_RGBA CL_UNORM_INT8            4]
[CL_RGBA CL_UNORM_INT16           4]
[CL_RGBA CL_SIGNED_INT8           4]
[CL_RGBA CL_SIGNED_INT16          4]
[CL_RGBA CL_SIGNED_INT32          4]
[CL_RGBA CL_UNSIGNED_INT8         4]
[CL_RGBA CL_UNSIGNED_INT16        4]
[CL_RGBA CL_UNSIGNED_INT32        4]
[CL_RGBA CL_HALF_FLOAT            4]
[CL_RGBA CL_FLOAT                 4]
[CL_BGRA CL_SNORM_INT8            4]
[CL_BGRA CL_UNORM_INT8            4]
[CL_BGRA CL_SIGNED_INT8           4]
[CL_BGRA CL_UNSIGNED_INT8         4]
[CL_ARGB CL_SNORM_INT8            4]
[CL_ARGB CL_UNORM_INT8            4]
[CL_sRGBA CL_UNORM_INT8            4]
[CL_sBGRA CL_UNORM_INT8            4]
[CL_ABGR CL_SNORM_INT8            4]
[CL_ABGR CL_UNORM_INT8            4]
[CL_ABGR CL_UNORM_INT_2_101010_EXT 4]
Running 1D array write-only tests...
[CL_R    CL_SNORM_INT8            1]
[CL_R    CL_SNORM_INT16           1]
[CL_R    CL_UNORM_INT8            1]
[CL_R    CL_UNORM_INT16           1]
[CL_R    CL_SIGNED_INT8           1]
[CL_R    CL_SIGNED_INT16          1]
[CL_R    CL_SIGNED_INT32          1]
[CL_R    CL_UNSIGNED_INT8         1]
[CL_R    CL_UNSIGNED_INT16        1]
[CL_R    CL_UNSIGNED_INT32        1]
[CL_R    CL_HALF_FLOAT            1]
[CL_R    CL_FLOAT                 1]
[CL_RG   CL_SNORM_INT8            2]
[CL_RG   CL_SNORM_INT16           2]
[CL_RG   CL_UNORM_INT8            2]
[CL_RG   CL_UNORM_INT16           2]
[CL_RG   CL_SIGNED_INT8           2]
[CL_RG   CL_SIGNED_INT16          2]
[CL_RG   CL_SIGNED_INT32          2]
[CL_RG   CL_UNSIGNED_INT8         2]
[CL_RG   CL_UNSIGNED_INT16        2]
[CL_RG   CL_UNSIGNED_INT32        2]
[CL_RG   CL_HALF_FLOAT            2]
[CL_RG   CL_FLOAT                 2]
[CL_RGBA CL_SNORM_INT8            4]
[CL_RGBA CL_SNORM_INT16           4]
[CL_RGBA CL_UNORM_INT8            4]
[CL_RGBA CL_UNORM_INT16           4]
[CL_RGBA CL_SIGNED_INT8           4]
[CL_RGBA CL_SIGNED_INT16          4]
[CL_RGBA CL_SIGNED_INT32          4]
[CL_RGBA CL_UNSIGNED_INT8         4]
[CL_RGBA CL_UNSIGNED_INT16        4]
[CL_RGBA CL_UNSIGNED_INT32        4]
[CL_RGBA CL_HALF_FLOAT            4]
[CL_RGBA CL_FLOAT                 4]
[CL_BGRA CL_SNORM_INT8            4]
[CL_BGRA CL_UNORM_INT8            4]
[CL_BGRA CL_SIGNED_INT8           4]
[CL_BGRA CL_UNSIGNED_INT8         4]
[CL_ARGB CL_SNORM_INT8            4]
[CL_ARGB CL_UNORM_INT8            4]
[CL_ABGR CL_SNORM_INT8            4]
[CL_ABGR CL_UNORM_INT8            4]
[CL_ABGR CL_UNORM_INT_2_101010_EXT 4]
1Darray passed
2Darray...
Running 2D array read-only tests...
[CL_R    CL_SNORM_INT8            1]
[CL_R    CL_SNORM_INT16           1]
[CL_R    CL_UNORM_INT8            1]
[CL_R    CL_UNORM_INT16           1]
[CL_R    CL_SIGNED_INT8           1]
[CL_R    CL_SIGNED_INT16          1]
[CL_R    CL_SIGNED_INT32          1]
[CL_R    CL_UNSIGNED_INT8         1]
[CL_R    CL_UNSIGNED_INT16        1]
[CL_R    CL_UNSIGNED_INT32        1]
[CL_R    CL_HALF_FLOAT            1]
[CL_R    CL_FLOAT                 1]
[CL_RG   CL_SNORM_INT8            2]
[CL_RG   CL_SNORM_INT16           2]
[CL_RG   CL_UNORM_INT8            2]
[CL_RG   CL_UNORM_INT16           2]
[CL_RG   CL_SIGNED_INT8           2]
[CL_RG   CL_SIGNED_INT16          2]
[CL_RG   CL_SIGNED_INT32          2]
[CL_RG   CL_UNSIGNED_INT8         2]
[CL_RG   CL_UNSIGNED_INT16        2]
[CL_RG   CL_UNSIGNED_INT32        2]
[CL_RG   CL_HALF_FLOAT            2]
[CL_RG   CL_FLOAT                 2]
[CL_RGBA CL_SNORM_INT8            4]
[CL_RGBA CL_SNORM_INT16           4]
[CL_RGBA CL_UNORM_INT8            4]
[CL_RGBA CL_UNORM_INT16           4]
[CL_RGBA CL_SIGNED_INT8           4]
[CL_RGBA CL_SIGNED_INT16          4]
[CL_RGBA CL_SIGNED_INT32          4]
[CL_RGBA CL_UNSIGNED_INT8         4]
[CL_RGBA CL_UNSIGNED_INT16        4]
[CL_RGBA CL_UNSIGNED_INT32        4]
[CL_RGBA CL_HALF_FLOAT            4]
[CL_RGBA CL_FLOAT                 4]
[CL_BGRA CL_SNORM_INT8            4]
[CL_BGRA CL_UNORM_INT8            4]
[CL_BGRA CL_SIGNED_INT8           4]
[CL_BGRA CL_UNSIGNED_INT8         4]
[CL_ARGB CL_SNORM_INT8            4]
[CL_ARGB CL_UNORM_INT8            4]
[CL_DEPTH CL_UNORM_INT16           1]
[CL_DEPTH CL_FLOAT                 1]
[CL_sRGBA CL_UNORM_INT8            4]
[CL_sBGRA CL_UNORM_INT8            4]
[CL_ABGR CL_SNORM_INT8            4]
[CL_ABGR CL_UNORM_INT8            4]
[CL_ABGR CL_UNORM_INT_2_101010_EXT 4]
Running 2D array write-only tests...
[CL_R    CL_SNORM_INT8            1]
[CL_R    CL_SNORM_INT16           1]
[CL_R    CL_UNORM_INT8            1]
[CL_R    CL_UNORM_INT16           1]
[CL_R    CL_SIGNED_INT8           1]
[CL_R    CL_SIGNED_INT16          1]
[CL_R    CL_SIGNED_INT32          1]
[CL_R    CL_UNSIGNED_INT8         1]
[CL_R    CL_UNSIGNED_INT16        1]
[CL_R    CL_UNSIGNED_INT32        1]
[CL_R    CL_HALF_FLOAT            1]
[CL_R    CL_FLOAT                 1]
[CL_RG   CL_SNORM_INT8            2]
[CL_RG   CL_SNORM_INT16           2]
[CL_RG   CL_UNORM_INT8            2]
[CL_RG   CL_UNORM_INT16           2]
[CL_RG   CL_SIGNED_INT8           2]
[CL_RG   CL_SIGNED_INT16          2]
[CL_RG   CL_SIGNED_INT32          2]
[CL_RG   CL_UNSIGNED_INT8         2]
[CL_RG   CL_UNSIGNED_INT16        2]
[CL_RG   CL_UNSIGNED_INT32        2]
[CL_RG   CL_HALF_FLOAT            2]
[CL_RG   CL_FLOAT                 2]
[CL_RGBA CL_SNORM_INT8            4]
[CL_RGBA CL_SNORM_INT16           4]
[CL_RGBA CL_UNORM_INT8            4]
[CL_RGBA CL_UNORM_INT16           4]
[CL_RGBA CL_SIGNED_INT8           4]
[CL_RGBA CL_SIGNED_INT16          4]
[CL_RGBA CL_SIGNED_INT32          4]
[CL_RGBA CL_UNSIGNED_INT8         4]
[CL_RGBA CL_UNSIGNED_INT16        4]
[CL_RGBA CL_UNSIGNED_INT32        4]
[CL_RGBA CL_HALF_FLOAT            4]
[CL_RGBA CL_FLOAT                 4]
[CL_BGRA CL_SNORM_INT8            4]
[CL_BGRA CL_UNORM_INT8            4]
[CL_BGRA CL_SIGNED_INT8           4]
[CL_BGRA CL_UNSIGNED_INT8         4]
[CL_ARGB CL_SNORM_INT8            4]
[CL_ARGB CL_UNORM_INT8            4]
[CL_DEPTH CL_UNORM_INT16           1]
[CL_DEPTH CL_FLOAT                 1]
[CL_ABGR CL_SNORM_INT8            4]
[CL_ABGR CL_UNORM_INT8            4]
[CL_ABGR CL_UNORM_INT_2_101010_EXT 4]
2Darray passed
1Dbuffer...
Running 1D image buffer read-only tests...
[CL_R    CL_SNORM_INT8            1]
[CL_R    CL_SNORM_INT16           1]
[CL_R    CL_UNORM_INT8            1]
[CL_R    CL_UNORM_INT16           1]
[CL_R    CL_SIGNED_INT8           1]
[CL_R    CL_SIGNED_INT16          1]
[CL_R    CL_SIGNED_INT32          1]
[CL_R    CL_UNSIGNED_INT8         1]
[CL_R    CL_UNSIGNED_INT16        1]
[CL_R    CL_UNSIGNED_INT32        1]
[CL_R    CL_HALF_FLOAT            1]
[CL_R    CL_FLOAT                 1]
[CL_RG   CL_SNORM_INT8            2]
[CL_RG   CL_SNORM_INT16           2]
[CL_RG   CL_UNORM_INT8            2]
[CL_RG   CL_UNORM_INT16           2]
[CL_RG   CL_SIGNED_INT8           2]
[CL_RG   CL_SIGNED_INT16          2]
[CL_RG   CL_SIGNED_INT32          2]
[CL_RG   CL_UNSIGNED_INT8         2]
[CL_RG   CL_UNSIGNED_INT16        2]
[CL_RG   CL_UNSIGNED_INT32        2]
[CL_RG   CL_HALF_FLOAT            2]
[CL_RG   CL_FLOAT                 2]
[CL_RGBA CL_SNORM_INT8            4]
[CL_RGBA CL_SNORM_INT16           4]
[CL_RGBA CL_UNORM_INT8            4]
[CL_RGBA CL_UNORM_INT16           4]
[CL_RGBA CL_SIGNED_INT8           4]
[CL_RGBA CL_SIGNED_INT16          4]
[CL_RGBA CL_SIGNED_INT32          4]
[CL_RGBA CL_UNSIGNED_INT8         4]
[CL_RGBA CL_UNSIGNED_INT16        4]
[CL_RGBA CL_UNSIGNED_INT32        4]
[CL_RGBA CL_HALF_FLOAT            4]
[CL_RGBA CL_FLOAT                 4]
[CL_BGRA CL_SNORM_INT8            4]
[CL_BGRA CL_UNORM_INT8            4]
[CL_BGRA CL_SIGNED_INT8           4]
[CL_BGRA CL_UNSIGNED_INT8         4]
[CL_ARGB CL_SNORM_INT8            4]
[CL_ARGB CL_UNORM_INT8            4]
[CL_sRGBA CL_UNORM_INT8            4]
[CL_sBGRA CL_UNORM_INT8            4]
[CL_ABGR CL_SNORM_INT8            4]
[CL_ABGR CL_UNORM_INT8            4]
[CL_ABGR CL_UNORM_INT_2_101010_EXT 4]
Running 1D image buffer write-only tests...
[CL_R    CL_SNORM_INT8            1]
[CL_R    CL_SNORM_INT16           1]
[CL_R    CL_UNORM_INT8            1]
[CL_R    CL_UNORM_INT16           1]
[CL_R    CL_SIGNED_INT8           1]
[CL_R    CL_SIGNED_INT16          1]
[CL_R    CL_SIGNED_INT32          1]
[CL_R    CL_UNSIGNED_INT8         1]
[CL_R    CL_UNSIGNED_INT16        1]
[CL_R    CL_UNSIGNED_INT32        1]
[CL_R    CL_HALF_FLOAT            1]
[CL_R    CL_FLOAT                 1]
[CL_RG   CL_SNORM_INT8            2]
[CL_RG   CL_SNORM_INT16           2]
[CL_RG   CL_UNORM_INT8            2]
[CL_RG   CL_UNORM_INT16           2]
[CL_RG   CL_SIGNED_INT8           2]
[CL_RG   CL_SIGNED_INT16          2]
[CL_RG   CL_SIGNED_INT32          2]
[CL_RG   CL_UNSIGNED_INT8         2]
[CL_RG   CL_UNSIGNED_INT16        2]
[CL_RG   CL_UNSIGNED_INT32        2]
[CL_RG   CL_HALF_FLOAT            2]
[CL_RG   CL_FLOAT                 2]
[CL_RGBA CL_SNORM_INT8            4]
[CL_RGBA CL_SNORM_INT16           4]
[CL_RGBA CL_UNORM_INT8            4]
[CL_RGBA CL_UNORM_INT16           4]
[CL_RGBA CL_SIGNED_INT8           4]
[CL_RGBA CL_SIGNED_INT16          4]
[CL_RGBA CL_SIGNED_INT32          4]
[CL_RGBA CL_UNSIGNED_INT8         4]
[CL_RGBA CL_UNSIGNED_INT16        4]
[CL_RGBA CL_UNSIGNED_INT32        4]
[CL_RGBA CL_HALF_FLOAT            4]
[CL_RGBA CL_FLOAT                 4]
[CL_BGRA CL_SNORM_INT8            4]
[CL_BGRA CL_UNORM_INT8            4]
[CL_BGRA CL_SIGNED_INT8           4]
[CL_BGRA CL_UNSIGNED_INT8         4]
[CL_ARGB CL_SNORM_INT8            4]
[CL_ARGB CL_UNORM_INT8            4]
[CL_ABGR CL_SNORM_INT8            4]
[CL_ABGR CL_UNORM_INT8            4]
[CL_ABGR CL_UNORM_INT_2_101010_EXT 4]
1Dbuffer passed
PASSED 560 of 560 sub-tests.
PASSED 6 of 6 tests.
