 Initializing random seed to 0.
Requesting Default device based on command line for platform index 0 and device index 0
Compute Device Name = Apple M1 (G13G B1), Compute Device Vendor = Apple, Compute Device Version = OpenCL 3.1 , CL C Version = OpenCL C 1.2 
Device latest conformance version passed: v2026-03-25-00
Supports single precision denormals: NO
sizeof( void*) = 8  (host)
sizeof( void*) = 8  (device)
read_array_int...
 int1 data verified
CL_PROFILING_COMMAND_QUEUED: 1694728877620416 CL_PROFILING_COMMAND_SUBMIT: 1694728878399541 CL_PROFILING_COMMAND_START: 1694728878400041 CL_PROFILING_COMMAND_END: 1694728878409958 CL_DEVICE_PROFILING_TIMER_RESOLUTION: 1
Profiling info:
Time from queue to submit : 0.779125ms
Time from submit to start : 0.000500ms
Time from start to end: 0.009917ms
 int2 data verified
CL_PROFILING_COMMAND_QUEUED: 1694728880424208 CL_PROFILING_COMMAND_SUBMIT: 1694728880726083 CL_PROFILING_COMMAND_START: 1694728880726541 CL_PROFILING_COMMAND_END: 1694728880741875 CL_DEVICE_PROFILING_TIMER_RESOLUTION: 1
Profiling info:
Time from queue to submit : 0.301875ms
Time from submit to start : 0.000458ms
Time from start to end: 0.015334ms
 int4 data verified
CL_PROFILING_COMMAND_QUEUED: 1694728882714333 CL_PROFILING_COMMAND_SUBMIT: 1694728883011875 CL_PROFILING_COMMAND_START: 1694728883012291 CL_PROFILING_COMMAND_END: 1694728883044041 CL_DEVICE_PROFILING_TIMER_RESOLUTION: 1
Profiling info:
Time from queue to submit : 0.297542ms
Time from submit to start : 0.000416ms
Time from start to end: 0.031750ms
 int8 data verified
CL_PROFILING_COMMAND_QUEUED: 1694728885293791 CL_PROFILING_COMMAND_SUBMIT: 1694728885605041 CL_PROFILING_COMMAND_START: 1694728885605458 CL_PROFILING_COMMAND_END: 1694728885654416 CL_DEVICE_PROFILING_TIMER_RESOLUTION: 1
Profiling info:
Time from queue to submit : 0.311250ms
Time from submit to start : 0.000417ms
Time from start to end: 0.048958ms
 int16 data verified
CL_PROFILING_COMMAND_QUEUED: 1694728887902291 CL_PROFILING_COMMAND_SUBMIT: 1694728888234208 CL_PROFILING_COMMAND_START: 1694728888234708 CL_PROFILING_COMMAND_END: 1694728888330458 CL_DEVICE_PROFILING_TIMER_RESOLUTION: 1
Profiling info:
Time from queue to submit : 0.331917ms
Time from submit to start : 0.000500ms
Time from start to end: 0.095750ms
read_array_int passed
read_array_uint...
 uint1 data verified
CL_PROFILING_COMMAND_QUEUED: 1694728890502750 CL_PROFILING_COMMAND_SUBMIT: 1694728890865375 CL_PROFILING_COMMAND_START: 1694728890866583 CL_PROFILING_COMMAND_END: 1694728890874250 CL_DEVICE_PROFILING_TIMER_RESOLUTION: 1
Profiling info:
Time from queue to submit : 0.362625ms
Time from submit to start : 0.001208ms
Time from start to end: 0.007667ms
 uint2 data verified
CL_PROFILING_COMMAND_QUEUED: 1694728892748250 CL_PROFILING_COMMAND_SUBMIT: 1694728893113166 CL_PROFILING_COMMAND_START: 1694728893114458 CL_PROFILING_COMMAND_END: 1694728893125583 CL_DEVICE_PROFILING_TIMER_RESOLUTION: 1
Profiling info:
Time from queue to submit : 0.364916ms
Time from submit to start : 0.001292ms
Time from start to end: 0.011125ms
 uint4 data verified
CL_PROFILING_COMMAND_QUEUED: 1694728895043666 CL_PROFILING_COMMAND_SUBMIT: 1694728895368875 CL_PROFILING_COMMAND_START: 1694728895370083 CL_PROFILING_COMMAND_END: 1694728895389125 CL_DEVICE_PROFILING_TIMER_RESOLUTION: 1
Profiling info:
Time from queue to submit : 0.325209ms
Time from submit to start : 0.001208ms
Time from start to end: 0.019042ms
 uint8 data verified
CL_PROFILING_COMMAND_QUEUED: 1694728897445166 CL_PROFILING_COMMAND_SUBMIT: 1694728897775541 CL_PROFILING_COMMAND_START: 1694728897776666 CL_PROFILING_COMMAND_END: 1694728897810083 CL_DEVICE_PROFILING_TIMER_RESOLUTION: 1
Profiling info:
Time from queue to submit : 0.330375ms
Time from submit to start : 0.001125ms
Time from start to end: 0.033417ms
 uint16 data verified
CL_PROFILING_COMMAND_QUEUED: 1694728899733333 CL_PROFILING_COMMAND_SUBMIT: 1694728900114750 CL_PROFILING_COMMAND_START: 1694728900115916 CL_PROFILING_COMMAND_END: 1694728900176583 CL_DEVICE_PROFILING_TIMER_RESOLUTION: 1
Profiling info:
Time from queue to submit : 0.381417ms
Time from submit to start : 0.001166ms
Time from start to end: 0.060667ms
read_array_uint passed
read_array_long...
 long1 data verified
CL_PROFILING_COMMAND_QUEUED: 1694728902282875 CL_PROFILING_COMMAND_SUBMIT: 1694728902668083 CL_PROFILING_COMMAND_START: 1694728902669333 CL_PROFILING_COMMAND_END: 1694728902683708 CL_DEVICE_PROFILING_TIMER_RESOLUTION: 1
Profiling info:
Time from queue to submit : 0.385208ms
Time from submit to start : 0.001250ms
Time from start to end: 0.014375ms
 long2 data verified
CL_PROFILING_COMMAND_QUEUED: 1694728904813333 CL_PROFILING_COMMAND_SUBMIT: 1694728905129791 CL_PROFILING_COMMAND_START: 1694728905130750 CL_PROFILING_COMMAND_END: 1694728905154166 CL_DEVICE_PROFILING_TIMER_RESOLUTION: 1
Profiling info:
Time from queue to submit : 0.316458ms
Time from submit to start : 0.000959ms
Time from start to end: 0.023416ms
 long4 data verified
CL_PROFILING_COMMAND_QUEUED: 1694728907458416 CL_PROFILING_COMMAND_SUBMIT: 1694728907814791 CL_PROFILING_COMMAND_START: 1694728907816083 CL_PROFILING_COMMAND_END: 1694728907860416 CL_DEVICE_PROFILING_TIMER_RESOLUTION: 1
Profiling info:
Time from queue to submit : 0.356375ms
Time from submit to start : 0.001292ms
Time from start to end: 0.044333ms
 long8 data verified
CL_PROFILING_COMMAND_QUEUED: 1694728910189416 CL_PROFILING_COMMAND_SUBMIT: 1694728910597250 CL_PROFILING_COMMAND_START: 1694728910598541 CL_PROFILING_COMMAND_END: 1694728910685208 CL_DEVICE_PROFILING_TIMER_RESOLUTION: 1
Profiling info:
Time from queue to submit : 0.407834ms
Time from submit to start : 0.001291ms
Time from start to end: 0.086667ms
 long16 data verified
CL_PROFILING_COMMAND_QUEUED: 1694728913820666 CL_PROFILING_COMMAND_SUBMIT: 1694728914288750 CL_PROFILING_COMMAND_START: 1694728914290083 CL_PROFILING_COMMAND_END: 1694728914758791 CL_DEVICE_PROFILING_TIMER_RESOLUTION: 1
Profiling info:
Time from queue to submit : 0.468084ms
Time from submit to start : 0.001333ms
Time from start to end: 0.468708ms
read_array_long passed
read_array_ulong...
 ulong1 data verified
CL_PROFILING_COMMAND_QUEUED: 1694728917585125 CL_PROFILING_COMMAND_SUBMIT: 1694728918017041 CL_PROFILING_COMMAND_START: 1694728918018291 CL_PROFILING_COMMAND_END: 1694728918032291 CL_DEVICE_PROFILING_TIMER_RESOLUTION: 1
Profiling info:
Time from queue to submit : 0.431916ms
Time from submit to start : 0.001250ms
Time from start to end: 0.014000ms
 ulong2 data verified
CL_PROFILING_COMMAND_QUEUED: 1694728919911708 CL_PROFILING_COMMAND_SUBMIT: 1694728920239125 CL_PROFILING_COMMAND_START: 1694728920240458 CL_PROFILING_COMMAND_END: 1694728920264125 CL_DEVICE_PROFILING_TIMER_RESOLUTION: 1
Profiling info:
Time from queue to submit : 0.327417ms
Time from submit to start : 0.001333ms
Time from start to end: 0.023667ms
 ulong4 data verified
CL_PROFILING_COMMAND_QUEUED: 1694728922559833 CL_PROFILING_COMMAND_SUBMIT: 1694728922918791 CL_PROFILING_COMMAND_START: 1694728922920083 CL_PROFILING_COMMAND_END: 1694728922965291 CL_DEVICE_PROFILING_TIMER_RESOLUTION: 1
Profiling info:
Time from queue to submit : 0.358958ms
Time from submit to start : 0.001292ms
Time from start to end: 0.045208ms
 ulong8 data verified
CL_PROFILING_COMMAND_QUEUED: 1694728925315500 CL_PROFILING_COMMAND_SUBMIT: 1694728925703583 CL_PROFILING_COMMAND_START: 1694728925704833 CL_PROFILING_COMMAND_END: 1694728925791583 CL_DEVICE_PROFILING_TIMER_RESOLUTION: 1
Profiling info:
Time from queue to submit : 0.388083ms
Time from submit to start : 0.001250ms
Time from start to end: 0.086750ms
 ulong16 data verified
CL_PROFILING_COMMAND_QUEUED: 1694728927991041 CL_PROFILING_COMMAND_SUBMIT: 1694728928437541 CL_PROFILING_COMMAND_START: 1694728928438875 CL_PROFILING_COMMAND_END: 1694728928610291 CL_DEVICE_PROFILING_TIMER_RESOLUTION: 1
Profiling info:
Time from queue to submit : 0.446500ms
Time from submit to start : 0.001334ms
Time from start to end: 0.171416ms
read_array_ulong passed
read_array_short...
 short1 data verified
CL_PROFILING_COMMAND_QUEUED: 1694728930948583 CL_PROFILING_COMMAND_SUBMIT: 1694728931325375 CL_PROFILING_COMMAND_START: 1694728931325916 CL_PROFILING_COMMAND_END: 1694728931337791 CL_DEVICE_PROFILING_TIMER_RESOLUTION: 1
Profiling info:
Time from queue to submit : 0.376792ms
Time from submit to start : 0.000541ms
Time from start to end: 0.011875ms
 short2 data verified
CL_PROFILING_COMMAND_QUEUED: 1694728933407000 CL_PROFILING_COMMAND_SUBMIT: 1694728933705333 CL_PROFILING_COMMAND_START: 1694728933705833 CL_PROFILING_COMMAND_END: 1694728933709291 CL_DEVICE_PROFILING_TIMER_RESOLUTION: 1
Profiling info:
Time from queue to submit : 0.298333ms
Time from submit to start : 0.000500ms
Time from start to end: 0.003458ms
 short4 data verified
CL_PROFILING_COMMAND_QUEUED: 1694728935587958 CL_PROFILING_COMMAND_SUBMIT: 1694728935961000 CL_PROFILING_COMMAND_START: 1694728935961916 CL_PROFILING_COMMAND_END: 1694728935972250 CL_DEVICE_PROFILING_TIMER_RESOLUTION: 1
Profiling info:
Time from queue to submit : 0.373042ms
Time from submit to start : 0.000916ms
Time from start to end: 0.010334ms
 short8 data verified
CL_PROFILING_COMMAND_QUEUED: 1694728937987666 CL_PROFILING_COMMAND_SUBMIT: 1694728938305875 CL_PROFILING_COMMAND_START: 1694728938306750 CL_PROFILING_COMMAND_END: 1694728938323291 CL_DEVICE_PROFILING_TIMER_RESOLUTION: 1
Profiling info:
Time from queue to submit : 0.318209ms
Time from submit to start : 0.000875ms
Time from start to end: 0.016541ms
 short16 data verified
CL_PROFILING_COMMAND_QUEUED: 1694728940920666 CL_PROFILING_COMMAND_SUBMIT: 1694728941260875 CL_PROFILING_COMMAND_START: 1694728941261916 CL_PROFILING_COMMAND_END: 1694728941298500 CL_DEVICE_PROFILING_TIMER_RESOLUTION: 1
Profiling info:
Time from queue to submit : 0.340209ms
Time from submit to start : 0.001041ms
Time from start to end: 0.036584ms
read_array_short passed
read_array_ushort...
 ushort1 data verified
CL_PROFILING_COMMAND_QUEUED: 1694728943087208 CL_PROFILING_COMMAND_SUBMIT: 1694728943244500 CL_PROFILING_COMMAND_START: 1694728943244916 CL_PROFILING_COMMAND_END: 1694728943247708 CL_DEVICE_PROFILING_TIMER_RESOLUTION: 1
Profiling info:
Time from queue to submit : 0.157292ms
Time from submit to start : 0.000416ms
Time from start to end: 0.002792ms
 ushort2 data verified
CL_PROFILING_COMMAND_QUEUED: 1694728945092000 CL_PROFILING_COMMAND_SUBMIT: 1694728945246416 CL_PROFILING_COMMAND_START: 1694728945246875 CL_PROFILING_COMMAND_END: 1694728945250291 CL_DEVICE_PROFILING_TIMER_RESOLUTION: 1
Profiling info:
Time from queue to submit : 0.154416ms
Time from submit to start : 0.000459ms
Time from start to end: 0.003416ms
 ushort4 data verified
CL_PROFILING_COMMAND_QUEUED: 1694728947282875 CL_PROFILING_COMMAND_SUBMIT: 1694728947609916 CL_PROFILING_COMMAND_START: 1694728947610708 CL_PROFILING_COMMAND_END: 1694728947620500 CL_DEVICE_PROFILING_TIMER_RESOLUTION: 1
Profiling info:
Time from queue to submit : 0.327041ms
Time from submit to start : 0.000792ms
Time from start to end: 0.009792ms
 ushort8 data verified
CL_PROFILING_COMMAND_QUEUED: 1694728949595000 CL_PROFILING_COMMAND_SUBMIT: 1694728949897958 CL_PROFILING_COMMAND_START: 1694728949898791 CL_PROFILING_COMMAND_END: 1694728949914666 CL_DEVICE_PROFILING_TIMER_RESOLUTION: 1
Profiling info:
Time from queue to submit : 0.302958ms
Time from submit to start : 0.000833ms
Time from start to end: 0.015875ms
 ushort16 data verified
CL_PROFILING_COMMAND_QUEUED: 1694728952081875 CL_PROFILING_COMMAND_SUBMIT: 1694728952456666 CL_PROFILING_COMMAND_START: 1694728952457666 CL_PROFILING_COMMAND_END: 1694728952493541 CL_DEVICE_PROFILING_TIMER_RESOLUTION: 1
Profiling info:
Time from queue to submit : 0.374791ms
Time from submit to start : 0.001000ms
Time from start to end: 0.035875ms
read_array_ushort passed
read_array_float...
 float1 data verified
CL_PROFILING_COMMAND_QUEUED: 1694728954812375 CL_PROFILING_COMMAND_SUBMIT: 1694728955174083 CL_PROFILING_COMMAND_START: 1694728955175125 CL_PROFILING_COMMAND_END: 1694728955182750 CL_DEVICE_PROFILING_TIMER_RESOLUTION: 1
Profiling info:
Time from queue to submit : 0.361708ms
Time from submit to start : 0.001042ms
Time from start to end: 0.007625ms
 float2 data verified
CL_PROFILING_COMMAND_QUEUED: 1694728957449666 CL_PROFILING_COMMAND_SUBMIT: 1694728957768250 CL_PROFILING_COMMAND_START: 1694728957769208 CL_PROFILING_COMMAND_END: 1694728957779916 CL_DEVICE_PROFILING_TIMER_RESOLUTION: 1
Profiling info:
Time from queue to submit : 0.318584ms
Time from submit to start : 0.000958ms
Time from start to end: 0.010708ms
 float4 data verified
CL_PROFILING_COMMAND_QUEUED: 1694728959973416 CL_PROFILING_COMMAND_SUBMIT: 1694728960287708 CL_PROFILING_COMMAND_START: 1694728960288750 CL_PROFILING_COMMAND_END: 1694728960307625 CL_DEVICE_PROFILING_TIMER_RESOLUTION: 1
Profiling info:
Time from queue to submit : 0.314292ms
Time from submit to start : 0.001042ms
Time from start to end: 0.018875ms
 float8 data verified
CL_PROFILING_COMMAND_QUEUED: 1694728962739416 CL_PROFILING_COMMAND_SUBMIT: 1694728963075375 CL_PROFILING_COMMAND_START: 1694728963076375 CL_PROFILING_COMMAND_END: 1694728963119083 CL_DEVICE_PROFILING_TIMER_RESOLUTION: 1
Profiling info:
Time from queue to submit : 0.335959ms
Time from submit to start : 0.001000ms
Time from start to end: 0.042708ms
 float16 data verified
CL_PROFILING_COMMAND_QUEUED: 1694728965834666 CL_PROFILING_COMMAND_SUBMIT: 1694728966230791 CL_PROFILING_COMMAND_START: 1694728966232083 CL_PROFILING_COMMAND_END: 1694728966319208 CL_DEVICE_PROFILING_TIMER_RESOLUTION: 1
Profiling info:
Time from queue to submit : 0.396125ms
Time from submit to start : 0.001292ms
Time from start to end: 0.087125ms
read_array_float passed
read_array_char...
 char1 data verified
CL_PROFILING_COMMAND_QUEUED: 1694728968454291 CL_PROFILING_COMMAND_SUBMIT: 1694728968800791 CL_PROFILING_COMMAND_START: 1694728968801375 CL_PROFILING_COMMAND_END: 1694728968803791 CL_DEVICE_PROFILING_TIMER_RESOLUTION: 1
Profiling info:
Time from queue to submit : 0.346500ms
Time from submit to start : 0.000584ms
Time from start to end: 0.002416ms
 char2 data verified
CL_PROFILING_COMMAND_QUEUED: 1694728971582166 CL_PROFILING_COMMAND_SUBMIT: 1694728971952041 CL_PROFILING_COMMAND_START: 1694728971953375 CL_PROFILING_COMMAND_END: 1694728971959708 CL_DEVICE_PROFILING_TIMER_RESOLUTION: 1
Profiling info:
Time from queue to submit : 0.369875ms
Time from submit to start : 0.001334ms
Time from start to end: 0.006333ms
 char4 data verified
CL_PROFILING_COMMAND_QUEUED: 1694728974445291 CL_PROFILING_COMMAND_SUBMIT: 1694728974822375 CL_PROFILING_COMMAND_START: 1694728974823583 CL_PROFILING_COMMAND_END: 1694728974831916 CL_DEVICE_PROFILING_TIMER_RESOLUTION: 1
Profiling info:
Time from queue to submit : 0.377084ms
Time from submit to start : 0.001208ms
Time from start to end: 0.008333ms
 char8 data verified
CL_PROFILING_COMMAND_QUEUED: 1694728977463083 CL_PROFILING_COMMAND_SUBMIT: 1694728977808333 CL_PROFILING_COMMAND_START: 1694728977809583 CL_PROFILING_COMMAND_END: 1694728977822541 CL_DEVICE_PROFILING_TIMER_RESOLUTION: 1
Profiling info:
Time from queue to submit : 0.345250ms
Time from submit to start : 0.001250ms
Time from start to end: 0.012958ms
 char16 data verified
CL_PROFILING_COMMAND_QUEUED: 1694728980279541 CL_PROFILING_COMMAND_SUBMIT: 1694728980631041 CL_PROFILING_COMMAND_START: 1694728980632250 CL_PROFILING_COMMAND_END: 1694728980656208 CL_DEVICE_PROFILING_TIMER_RESOLUTION: 1
Profiling info:
Time from queue to submit : 0.351500ms
Time from submit to start : 0.001209ms
Time from start to end: 0.023958ms
read_array_char passed
read_array_uchar...
 uchar1 data verified
CL_PROFILING_COMMAND_QUEUED: 1694728982592125 CL_PROFILING_COMMAND_SUBMIT: 1694728982909500 CL_PROFILING_COMMAND_START: 1694728982909916 CL_PROFILING_COMMAND_END: 1694728982912083 CL_DEVICE_PROFILING_TIMER_RESOLUTION: 1
Profiling info:
Time from queue to submit : 0.317375ms
Time from submit to start : 0.000416ms
Time from start to end: 0.002167ms
 uchar2 data verified
CL_PROFILING_COMMAND_QUEUED: 1694728985093791 CL_PROFILING_COMMAND_SUBMIT: 1694728985471458 CL_PROFILING_COMMAND_START: 1694728985472750 CL_PROFILING_COMMAND_END: 1694728985478750 CL_DEVICE_PROFILING_TIMER_RESOLUTION: 1
Profiling info:
Time from queue to submit : 0.377667ms
Time from submit to start : 0.001292ms
Time from start to end: 0.006000ms
 uchar4 data verified
CL_PROFILING_COMMAND_QUEUED: 1694728987710541 CL_PROFILING_COMMAND_SUBMIT: 1694728988053333 CL_PROFILING_COMMAND_START: 1694728988054625 CL_PROFILING_COMMAND_END: 1694728988062666 CL_DEVICE_PROFILING_TIMER_RESOLUTION: 1
Profiling info:
Time from queue to submit : 0.342792ms
Time from submit to start : 0.001292ms
Time from start to end: 0.008041ms
 uchar8 data verified
CL_PROFILING_COMMAND_QUEUED: 1694728990435708 CL_PROFILING_COMMAND_SUBMIT: 1694728990796583 CL_PROFILING_COMMAND_START: 1694728990797833 CL_PROFILING_COMMAND_END: 1694728990811416 CL_DEVICE_PROFILING_TIMER_RESOLUTION: 1
Profiling info:
Time from queue to submit : 0.360875ms
Time from submit to start : 0.001250ms
Time from start to end: 0.013583ms
 uchar16 data verified
CL_PROFILING_COMMAND_QUEUED: 1694728993284541 CL_PROFILING_COMMAND_SUBMIT: 1694728993641958 CL_PROFILING_COMMAND_START: 1694728993643291 CL_PROFILING_COMMAND_END: 1694728993667000 CL_DEVICE_PROFILING_TIMER_RESOLUTION: 1
Profiling info:
Time from queue to submit : 0.357417ms
Time from submit to start : 0.001333ms
Time from start to end: 0.023709ms
read_array_uchar passed
read_array_struct...
 struct1 data verified
CL_PROFILING_COMMAND_QUEUED: 1694728995985291 CL_PROFILING_COMMAND_SUBMIT: 1694728996349791 CL_PROFILING_COMMAND_START: 1694728996350958 CL_PROFILING_COMMAND_END: 1694728996365250 CL_DEVICE_PROFILING_TIMER_RESOLUTION: 1
Profiling info:
Time from queue to submit : 0.364500ms
Time from submit to start : 0.001167ms
Time from start to end: 0.014292ms
read_array_struct passed
write_array_int...
 int1 data verified
CL_PROFILING_COMMAND_QUEUED: 1694728999801125 CL_PROFILING_COMMAND_SUBMIT: 1694728999816250 CL_PROFILING_COMMAND_START: 1694728999817583 CL_PROFILING_COMMAND_END: 1694728999834625 CL_DEVICE_PROFILING_TIMER_RESOLUTION: 1
Profiling info:
Time from queue to submit : 0.015125ms
Time from submit to start : 0.001333ms
Time from start to end: 0.017042ms
 int2 data verified
CL_PROFILING_COMMAND_QUEUED: 1694729003173541 CL_PROFILING_COMMAND_SUBMIT: 1694729003187541 CL_PROFILING_COMMAND_START: 1694729003188750 CL_PROFILING_COMMAND_END: 1694729003214666 CL_DEVICE_PROFILING_TIMER_RESOLUTION: 1
Profiling info:
Time from queue to submit : 0.014000ms
Time from submit to start : 0.001209ms
Time from start to end: 0.025916ms
 int4 data verified
CL_PROFILING_COMMAND_QUEUED: 1694729006899791 CL_PROFILING_COMMAND_SUBMIT: 1694729006918791 CL_PROFILING_COMMAND_START: 1694729006920416 CL_PROFILING_COMMAND_END: 1694729006985041 CL_DEVICE_PROFILING_TIMER_RESOLUTION: 1
Profiling info:
Time from queue to submit : 0.019000ms
Time from submit to start : 0.001625ms
Time from start to end: 0.064625ms
 int8 data verified
CL_PROFILING_COMMAND_QUEUED: 1694729010588875 CL_PROFILING_COMMAND_SUBMIT: 1694729010609166 CL_PROFILING_COMMAND_START: 1694729010610750 CL_PROFILING_COMMAND_END: 1694729010737583 CL_DEVICE_PROFILING_TIMER_RESOLUTION: 1
Profiling info:
Time from queue to submit : 0.020291ms
Time from submit to start : 0.001584ms
Time from start to end: 0.126833ms
 int16 data verified
CL_PROFILING_COMMAND_QUEUED: 1694729015137041 CL_PROFILING_COMMAND_SUBMIT: 1694729015159000 CL_PROFILING_COMMAND_START: 1694729015161000 CL_PROFILING_COMMAND_END: 1694729015410291 CL_DEVICE_PROFILING_TIMER_RESOLUTION: 1
Profiling info:
Time from queue to submit : 0.021959ms
Time from submit to start : 0.002000ms
Time from start to end: 0.249291ms
write_array_int passed
write_array_uint...
 uint1 data verified
CL_PROFILING_COMMAND_QUEUED: 1694729024919250 CL_PROFILING_COMMAND_SUBMIT: 1694729024935041 CL_PROFILING_COMMAND_START: 1694729024936125 CL_PROFILING_COMMAND_END: 1694729024941875 CL_DEVICE_PROFILING_TIMER_RESOLUTION: 1
Profiling info:
Time from queue to submit : 0.015791ms
Time from submit to start : 0.001084ms
Time from start to end: 0.005750ms
 uint2 data verified
CL_PROFILING_COMMAND_QUEUED: 1694729028330250 CL_PROFILING_COMMAND_SUBMIT: 1694729028374041 CL_PROFILING_COMMAND_START: 1694729028379166 CL_PROFILING_COMMAND_END: 1694729028396125 CL_DEVICE_PROFILING_TIMER_RESOLUTION: 1
Profiling info:
Time from queue to submit : 0.043791ms
Time from submit to start : 0.005125ms
Time from start to end: 0.016959ms
 uint4 data verified
CL_PROFILING_COMMAND_QUEUED: 1694729031510833 CL_PROFILING_COMMAND_SUBMIT: 1694729031523666 CL_PROFILING_COMMAND_START: 1694729031524916 CL_PROFILING_COMMAND_END: 1694729031548750 CL_DEVICE_PROFILING_TIMER_RESOLUTION: 1
Profiling info:
Time from queue to submit : 0.012833ms
Time from submit to start : 0.001250ms
Time from start to end: 0.023834ms
 uint8 data verified
CL_PROFILING_COMMAND_QUEUED: 1694729035060708 CL_PROFILING_COMMAND_SUBMIT: 1694729035073125 CL_PROFILING_COMMAND_START: 1694729035074500 CL_PROFILING_COMMAND_END: 1694729035118708 CL_DEVICE_PROFILING_TIMER_RESOLUTION: 1
Profiling info:
Time from queue to submit : 0.012417ms
Time from submit to start : 0.001375ms
Time from start to end: 0.044208ms
 uint16 data verified
CL_PROFILING_COMMAND_QUEUED: 1694729038679666 CL_PROFILING_COMMAND_SUBMIT: 1694729038693833 CL_PROFILING_COMMAND_START: 1694729038695000 CL_PROFILING_COMMAND_END: 1694729038781208 CL_DEVICE_PROFILING_TIMER_RESOLUTION: 1
Profiling info:
Time from queue to submit : 0.014167ms
Time from submit to start : 0.001167ms
Time from start to end: 0.086208ms
write_array_uint passed
write_array_short...
 short1 data verified
CL_PROFILING_COMMAND_QUEUED: 1694729048301708 CL_PROFILING_COMMAND_SUBMIT: 1694729048339208 CL_PROFILING_COMMAND_START: 1694729048341875 CL_PROFILING_COMMAND_END: 1694729048365375 CL_DEVICE_PROFILING_TIMER_RESOLUTION: 1
Profiling info:
Time from queue to submit : 0.037500ms
Time from submit to start : 0.002667ms
Time from start to end: 0.023500ms
 short2 data verified
CL_PROFILING_COMMAND_QUEUED: 1694729051304250 CL_PROFILING_COMMAND_SUBMIT: 1694729051319250 CL_PROFILING_COMMAND_START: 1694729051320500 CL_PROFILING_COMMAND_END: 1694729051331083 CL_DEVICE_PROFILING_TIMER_RESOLUTION: 1
Profiling info:
Time from queue to submit : 0.015000ms
Time from submit to start : 0.001250ms
Time from start to end: 0.010583ms
 short4 data verified
CL_PROFILING_COMMAND_QUEUED: 1694729054543000 CL_PROFILING_COMMAND_SUBMIT: 1694729054556583 CL_PROFILING_COMMAND_START: 1694729054557791 CL_PROFILING_COMMAND_END: 1694729054571250 CL_DEVICE_PROFILING_TIMER_RESOLUTION: 1
Profiling info:
Time from queue to submit : 0.013583ms
Time from submit to start : 0.001208ms
Time from start to end: 0.013459ms
 short8 data verified
CL_PROFILING_COMMAND_QUEUED: 1694729058528750 CL_PROFILING_COMMAND_SUBMIT: 1694729058541500 CL_PROFILING_COMMAND_START: 1694729058542750 CL_PROFILING_COMMAND_END: 1694729058566583 CL_DEVICE_PROFILING_TIMER_RESOLUTION: 1
Profiling info:
Time from queue to submit : 0.012750ms
Time from submit to start : 0.001250ms
Time from start to end: 0.023833ms
 short16 data verified
CL_PROFILING_COMMAND_QUEUED: 1694729062558916 CL_PROFILING_COMMAND_SUBMIT: 1694729062571291 CL_PROFILING_COMMAND_START: 1694729062572750 CL_PROFILING_COMMAND_END: 1694729062617291 CL_DEVICE_PROFILING_TIMER_RESOLUTION: 1
Profiling info:
Time from queue to submit : 0.012375ms
Time from submit to start : 0.001459ms
Time from start to end: 0.044541ms
write_array_short passed
write_array_ushort...
 ushort1 data verified
CL_PROFILING_COMMAND_QUEUED: 1694729074286916 CL_PROFILING_COMMAND_SUBMIT: 1694729074306708 CL_PROFILING_COMMAND_START: 1694729074308000 CL_PROFILING_COMMAND_END: 1694729074312666 CL_DEVICE_PROFILING_TIMER_RESOLUTION: 1
Profiling info:
Time from queue to submit : 0.019792ms
Time from submit to start : 0.001292ms
Time from start to end: 0.004666ms
 ushort2 data verified
CL_PROFILING_COMMAND_QUEUED: 1694729077805458 CL_PROFILING_COMMAND_SUBMIT: 1694729077815875 CL_PROFILING_COMMAND_START: 1694729077816791 CL_PROFILING_COMMAND_END: 1694729077823416 CL_DEVICE_PROFILING_TIMER_RESOLUTION: 1
Profiling info:
Time from queue to submit : 0.010417ms
Time from submit to start : 0.000916ms
Time from start to end: 0.006625ms
 ushort4 data verified
CL_PROFILING_COMMAND_QUEUED: 1694729080575875 CL_PROFILING_COMMAND_SUBMIT: 1694729080585125 CL_PROFILING_COMMAND_START: 1694729080586250 CL_PROFILING_COMMAND_END: 1694729080596541 CL_DEVICE_PROFILING_TIMER_RESOLUTION: 1
Profiling info:
Time from queue to submit : 0.009250ms
Time from submit to start : 0.001125ms
Time from start to end: 0.010291ms
 ushort8 data verified
CL_PROFILING_COMMAND_QUEUED: 1694729083686208 CL_PROFILING_COMMAND_SUBMIT: 1694729083698875 CL_PROFILING_COMMAND_START: 1694729083700125 CL_PROFILING_COMMAND_END: 1694729083723916 CL_DEVICE_PROFILING_TIMER_RESOLUTION: 1
Profiling info:
Time from queue to submit : 0.012667ms
Time from submit to start : 0.001250ms
Time from start to end: 0.023791ms
 ushort16 data verified
CL_PROFILING_COMMAND_QUEUED: 1694729088091083 CL_PROFILING_COMMAND_SUBMIT: 1694729088102041 CL_PROFILING_COMMAND_START: 1694729088103041 CL_PROFILING_COMMAND_END: 1694729088137958 CL_DEVICE_PROFILING_TIMER_RESOLUTION: 1
Profiling info:
Time from queue to submit : 0.010958ms
Time from submit to start : 0.001000ms
Time from start to end: 0.034917ms
write_array_ushort passed
write_array_char...
 char1 data verified
CL_PROFILING_COMMAND_QUEUED: 1694729095815958 CL_PROFILING_COMMAND_SUBMIT: 1694729095835875 CL_PROFILING_COMMAND_START: 1694729095841833 CL_PROFILING_COMMAND_END: 1694729095921291 CL_DEVICE_PROFILING_TIMER_RESOLUTION: 1
Profiling info:
Time from queue to submit : 0.019917ms
Time from submit to start : 0.005958ms
Time from start to end: 0.079458ms
 char2 data verified
CL_PROFILING_COMMAND_QUEUED: 1694729098691458 CL_PROFILING_COMMAND_SUBMIT: 1694729098699583 CL_PROFILING_COMMAND_START: 1694729098700416 CL_PROFILING_COMMAND_END: 1694729098707333 CL_DEVICE_PROFILING_TIMER_RESOLUTION: 1
Profiling info:
Time from queue to submit : 0.008125ms
Time from submit to start : 0.000833ms
Time from start to end: 0.006917ms
 char4 data verified
CL_PROFILING_COMMAND_QUEUED: 1694729101783958 CL_PROFILING_COMMAND_SUBMIT: 1694729101793750 CL_PROFILING_COMMAND_START: 1694729101794708 CL_PROFILING_COMMAND_END: 1694729101801041 CL_DEVICE_PROFILING_TIMER_RESOLUTION: 1
Profiling info:
Time from queue to submit : 0.009792ms
Time from submit to start : 0.000958ms
Time from start to end: 0.006333ms
 char8 data verified
CL_PROFILING_COMMAND_QUEUED: 1694729105900750 CL_PROFILING_COMMAND_SUBMIT: 1694729105910541 CL_PROFILING_COMMAND_START: 1694729105911458 CL_PROFILING_COMMAND_END: 1694729105921500 CL_DEVICE_PROFILING_TIMER_RESOLUTION: 1
Profiling info:
Time from queue to submit : 0.009791ms
Time from submit to start : 0.000917ms
Time from start to end: 0.010042ms
 char16 data verified
CL_PROFILING_COMMAND_QUEUED: 1694729110367166 CL_PROFILING_COMMAND_SUBMIT: 1694729110376791 CL_PROFILING_COMMAND_START: 1694729110377791 CL_PROFILING_COMMAND_END: 1694729110396208 CL_DEVICE_PROFILING_TIMER_RESOLUTION: 1
Profiling info:
Time from queue to submit : 0.009625ms
Time from submit to start : 0.001000ms
Time from start to end: 0.018417ms
write_array_char passed
write_array_uchar...
 uchar1 data verified
CL_PROFILING_COMMAND_QUEUED: 1694729119919333 CL_PROFILING_COMMAND_SUBMIT: 1694729119931291 CL_PROFILING_COMMAND_START: 1694729119932541 CL_PROFILING_COMMAND_END: 1694729119935750 CL_DEVICE_PROFILING_TIMER_RESOLUTION: 1
Profiling info:
Time from queue to submit : 0.011958ms
Time from submit to start : 0.001250ms
Time from start to end: 0.003209ms
 uchar2 data verified
CL_PROFILING_COMMAND_QUEUED: 1694729123241333 CL_PROFILING_COMMAND_SUBMIT: 1694729123250791 CL_PROFILING_COMMAND_START: 1694729123251500 CL_PROFILING_COMMAND_END: 1694729123255166 CL_DEVICE_PROFILING_TIMER_RESOLUTION: 1
Profiling info:
Time from queue to submit : 0.009458ms
Time from submit to start : 0.000709ms
Time from start to end: 0.003666ms
 uchar4 data verified
CL_PROFILING_COMMAND_QUEUED: 1694729126253583 CL_PROFILING_COMMAND_SUBMIT: 1694729126261666 CL_PROFILING_COMMAND_START: 1694729126262416 CL_PROFILING_COMMAND_END: 1694729126267791 CL_DEVICE_PROFILING_TIMER_RESOLUTION: 1
Profiling info:
Time from queue to submit : 0.008083ms
Time from submit to start : 0.000750ms
Time from start to end: 0.005375ms
 uchar8 data verified
CL_PROFILING_COMMAND_QUEUED: 1694729129998541 CL_PROFILING_COMMAND_SUBMIT: 1694729130008250 CL_PROFILING_COMMAND_START: 1694729130009250 CL_PROFILING_COMMAND_END: 1694729130019541 CL_DEVICE_PROFILING_TIMER_RESOLUTION: 1
Profiling info:
Time from queue to submit : 0.009709ms
Time from submit to start : 0.001000ms
Time from start to end: 0.010291ms
 uchar16 data verified
CL_PROFILING_COMMAND_QUEUED: 1694729135144791 CL_PROFILING_COMMAND_SUBMIT: 1694729135155125 CL_PROFILING_COMMAND_START: 1694729135156416 CL_PROFILING_COMMAND_END: 1694729135174708 CL_DEVICE_PROFILING_TIMER_RESOLUTION: 1
Profiling info:
Time from queue to submit : 0.010334ms
Time from submit to start : 0.001291ms
Time from start to end: 0.018292ms
write_array_uchar passed
write_array_float...
 float1 data verified
CL_PROFILING_COMMAND_QUEUED: 1694729147593416 CL_PROFILING_COMMAND_SUBMIT: 1694729147618208 CL_PROFILING_COMMAND_START: 1694729147619875 CL_PROFILING_COMMAND_END: 1694729147626958 CL_DEVICE_PROFILING_TIMER_RESOLUTION: 1
Profiling info:
Time from queue to submit : 0.024792ms
Time from submit to start : 0.001667ms
Time from start to end: 0.007083ms
 float2 data verified
CL_PROFILING_COMMAND_QUEUED: 1694729150314625 CL_PROFILING_COMMAND_SUBMIT: 1694729150324500 CL_PROFILING_COMMAND_START: 1694729150325416 CL_PROFILING_COMMAND_END: 1694729150335583 CL_DEVICE_PROFILING_TIMER_RESOLUTION: 1
Profiling info:
Time from queue to submit : 0.009875ms
Time from submit to start : 0.000916ms
Time from start to end: 0.010167ms
 float4 data verified
CL_PROFILING_COMMAND_QUEUED: 1694729153568125 CL_PROFILING_COMMAND_SUBMIT: 1694729153580416 CL_PROFILING_COMMAND_START: 1694729153581833 CL_PROFILING_COMMAND_END: 1694729153604958 CL_DEVICE_PROFILING_TIMER_RESOLUTION: 1
Profiling info:
Time from queue to submit : 0.012291ms
Time from submit to start : 0.001417ms
Time from start to end: 0.023125ms
 float8 data verified
CL_PROFILING_COMMAND_QUEUED: 1694729156771625 CL_PROFILING_COMMAND_SUBMIT: 1694729156784208 CL_PROFILING_COMMAND_START: 1694729156785458 CL_PROFILING_COMMAND_END: 1694729156829541 CL_DEVICE_PROFILING_TIMER_RESOLUTION: 1
Profiling info:
Time from queue to submit : 0.012583ms
Time from submit to start : 0.001250ms
Time from start to end: 0.044083ms
 float16 data verified
CL_PROFILING_COMMAND_QUEUED: 1694729160371416 CL_PROFILING_COMMAND_SUBMIT: 1694729160386375 CL_PROFILING_COMMAND_START: 1694729160387666 CL_PROFILING_COMMAND_END: 1694729160460875 CL_DEVICE_PROFILING_TIMER_RESOLUTION: 1
Profiling info:
Time from queue to submit : 0.014959ms
Time from submit to start : 0.001291ms
Time from start to end: 0.073209ms
write_array_float passed
write_array_long...
 cl_long1 data verified
CL_PROFILING_COMMAND_QUEUED: 1694729172698041 CL_PROFILING_COMMAND_SUBMIT: 1694729172725916 CL_PROFILING_COMMAND_START: 1694729172728375 CL_PROFILING_COMMAND_END: 1694729172742833 CL_DEVICE_PROFILING_TIMER_RESOLUTION: 1
Profiling info:
Time from queue to submit : 0.027875ms
Time from submit to start : 0.002459ms
Time from start to end: 0.014458ms
 cl_long2 data verified
CL_PROFILING_COMMAND_QUEUED: 1694729178599625 CL_PROFILING_COMMAND_SUBMIT: 1694729178614750 CL_PROFILING_COMMAND_START: 1694729178615666 CL_PROFILING_COMMAND_END: 1694729178641750 CL_DEVICE_PROFILING_TIMER_RESOLUTION: 1
Profiling info:
Time from queue to submit : 0.015125ms
Time from submit to start : 0.000916ms
Time from start to end: 0.026084ms
 cl_long4 data verified
CL_PROFILING_COMMAND_QUEUED: 1694729184459333 CL_PROFILING_COMMAND_SUBMIT: 1694729184472791 CL_PROFILING_COMMAND_START: 1694729184473625 CL_PROFILING_COMMAND_END: 1694729184507333 CL_DEVICE_PROFILING_TIMER_RESOLUTION: 1
Profiling info:
Time from queue to submit : 0.013458ms
Time from submit to start : 0.000834ms
Time from start to end: 0.033708ms
 cl_long8 data verified
CL_PROFILING_COMMAND_QUEUED: 1694729190719708 CL_PROFILING_COMMAND_SUBMIT: 1694729190730083 CL_PROFILING_COMMAND_START: 1694729190730833 CL_PROFILING_COMMAND_END: 1694729190798458 CL_DEVICE_PROFILING_TIMER_RESOLUTION: 1
Profiling info:
Time from queue to submit : 0.010375ms
Time from submit to start : 0.000750ms
Time from start to end: 0.067625ms
 cl_long16 data verified
CL_PROFILING_COMMAND_QUEUED: 1694729197824208 CL_PROFILING_COMMAND_SUBMIT: 1694729197837333 CL_PROFILING_COMMAND_START: 1694729197838250 CL_PROFILING_COMMAND_END: 1694729198143625 CL_DEVICE_PROFILING_TIMER_RESOLUTION: 1
Profiling info:
Time from queue to submit : 0.013125ms
Time from submit to start : 0.000917ms
Time from start to end: 0.305375ms
write_array_long passed
write_array_ulong...
 ulong long1 data verified
CL_PROFILING_COMMAND_QUEUED: 1694729211785791 CL_PROFILING_COMMAND_SUBMIT: 1694729211812041 CL_PROFILING_COMMAND_START: 1694729211818541 CL_PROFILING_COMMAND_END: 1694729211829625 CL_DEVICE_PROFILING_TIMER_RESOLUTION: 1
Profiling info:
Time from queue to submit : 0.026250ms
Time from submit to start : 0.006500ms
Time from start to end: 0.011084ms
 ulong long2 data verified
CL_PROFILING_COMMAND_QUEUED: 1694729218539083 CL_PROFILING_COMMAND_SUBMIT: 1694729218553666 CL_PROFILING_COMMAND_START: 1694729218554458 CL_PROFILING_COMMAND_END: 1694729218572250 CL_DEVICE_PROFILING_TIMER_RESOLUTION: 1
Profiling info:
Time from queue to submit : 0.014583ms
Time from submit to start : 0.000792ms
Time from start to end: 0.017792ms
 ulong long4 data verified
CL_PROFILING_COMMAND_QUEUED: 1694729224738583 CL_PROFILING_COMMAND_SUBMIT: 1694729224752750 CL_PROFILING_COMMAND_START: 1694729224753541 CL_PROFILING_COMMAND_END: 1694729224787416 CL_DEVICE_PROFILING_TIMER_RESOLUTION: 1
Profiling info:
Time from queue to submit : 0.014167ms
Time from submit to start : 0.000791ms
Time from start to end: 0.033875ms
 ulong long8 data verified
CL_PROFILING_COMMAND_QUEUED: 1694729231469375 CL_PROFILING_COMMAND_SUBMIT: 1694729231483291 CL_PROFILING_COMMAND_START: 1694729231484083 CL_PROFILING_COMMAND_END: 1694729231551125 CL_DEVICE_PROFILING_TIMER_RESOLUTION: 1
Profiling info:
Time from queue to submit : 0.013916ms
Time from submit to start : 0.000792ms
Time from start to end: 0.067042ms
 ulong long16 data verified
CL_PROFILING_COMMAND_QUEUED: 1694729238488708 CL_PROFILING_COMMAND_SUBMIT: 1694729238499750 CL_PROFILING_COMMAND_START: 1694729238500625 CL_PROFILING_COMMAND_END: 1694729238640375 CL_DEVICE_PROFILING_TIMER_RESOLUTION: 1
Profiling info:
Time from queue to submit : 0.011042ms
Time from submit to start : 0.000875ms
Time from start to end: 0.139750ms
write_array_ulong passed
write_array_struct...
 struct1 data verified
CL_PROFILING_COMMAND_QUEUED: 1694729246547041 CL_PROFILING_COMMAND_SUBMIT: 1694729246575333 CL_PROFILING_COMMAND_START: 1694729246577208 CL_PROFILING_COMMAND_END: 1694729246586541 CL_DEVICE_PROFILING_TIMER_RESOLUTION: 1
Profiling info:
Time from queue to submit : 0.028292ms
Time from submit to start : 0.001875ms
Time from start to end: 0.009333ms
write_array_struct passed
read_image_float...
Image verified.
CL_PROFILING_COMMAND_QUEUED: 1694729258635833 CL_PROFILING_COMMAND_SUBMIT: 1694729258746416 CL_PROFILING_COMMAND_START: 1694729258747000 CL_PROFILING_COMMAND_END: 1694729259199541 CL_DEVICE_PROFILING_TIMER_RESOLUTION: 1
Profiling info:
Time from queue to submit : 0.110583ms
Time from submit to start : 0.000584ms
Time from start to end: 0.452541ms
read_image_float passed
read_image_char...
Image verified.
CL_PROFILING_COMMAND_QUEUED: 1694729267622625 CL_PROFILING_COMMAND_SUBMIT: 1694729267707500 CL_PROFILING_COMMAND_START: 1694729267708208 CL_PROFILING_COMMAND_END: 1694729268167666 CL_DEVICE_PROFILING_TIMER_RESOLUTION: 1
Profiling info:
Time from queue to submit : 0.084875ms
Time from submit to start : 0.000708ms
Time from start to end: 0.459458ms
read_image_char passed
read_image_uchar...
Image verified.
CL_PROFILING_COMMAND_QUEUED: 1694729272617583 CL_PROFILING_COMMAND_SUBMIT: 1694729272668541 CL_PROFILING_COMMAND_START: 1694729272669166 CL_PROFILING_COMMAND_END: 1694729273035041 CL_DEVICE_PROFILING_TIMER_RESOLUTION: 1
Profiling info:
Time from queue to submit : 0.050958ms
Time from submit to start : 0.000625ms
Time from start to end: 0.365875ms
read_image_uchar passed
write_image_float...
Image verified.
CL_PROFILING_COMMAND_QUEUED: 1694729273292166 CL_PROFILING_COMMAND_SUBMIT: 1694729273306791 CL_PROFILING_COMMAND_START: 1694729273308500 CL_PROFILING_COMMAND_END: 1694729273328625 CL_DEVICE_PROFILING_TIMER_RESOLUTION: 1
Profiling info:
Time from queue to submit : 0.014625ms
Time from submit to start : 0.001709ms
Time from start to end: 0.020125ms
write_image_float passed
write_image_char...
Image verified.
CL_PROFILING_COMMAND_QUEUED: 1694729279999083 CL_PROFILING_COMMAND_SUBMIT: 1694729280029000 CL_PROFILING_COMMAND_START: 1694729280030708 CL_PROFILING_COMMAND_END: 1694729280046250 CL_DEVICE_PROFILING_TIMER_RESOLUTION: 1
Profiling info:
Time from queue to submit : 0.029917ms
Time from submit to start : 0.001708ms
Time from start to end: 0.015542ms
write_image_char passed
write_image_uchar...
Image verified.
CL_PROFILING_COMMAND_QUEUED: 1694729284557916 CL_PROFILING_COMMAND_SUBMIT: 1694729284598666 CL_PROFILING_COMMAND_START: 1694729284603750 CL_PROFILING_COMMAND_END: 1694729284627291 CL_DEVICE_PROFILING_TIMER_RESOLUTION: 1
Profiling info:
Time from queue to submit : 0.040750ms
Time from submit to start : 0.005084ms
Time from start to end: 0.023541ms
write_image_uchar passed
copy_array...
set size: 16384: test passed
CL_PROFILING_COMMAND_QUEUED: 1694729290122291 CL_PROFILING_COMMAND_SUBMIT: 1694729290131583 CL_PROFILING_COMMAND_START: 1694729290132583 CL_PROFILING_COMMAND_END: 1694729290155958 CL_DEVICE_PROFILING_TIMER_RESOLUTION: 1
Profiling info:
Time from queue to submit : 0.009292ms
Time from submit to start : 0.001000ms
Time from start to end: 0.023375ms
random size: 116053: test passed
CL_PROFILING_COMMAND_QUEUED: 1694729292008750 CL_PROFILING_COMMAND_SUBMIT: 1694729292017958 CL_PROFILING_COMMAND_START: 1694729292018916 CL_PROFILING_COMMAND_END: 1694729292021916 CL_DEVICE_PROFILING_TIMER_RESOLUTION: 1
Profiling info:
Time from queue to submit : 0.009208ms
Time from submit to start : 0.000958ms
Time from start to end: 0.003000ms
random size: 1777: test passed
CL_PROFILING_COMMAND_QUEUED: 1694729292674708 CL_PROFILING_COMMAND_SUBMIT: 1694729292685708 CL_PROFILING_COMMAND_START: 1694729292686833 CL_PROFILING_COMMAND_END: 1694729292689750 CL_DEVICE_PROFILING_TIMER_RESOLUTION: 1
Profiling info:
Time from queue to submit : 0.011000ms
Time from submit to start : 0.001125ms
Time from start to end: 0.002917ms
random size: 98652: test passed
CL_PROFILING_COMMAND_QUEUED: 1694729294469958 CL_PROFILING_COMMAND_SUBMIT: 1694729294480958 CL_PROFILING_COMMAND_START: 1694729294482083 CL_PROFILING_COMMAND_END: 1694729294484833 CL_DEVICE_PROFILING_TIMER_RESOLUTION: 1
Profiling info:
Time from queue to submit : 0.011000ms
Time from submit to start : 0.001125ms
Time from start to end: 0.002750ms
random size: 81425: test passed
CL_PROFILING_COMMAND_QUEUED: 1694729296312500 CL_PROFILING_COMMAND_SUBMIT: 1694729296323416 CL_PROFILING_COMMAND_START: 1694729296324541 CL_PROFILING_COMMAND_END: 1694729296327458 CL_DEVICE_PROFILING_TIMER_RESOLUTION: 1
Profiling info:
Time from queue to submit : 0.010916ms
Time from submit to start : 0.001125ms
Time from start to end: 0.002917ms
random size: 32422: test passed
CL_PROFILING_COMMAND_QUEUED: 1694729297212416 CL_PROFILING_COMMAND_SUBMIT: 1694729297223208 CL_PROFILING_COMMAND_START: 1694729297224333 CL_PROFILING_COMMAND_END: 1694729297227208 CL_DEVICE_PROFILING_TIMER_RESOLUTION: 1
Profiling info:
Time from queue to submit : 0.010792ms
Time from submit to start : 0.001125ms
Time from start to end: 0.002875ms
random size: 117235: test passed
CL_PROFILING_COMMAND_QUEUED: 1694729302148125 CL_PROFILING_COMMAND_SUBMIT: 1694729302193000 CL_PROFILING_COMMAND_START: 1694729302194208 CL_PROFILING_COMMAND_END: 1694729302200625 CL_DEVICE_PROFILING_TIMER_RESOLUTION: 1
Profiling info:
Time from queue to submit : 0.044875ms
Time from submit to start : 0.001208ms
Time from start to end: 0.006417ms
random size: 34227: test passed
CL_PROFILING_COMMAND_QUEUED: 1694729303442208 CL_PROFILING_COMMAND_SUBMIT: 1694729303451625 CL_PROFILING_COMMAND_START: 1694729303452541 CL_PROFILING_COMMAND_END: 1694729303455625 CL_DEVICE_PROFILING_TIMER_RESOLUTION: 1
Profiling info:
Time from queue to submit : 0.009417ms
Time from submit to start : 0.000916ms
Time from start to end: 0.003084ms
random size: 92484: test passed
CL_PROFILING_COMMAND_QUEUED: 1694729305224375 CL_PROFILING_COMMAND_SUBMIT: 1694729305235916 CL_PROFILING_COMMAND_START: 1694729305237041 CL_PROFILING_COMMAND_END: 1694729305240541 CL_DEVICE_PROFILING_TIMER_RESOLUTION: 1
Profiling info:
Time from queue to submit : 0.011541ms
Time from submit to start : 0.001125ms
Time from start to end: 0.003500ms
copy_array passed
copy_partial_array...
random partial copy from 8987 to 8579, size: 4388: test passed
CL_PROFILING_COMMAND_QUEUED: 1694729306247750 CL_PROFILING_COMMAND_SUBMIT: 1694729306271250 CL_PROFILING_COMMAND_START: 1694729306272000 CL_PROFILING_COMMAND_END: 1694729306275625 CL_DEVICE_PROFILING_TIMER_RESOLUTION: 1
Profiling info:
Time from queue to submit : 0.023500ms
Time from submit to start : 0.000750ms
Time from start to end: 0.003625ms
random partial copy from 4793 to 1409, size: 6070: test passed
CL_PROFILING_COMMAND_QUEUED: 1694729306889500 CL_PROFILING_COMMAND_SUBMIT: 1694729306896500 CL_PROFILING_COMMAND_START: 1694729306897000 CL_PROFILING_COMMAND_END: 1694729306898625 CL_DEVICE_PROFILING_TIMER_RESOLUTION: 1
Profiling info:
Time from queue to submit : 0.007000ms
Time from submit to start : 0.000500ms
Time from start to end: 0.001625ms
random partial copy from 7625 to 4469, size: 5299: test passed
CL_PROFILING_COMMAND_QUEUED: 1694729307503000 CL_PROFILING_COMMAND_SUBMIT: 1694729307510333 CL_PROFILING_COMMAND_START: 1694729307510833 CL_PROFILING_COMMAND_END: 1694729307512416 CL_DEVICE_PROFILING_TIMER_RESOLUTION: 1
Profiling info:
Time from queue to submit : 0.007333ms
Time from submit to start : 0.000500ms
Time from start to end: 0.001583ms
random partial copy from 9343 to 11682, size: 4236: test passed
CL_PROFILING_COMMAND_QUEUED: 1694729308106166 CL_PROFILING_COMMAND_SUBMIT: 1694729308114666 CL_PROFILING_COMMAND_START: 1694729308115125 CL_PROFILING_COMMAND_END: 1694729308117125 CL_DEVICE_PROFILING_TIMER_RESOLUTION: 1
Profiling info:
Time from queue to submit : 0.008500ms
Time from submit to start : 0.000459ms
Time from start to end: 0.002000ms
random partial copy from 13012 to 7623, size: 586: test passed
CL_PROFILING_COMMAND_QUEUED: 1694729308853000 CL_PROFILING_COMMAND_SUBMIT: 1694729308862166 CL_PROFILING_COMMAND_START: 1694729308862625 CL_PROFILING_COMMAND_END: 1694729308864583 CL_DEVICE_PROFILING_TIMER_RESOLUTION: 1
Profiling info:
Time from queue to submit : 0.009166ms
Time from submit to start : 0.000459ms
Time from start to end: 0.001958ms
random partial copy from 12394 to 5728, size: 3403: test passed
CL_PROFILING_COMMAND_QUEUED: 1694729309598708 CL_PROFILING_COMMAND_SUBMIT: 1694729309607875 CL_PROFILING_COMMAND_START: 1694729309608333 CL_PROFILING_COMMAND_END: 1694729309610333 CL_DEVICE_PROFILING_TIMER_RESOLUTION: 1
Profiling info:
Time from queue to submit : 0.009167ms
Time from submit to start : 0.000458ms
Time from start to end: 0.002000ms
random partial copy from 14847 to 13628, size: 1379: test passed
CL_PROFILING_COMMAND_QUEUED: 1694729310350666 CL_PROFILING_COMMAND_SUBMIT: 1694729310359375 CL_PROFILING_COMMAND_START: 1694729310359833 CL_PROFILING_COMMAND_END: 1694729310361791 CL_DEVICE_PROFILING_TIMER_RESOLUTION: 1
Profiling info:
Time from queue to submit : 0.008709ms
Time from submit to start : 0.000458ms
Time from start to end: 0.001958ms
random partial copy from 10272 to 15453, size: 795: test passed
CL_PROFILING_COMMAND_QUEUED: 1694729311112041 CL_PROFILING_COMMAND_SUBMIT: 1694729311120833 CL_PROFILING_COMMAND_START: 1694729311121375 CL_PROFILING_COMMAND_END: 1694729311123416 CL_DEVICE_PROFILING_TIMER_RESOLUTION: 1
Profiling info:
Time from queue to submit : 0.008792ms
Time from submit to start : 0.000542ms
Time from start to end: 0.002041ms
copy_partial_array passed
copy_image...
Image verified.
CL_PROFILING_COMMAND_QUEUED: 1694729316860166 CL_PROFILING_COMMAND_SUBMIT: 1694729316966041 CL_PROFILING_COMMAND_START: 1694729316966458 CL_PROFILING_COMMAND_END: 1694729317251250 CL_DEVICE_PROFILING_TIMER_RESOLUTION: 1
Profiling info:
Time from queue to submit : 0.105875ms
Time from submit to start : 0.000417ms
Time from start to end: 0.284792ms
testing copy image, full size
Image verified.
CL_PROFILING_COMMAND_QUEUED: 1694729323238041 CL_PROFILING_COMMAND_SUBMIT: 1694729323350125 CL_PROFILING_COMMAND_START: 1694729323350791 CL_PROFILING_COMMAND_END: 1694729323594125 CL_DEVICE_PROFILING_TIMER_RESOLUTION: 1
Profiling info:
Time from queue to submit : 0.112084ms
Time from submit to start : 0.000666ms
Time from start to end: 0.243334ms
test copy of subimage size 0,0  0,0  16 x 16
Image verified.
CL_PROFILING_COMMAND_QUEUED: 1694729336201041 CL_PROFILING_COMMAND_SUBMIT: 1694729336274666 CL_PROFILING_COMMAND_START: 1694729336275250 CL_PROFILING_COMMAND_END: 1694729336281875 CL_DEVICE_PROFILING_TIMER_RESOLUTION: 1
Profiling info:
Time from queue to submit : 0.073625ms
Time from submit to start : 0.000584ms
Time from start to end: 0.006625ms
test copy of subimage size 8,8  32,32  16 x 16
Image verified.
CL_PROFILING_COMMAND_QUEUED: 1694729341216166 CL_PROFILING_COMMAND_SUBMIT: 1694729341362458 CL_PROFILING_COMMAND_START: 1694729341363041 CL_PROFILING_COMMAND_END: 1694729341368750 CL_DEVICE_PROFILING_TIMER_RESOLUTION: 1
Profiling info:
Time from queue to submit : 0.146292ms
Time from submit to start : 0.000583ms
Time from start to end: 0.005709ms
test copy of subimage size 205,98  120,92  34 x 105
Image verified.
CL_PROFILING_COMMAND_QUEUED: 1694729347964375 CL_PROFILING_COMMAND_SUBMIT: 1694729348063375 CL_PROFILING_COMMAND_START: 1694729348064541 CL_PROFILING_COMMAND_END: 1694729348073875 CL_DEVICE_PROFILING_TIMER_RESOLUTION: 1
Profiling info:
Time from queue to submit : 0.099000ms
Time from submit to start : 0.001166ms
Time from start to end: 0.009334ms
test copy of subimage size 131,41  94,78  40 x 163
Image verified.
CL_PROFILING_COMMAND_QUEUED: 1694729353668625 CL_PROFILING_COMMAND_SUBMIT: 1694729353765958 CL_PROFILING_COMMAND_START: 1694729353766750 CL_PROFILING_COMMAND_END: 1694729353776708 CL_DEVICE_PROFILING_TIMER_RESOLUTION: 1
Profiling info:
Time from queue to submit : 0.097333ms
Time from submit to start : 0.000792ms
Time from start to end: 0.009958ms
test copy of subimage size 125,2  8,56  14 x 166
Image verified.
CL_PROFILING_COMMAND_QUEUED: 1694729359509416 CL_PROFILING_COMMAND_SUBMIT: 1694729359572958 CL_PROFILING_COMMAND_START: 1694729359573625 CL_PROFILING_COMMAND_END: 1694729359580250 CL_DEVICE_PROFILING_TIMER_RESOLUTION: 1
Profiling info:
Time from queue to submit : 0.063542ms
Time from submit to start : 0.000667ms
Time from start to end: 0.006625ms
test copy of subimage size 53,72  132,105  77 x 83
Image verified.
CL_PROFILING_COMMAND_QUEUED: 1694729365503833 CL_PROFILING_COMMAND_SUBMIT: 1694729365564083 CL_PROFILING_COMMAND_START: 1694729365564750 CL_PROFILING_COMMAND_END: 1694729365571125 CL_DEVICE_PROFILING_TIMER_RESOLUTION: 1
Profiling info:
Time from queue to submit : 0.060250ms
Time from submit to start : 0.000667ms
Time from start to end: 0.006375ms
test copy of subimage size 244,116  85,26  9 x 58
Image verified.
CL_PROFILING_COMMAND_QUEUED: 1694729371057208 CL_PROFILING_COMMAND_SUBMIT: 1694729371118500 CL_PROFILING_COMMAND_START: 1694729371119166 CL_PROFILING_COMMAND_END: 1694729371125166 CL_DEVICE_PROFILING_TIMER_RESOLUTION: 1
Profiling info:
Time from queue to submit : 0.061292ms
Time from submit to start : 0.000666ms
Time from start to end: 0.006000ms
test copy of subimage size 107,177  43,164  104 x 48
Image verified.
CL_PROFILING_COMMAND_QUEUED: 1694729378858458 CL_PROFILING_COMMAND_SUBMIT: 1694729378925291 CL_PROFILING_COMMAND_START: 1694729378925958 CL_PROFILING_COMMAND_END: 1694729378932250 CL_DEVICE_PROFILING_TIMER_RESOLUTION: 1
Profiling info:
Time from queue to submit : 0.066833ms
Time from submit to start : 0.000667ms
Time from start to end: 0.006292ms
test copy of subimage size 195,158  63,51  56 x 52
Image verified.
CL_PROFILING_COMMAND_QUEUED: 1694729385947500 CL_PROFILING_COMMAND_SUBMIT: 1694729386017375 CL_PROFILING_COMMAND_START: 1694729386018083 CL_PROFILING_COMMAND_END: 1694729386024416 CL_DEVICE_PROFILING_TIMER_RESOLUTION: 1
Profiling info:
Time from queue to submit : 0.069875ms
Time from submit to start : 0.000708ms
Time from start to end: 0.006333ms
test copy of subimage size 69,114  56,217  160 x 32
Image verified.
CL_PROFILING_COMMAND_QUEUED: 1694729392659916 CL_PROFILING_COMMAND_SUBMIT: 1694729392727625 CL_PROFILING_COMMAND_START: 1694729392728333 CL_PROFILING_COMMAND_END: 1694729392734750 CL_DEVICE_PROFILING_TIMER_RESOLUTION: 1
Profiling info:
Time from queue to submit : 0.067709ms
Time from submit to start : 0.000708ms
Time from start to end: 0.006417ms
test copy of subimage size 184,179  169,91  35 x 15
Image verified.
CL_PROFILING_COMMAND_QUEUED: 1694729400712500 CL_PROFILING_COMMAND_SUBMIT: 1694729400841250 CL_PROFILING_COMMAND_START: 1694729400841958 CL_PROFILING_COMMAND_END: 1694729400854666 CL_DEVICE_PROFILING_TIMER_RESOLUTION: 1
Profiling info:
Time from queue to submit : 0.128750ms
Time from submit to start : 0.000708ms
Time from start to end: 0.012708ms
test copy of subimage size 29,72  16,13  65 x 78
Image verified.
CL_PROFILING_COMMAND_QUEUED: 1694729406959458 CL_PROFILING_COMMAND_SUBMIT: 1694729407023291 CL_PROFILING_COMMAND_START: 1694729407023958 CL_PROFILING_COMMAND_END: 1694729407030125 CL_DEVICE_PROFILING_TIMER_RESOLUTION: 1
Profiling info:
Time from queue to submit : 0.063833ms
Time from submit to start : 0.000667ms
Time from start to end: 0.006167ms
test copy of subimage size 20,40  150,18  48 x 181
Image verified.
CL_PROFILING_COMMAND_QUEUED: 1694729413249291 CL_PROFILING_COMMAND_SUBMIT: 1694729413316166 CL_PROFILING_COMMAND_START: 1694729413316875 CL_PROFILING_COMMAND_END: 1694729413323083 CL_DEVICE_PROFILING_TIMER_RESOLUTION: 1
Profiling info:
Time from queue to submit : 0.066875ms
Time from submit to start : 0.000709ms
Time from start to end: 0.006208ms
test copy of subimage size 164,136  117,152  71 x 8
Image verified.
CL_PROFILING_COMMAND_QUEUED: 1694729418982833 CL_PROFILING_COMMAND_SUBMIT: 1694729419077416 CL_PROFILING_COMMAND_START: 1694729419078083 CL_PROFILING_COMMAND_END: 1694729419084500 CL_DEVICE_PROFILING_TIMER_RESOLUTION: 1
Profiling info:
Time from queue to submit : 0.094583ms
Time from submit to start : 0.000667ms
Time from start to end: 0.006417ms
test copy of subimage size 168,58  185,66  24 x 185
Image verified.
CL_PROFILING_COMMAND_QUEUED: 1694729426131625 CL_PROFILING_COMMAND_SUBMIT: 1694729426196333 CL_PROFILING_COMMAND_START: 1694729426197041 CL_PROFILING_COMMAND_END: 1694729426203291 CL_DEVICE_PROFILING_TIMER_RESOLUTION: 1
Profiling info:
Time from queue to submit : 0.064708ms
Time from submit to start : 0.000708ms
Time from start to end: 0.006250ms
test copy of subimage size 11,51  140,29  34 x 53
Image verified.
CL_PROFILING_COMMAND_QUEUED: 1694729432341083 CL_PROFILING_COMMAND_SUBMIT: 1694729432420291 CL_PROFILING_COMMAND_START: 1694729432421041 CL_PROFILING_COMMAND_END: 1694729432427791 CL_DEVICE_PROFILING_TIMER_RESOLUTION: 1
Profiling info:
Time from queue to submit : 0.079208ms
Time from submit to start : 0.000750ms
Time from start to end: 0.006750ms
test copy of subimage size 217,72  196,35  33 x 30
Image verified.
CL_PROFILING_COMMAND_QUEUED: 1694729439079125 CL_PROFILING_COMMAND_SUBMIT: 1694729439161625 CL_PROFILING_COMMAND_START: 1694729439162291 CL_PROFILING_COMMAND_END: 1694729439168875 CL_DEVICE_PROFILING_TIMER_RESOLUTION: 1
Profiling info:
Time from queue to submit : 0.082500ms
Time from submit to start : 0.000666ms
Time from start to end: 0.006584ms
test copy of subimage size 91,109  37,204  98 x 14
copy_image passed
copy_array_to_image...
 test passed: copy_array_to_image passed
execute...
CL_PROFILING_COMMAND_QUEUED: 1694729457549875 CL_PROFILING_COMMAND_SUBMIT: 1694729457575541 CL_PROFILING_COMMAND_START: 1694729457577875 CL_PROFILING_COMMAND_END: 1694729457645250 CL_DEVICE_PROFILING_TIMER_RESOLUTION: 1
Profiling info:
Time from queue to submit : 0.025666ms
Time from submit to start : 0.002334ms
Time from start to end: 0.067375ms
execute passed
execute_multipass...
Profiling info:
Time from queue to start of clEnqueueNDRangeKernel: 0.000000 seconds
Time from start of clEnqueueNDRangeKernel to end: 0.000000 seconds
execute_multipass passed
profiling_timebase...
profiling_timebase passed
PASSED 33 of 33 tests.
