 Initializing random seed to 0.
Requesting Default device based on command line for platform index 0 and device index 0
Compute Device Name = Apple M1 (G13G B1), Compute Device Vendor = Apple, Compute Device Version = OpenCL 3.1 , CL C Version = OpenCL C 1.2 
Device latest conformance version passed: v2026-03-25-00
Supports single precision denormals: NO
sizeof( void*) = 8  (host)
sizeof( void*) = 8  (device)
select_uchar_uchar...
Building select_uchar_uchar(uchar, uchar, uchar)
Building select_uchar2_uchar2(uchar2, uchar2, uchar2)
Building select_uchar3_uchar3(uchar3, uchar3, uchar3)
Building select_uchar4_uchar4(uchar4, uchar4, uchar4)
Building select_uchar8_uchar8(uchar8, uchar8, uchar8)
Building select_uchar16_uchar16(uchar16, uchar16, uchar16)
Testing...select_uchar_uchar passed
select_uchar_char...
Building select_uchar_char(uchar, uchar, char)
Building select_uchar2_char2(uchar2, uchar2, char2)
Building select_uchar3_char3(uchar3, uchar3, char3)
Building select_uchar4_char4(uchar4, uchar4, char4)
Building select_uchar8_char8(uchar8, uchar8, char8)
Building select_uchar16_char16(uchar16, uchar16, char16)
Testing...select_uchar_char passed
select_char_uchar...
Building select_char_uchar(char, char, uchar)
Building select_char2_uchar2(char2, char2, uchar2)
Building select_char3_uchar3(char3, char3, uchar3)
Building select_char4_uchar4(char4, char4, uchar4)
Building select_char8_uchar8(char8, char8, uchar8)
Building select_char16_uchar16(char16, char16, uchar16)
Testing...select_char_uchar passed
select_char_char...
Building select_char_char(char, char, char)
Building select_char2_char2(char2, char2, char2)
Building select_char3_char3(char3, char3, char3)
Building select_char4_char4(char4, char4, char4)
Building select_char8_char8(char8, char8, char8)
Building select_char16_char16(char16, char16, char16)
Testing...select_char_char passed
select_ushort_ushort...
Building select_ushort_ushort(ushort, ushort, ushort)
Building select_ushort2_ushort2(ushort2, ushort2, ushort2)
Building select_ushort3_ushort3(ushort3, ushort3, ushort3)
Building select_ushort4_ushort4(ushort4, ushort4, ushort4)
Building select_ushort8_ushort8(ushort8, ushort8, ushort8)
Building select_ushort16_ushort16(ushort16, ushort16, ushort16)
Testing...select_ushort_ushort passed
select_ushort_short...
Building select_ushort_short(ushort, ushort, short)
Building select_ushort2_short2(ushort2, ushort2, short2)
Building select_ushort3_short3(ushort3, ushort3, short3)
Building select_ushort4_short4(ushort4, ushort4, short4)
Building select_ushort8_short8(ushort8, ushort8, short8)
Building select_ushort16_short16(ushort16, ushort16, short16)
Testing...select_ushort_short passed
select_short_ushort...
Building select_short_ushort(short, short, ushort)
Building select_short2_ushort2(short2, short2, ushort2)
Building select_short3_ushort3(short3, short3, ushort3)
Building select_short4_ushort4(short4, short4, ushort4)
Building select_short8_ushort8(short8, short8, ushort8)
Building select_short16_ushort16(short16, short16, ushort16)
Testing...select_short_ushort passed
select_short_short...
Building select_short_short(short, short, short)
Building select_short2_short2(short2, short2, short2)
Building select_short3_short3(short3, short3, short3)
Building select_short4_short4(short4, short4, short4)
Building select_short8_short8(short8, short8, short8)
Building select_short16_short16(short16, short16, short16)
Testing...select_short_short passed
select_half_ushort...
Building select_half_ushort(half, half, ushort)
Building select_half2_ushort2(half2, half2, ushort2)
Building select_half3_ushort3(half3, half3, ushort3)
Building select_half4_ushort4(half4, half4, ushort4)
Building select_half8_ushort8(half8, half8, ushort8)
Building select_half16_ushort16(half16, half16, ushort16)
Testing...select_half_ushort passed
select_half_short...
Building select_half_short(half, half, short)
Building select_half2_short2(half2, half2, short2)
Building select_half3_short3(half3, half3, short3)
Building select_half4_short4(half4, half4, short4)
Building select_half8_short8(half8, half8, short8)
Building select_half16_short16(half16, half16, short16)
Testing...select_half_short passed
select_uint_uint...
Building select_uint_uint(uint, uint, uint)
Building select_uint2_uint2(uint2, uint2, uint2)
Building select_uint3_uint3(uint3, uint3, uint3)
Building select_uint4_uint4(uint4, uint4, uint4)
Building select_uint8_uint8(uint8, uint8, uint8)
Building select_uint16_uint16(uint16, uint16, uint16)
Testing...select_uint_uint passed
select_uint_int...
Building select_uint_int(uint, uint, int)
Building select_uint2_int2(uint2, uint2, int2)
Building select_uint3_int3(uint3, uint3, int3)
Building select_uint4_int4(uint4, uint4, int4)
Building select_uint8_int8(uint8, uint8, int8)
Building select_uint16_int16(uint16, uint16, int16)
Testing...select_uint_int passed
select_int_uint...
Building select_int_uint(int, int, uint)
Building select_int2_uint2(int2, int2, uint2)
Building select_int3_uint3(int3, int3, uint3)
Building select_int4_uint4(int4, int4, uint4)
Building select_int8_uint8(int8, int8, uint8)
Building select_int16_uint16(int16, int16, uint16)
Testing...select_int_uint passed
select_int_int...
Building select_int_int(int, int, int)
Building select_int2_int2(int2, int2, int2)
Building select_int3_int3(int3, int3, int3)
Building select_int4_int4(int4, int4, int4)
Building select_int8_int8(int8, int8, int8)
Building select_int16_int16(int16, int16, int16)
Testing...select_int_int passed
select_float_uint...
Building select_float_uint(float, float, uint)
Building select_float2_uint2(float2, float2, uint2)
Building select_float3_uint3(float3, float3, uint3)
Building select_float4_uint4(float4, float4, uint4)
Building select_float8_uint8(float8, float8, uint8)
Building select_float16_uint16(float16, float16, uint16)
Testing...select_float_uint passed
select_float_int...
Building select_float_int(float, float, int)
Building select_float2_int2(float2, float2, int2)
Building select_float3_int3(float3, float3, int3)
Building select_float4_int4(float4, float4, int4)
Building select_float8_int8(float8, float8, int8)
Building select_float16_int16(float16, float16, int16)
Testing...select_float_int passed
select_ulong_ulong...
Building select_ulong_ulong(ulong, ulong, ulong)
Building select_ulong2_ulong2(ulong2, ulong2, ulong2)
Building select_ulong3_ulong3(ulong3, ulong3, ulong3)
Building select_ulong4_ulong4(ulong4, ulong4, ulong4)
Building select_ulong8_ulong8(ulong8, ulong8, ulong8)
Building select_ulong16_ulong16(ulong16, ulong16, ulong16)
Testing...select_ulong_ulong passed
select_ulong_long...
Building select_ulong_long(ulong, ulong, long)
Building select_ulong2_long2(ulong2, ulong2, long2)
Building select_ulong3_long3(ulong3, ulong3, long3)
Building select_ulong4_long4(ulong4, ulong4, long4)
Building select_ulong8_long8(ulong8, ulong8, long8)
Building select_ulong16_long16(ulong16, ulong16, long16)
Testing...select_ulong_long passed
select_long_ulong...
Building select_long_ulong(long, long, ulong)
Building select_long2_ulong2(long2, long2, ulong2)
Building select_long3_ulong3(long3, long3, ulong3)
Building select_long4_ulong4(long4, long4, ulong4)
Building select_long8_ulong8(long8, long8, ulong8)
Building select_long16_ulong16(long16, long16, ulong16)
Testing...select_long_ulong passed
select_long_long...
Building select_long_long(long, long, long)
Building select_long2_long2(long2, long2, long2)
Building select_long3_long3(long3, long3, long3)
Building select_long4_long4(long4, long4, long4)
Building select_long8_long8(long8, long8, long8)
Building select_long16_long16(long16, long16, long16)
Testing...select_long_long passed
select_double_ulong...
Skipping double because cl_khr_fp64 extension is not supported.
select_double_ulong passed
select_double_long...
Skipping double because cl_khr_fp64 extension is not supported.
select_double_long passed
PASSED 22 of 22 tests.
