 Initializing random seed to 0.
Requesting Default device based on command line for platform index 0 and device index 0
Compute Device Name = Apple M1 (G13G B1), Compute Device Vendor = Apple, Compute Device Version = OpenCL 3.1 , CL C Version = OpenCL C 1.2 
Device latest conformance version passed: v2026-03-25-00
Supports single precision denormals: NO
sizeof( void*) = 8  (host)
sizeof( void*) = 8  (device)
barrier_functions_core...
  sub_group_barrier(CLK_LOCAL_MEM_FENCE)...
  sub_group_barrier(CLK_LOCAL_MEM_FENCE)... passed
  sub_group_barrier(CLK_GLOBAL_MEM_FENCE)...
  sub_group_barrier(CLK_GLOBAL_MEM_FENCE)... passed
barrier_functions_core passed
barrier_functions_ext...
Device does not support 'cl_khr_subgroups'. Skipping the test.
barrier_functions_ext test not supported
sub_group_info_core...
The CL_KERNEL_MAX_SUB_GROUP_SIZE_FOR_NDRANGE for the kernel is 32.
The CL_KERNEL_SUB_GROUP_COUNT_FOR_NDRANGE for the kernel is 18.
sub_group_info_core passed
sub_group_info_ext...
Device does not support 'cl_khr_subgroups'. Skipping the test.
sub_group_info_ext test not supported
work_item_functions_core...
work_item_functions_core passed
work_item_functions_ext...
Device does not support 'cl_khr_subgroups'. Skipping the test.
work_item_functions_ext test not supported
subgroup_functions_core...
  sub_group_any...
  sub_group_any... passed
  sub_group_all...
  sub_group_all... passed
  sub_group_broadcast(int)...
  sub_group_broadcast(int)... passed
  sub_group_reduce_add(int)...
  sub_group_reduce_add(int)... passed
  sub_group_reduce_max(int)...
  sub_group_reduce_max(int)... passed
  sub_group_reduce_min(int)...
  sub_group_reduce_min(int)... passed
  sub_group_scan_inclusive_add(int)...
  sub_group_scan_inclusive_add(int)... passed
  sub_group_scan_inclusive_max(int)...
  sub_group_scan_inclusive_max(int)... passed
  sub_group_scan_inclusive_min(int)...
  sub_group_scan_inclusive_min(int)... passed
  sub_group_scan_exclusive_add(int)...
  sub_group_scan_exclusive_add(int)... passed
  sub_group_scan_exclusive_max(int)...
  sub_group_scan_exclusive_max(int)... passed
  sub_group_scan_exclusive_min(int)...
  sub_group_scan_exclusive_min(int)... passed
  sub_group_broadcast(uint)...
  sub_group_broadcast(uint)... passed
  sub_group_reduce_add(uint)...
  sub_group_reduce_add(uint)... passed
  sub_group_reduce_max(uint)...
  sub_group_reduce_max(uint)... passed
  sub_group_reduce_min(uint)...
  sub_group_reduce_min(uint)... passed
  sub_group_scan_inclusive_add(uint)...
  sub_group_scan_inclusive_add(uint)... passed
  sub_group_scan_inclusive_max(uint)...
  sub_group_scan_inclusive_max(uint)... passed
  sub_group_scan_inclusive_min(uint)...
  sub_group_scan_inclusive_min(uint)... passed
  sub_group_scan_exclusive_add(uint)...
  sub_group_scan_exclusive_add(uint)... passed
  sub_group_scan_exclusive_max(uint)...
  sub_group_scan_exclusive_max(uint)... passed
  sub_group_scan_exclusive_min(uint)...
  sub_group_scan_exclusive_min(uint)... passed
  sub_group_broadcast(long)...
  sub_group_broadcast(long)... passed
  sub_group_reduce_add(long)...
  sub_group_reduce_add(long)... passed
  sub_group_reduce_max(long)...
  sub_group_reduce_max(long)... passed
  sub_group_reduce_min(long)...
  sub_group_reduce_min(long)... passed
  sub_group_scan_inclusive_add(long)...
  sub_group_scan_inclusive_add(long)... passed
  sub_group_scan_inclusive_max(long)...
  sub_group_scan_inclusive_max(long)... passed
  sub_group_scan_inclusive_min(long)...
  sub_group_scan_inclusive_min(long)... passed
  sub_group_scan_exclusive_add(long)...
  sub_group_scan_exclusive_add(long)... passed
  sub_group_scan_exclusive_max(long)...
  sub_group_scan_exclusive_max(long)... passed
  sub_group_scan_exclusive_min(long)...
  sub_group_scan_exclusive_min(long)... passed
  sub_group_broadcast(ulong)...
  sub_group_broadcast(ulong)... passed
  sub_group_reduce_add(ulong)...
  sub_group_reduce_add(ulong)... passed
  sub_group_reduce_max(ulong)...
  sub_group_reduce_max(ulong)... passed
  sub_group_reduce_min(ulong)...
  sub_group_reduce_min(ulong)... passed
  sub_group_scan_inclusive_add(ulong)...
  sub_group_scan_inclusive_add(ulong)... passed
  sub_group_scan_inclusive_max(ulong)...
  sub_group_scan_inclusive_max(ulong)... passed
  sub_group_scan_inclusive_min(ulong)...
  sub_group_scan_inclusive_min(ulong)... passed
  sub_group_scan_exclusive_add(ulong)...
  sub_group_scan_exclusive_add(ulong)... passed
  sub_group_scan_exclusive_max(ulong)...
  sub_group_scan_exclusive_max(ulong)... passed
  sub_group_scan_exclusive_min(ulong)...
  sub_group_scan_exclusive_min(ulong)... passed
  sub_group_broadcast(float)...
  sub_group_broadcast(float)... passed
  sub_group_reduce_add(float)...
  sub_group_reduce_add(float)... passed
  sub_group_reduce_max(float)...
  sub_group_reduce_max(float)... passed
  sub_group_reduce_min(float)...
  sub_group_reduce_min(float)... passed
  sub_group_scan_inclusive_add(float)...
  sub_group_scan_inclusive_add(float)... passed
  sub_group_scan_inclusive_max(float)...
  sub_group_scan_inclusive_max(float)... passed
  sub_group_scan_inclusive_min(float)...
  sub_group_scan_inclusive_min(float)... passed
  sub_group_scan_exclusive_add(float)...
  sub_group_scan_exclusive_add(float)... passed
  sub_group_scan_exclusive_max(float)...
  sub_group_scan_exclusive_max(float)... passed
  sub_group_scan_exclusive_min(float)...
  sub_group_scan_exclusive_min(float)... passed
  sub_group_broadcast(double)...
Data type not supported : double
  sub_group_reduce_add(double)...
Data type not supported : double
  sub_group_reduce_max(double)...
Data type not supported : double
  sub_group_reduce_min(double)...
Data type not supported : double
  sub_group_scan_inclusive_add(double)...
Data type not supported : double
  sub_group_scan_inclusive_max(double)...
Data type not supported : double
  sub_group_scan_inclusive_min(double)...
Data type not supported : double
  sub_group_scan_exclusive_add(double)...
Data type not supported : double
  sub_group_scan_exclusive_max(double)...
Data type not supported : double
  sub_group_scan_exclusive_min(double)...
Data type not supported : double
  sub_group_broadcast(half)...
  sub_group_broadcast(half)... passed
  sub_group_reduce_add(half)...
  sub_group_reduce_add(half)... passed
  sub_group_reduce_max(half)...
  sub_group_reduce_max(half)... passed
  sub_group_reduce_min(half)...
  sub_group_reduce_min(half)... passed
  sub_group_scan_inclusive_add(half)...
  sub_group_scan_inclusive_add(half)... passed
  sub_group_scan_inclusive_max(half)...
  sub_group_scan_inclusive_max(half)... passed
  sub_group_scan_inclusive_min(half)...
  sub_group_scan_inclusive_min(half)... passed
  sub_group_scan_exclusive_add(half)...
  sub_group_scan_exclusive_add(half)... passed
  sub_group_scan_exclusive_max(half)...
  sub_group_scan_exclusive_max(half)... passed
  sub_group_scan_exclusive_min(half)...
  sub_group_scan_exclusive_min(half)... passed
subgroup_functions_core passed
subgroup_functions_ext...
Device does not support 'cl_khr_subgroups'. Skipping the test.
subgroup_functions_ext test not supported
ifp_core...
INDEPENDENT FORWARD PROGRESS not supported...
Independed forward progress skipped.
ifp_core test not supported
ifp_ext...
Device does not support 'cl_khr_subgroups'. Skipping the test.
ifp_ext test not supported
subgroup_functions_extended_types...
  sub_group_broadcast(uint2)...
  sub_group_broadcast(uint2)... passed
  sub_group_broadcast(uint3)...
  sub_group_broadcast(uint3)... passed
  sub_group_broadcast(uint4)...
  sub_group_broadcast(uint4)... passed
  sub_group_broadcast(uint8)...
  sub_group_broadcast(uint8)... passed
  sub_group_broadcast(uint16)...
  sub_group_broadcast(uint16)... passed
  sub_group_broadcast(int2)...
  sub_group_broadcast(int2)... passed
  sub_group_broadcast(int3)...
  sub_group_broadcast(int3)... passed
  sub_group_broadcast(int4)...
  sub_group_broadcast(int4)... passed
  sub_group_broadcast(int8)...
  sub_group_broadcast(int8)... passed
  sub_group_broadcast(int16)...
  sub_group_broadcast(int16)... passed
  sub_group_broadcast(ulong2)...
  sub_group_broadcast(ulong2)... passed
  sub_group_broadcast(ulong3)...
  sub_group_broadcast(ulong3)... passed
  sub_group_broadcast(ulong4)...
  sub_group_broadcast(ulong4)... passed
  sub_group_broadcast(ulong8)...
  sub_group_broadcast(ulong8)... passed
  sub_group_broadcast(ulong16)...
  sub_group_broadcast(ulong16)... passed
  sub_group_broadcast(long2)...
  sub_group_broadcast(long2)... passed
  sub_group_broadcast(long3)...
  sub_group_broadcast(long3)... passed
  sub_group_broadcast(long4)...
  sub_group_broadcast(long4)... passed
  sub_group_broadcast(long8)...
  sub_group_broadcast(long8)... passed
  sub_group_broadcast(long16)...
  sub_group_broadcast(long16)... passed
  sub_group_broadcast(float2)...
  sub_group_broadcast(float2)... passed
  sub_group_broadcast(float3)...
  sub_group_broadcast(float3)... passed
  sub_group_broadcast(float4)...
  sub_group_broadcast(float4)... passed
  sub_group_broadcast(float8)...
  sub_group_broadcast(float8)... passed
  sub_group_broadcast(float16)...
  sub_group_broadcast(float16)... passed
  sub_group_broadcast(double2)...
Data type not supported : double2
  sub_group_broadcast(double3)...
Data type not supported : double3
  sub_group_broadcast(double4)...
Data type not supported : double4
  sub_group_broadcast(double8)...
Data type not supported : double8
  sub_group_broadcast(double16)...
Data type not supported : double16
  sub_group_broadcast(ushort)...
  sub_group_broadcast(ushort)... passed
  sub_group_broadcast(ushort2)...
  sub_group_broadcast(ushort2)... passed
  sub_group_broadcast(ushort3)...
  sub_group_broadcast(ushort3)... passed
  sub_group_broadcast(ushort4)...
  sub_group_broadcast(ushort4)... passed
  sub_group_broadcast(ushort8)...
  sub_group_broadcast(ushort8)... passed
  sub_group_broadcast(ushort16)...
  sub_group_broadcast(ushort16)... passed
  sub_group_broadcast(short)...
  sub_group_broadcast(short)... passed
  sub_group_broadcast(short2)...
  sub_group_broadcast(short2)... passed
  sub_group_broadcast(short3)...
  sub_group_broadcast(short3)... passed
  sub_group_broadcast(short4)...
  sub_group_broadcast(short4)... passed
  sub_group_broadcast(short8)...
  sub_group_broadcast(short8)... passed
  sub_group_broadcast(short16)...
  sub_group_broadcast(short16)... passed
  sub_group_broadcast(uchar)...
  sub_group_broadcast(uchar)... passed
  sub_group_broadcast(uchar2)...
  sub_group_broadcast(uchar2)... passed
  sub_group_broadcast(uchar3)...
  sub_group_broadcast(uchar3)... passed
  sub_group_broadcast(uchar4)...
  sub_group_broadcast(uchar4)... passed
  sub_group_broadcast(uchar8)...
  sub_group_broadcast(uchar8)... passed
  sub_group_broadcast(uchar16)...
  sub_group_broadcast(uchar16)... passed
  sub_group_broadcast(char)...
  sub_group_broadcast(char)... passed
  sub_group_broadcast(char2)...
  sub_group_broadcast(char2)... passed
  sub_group_broadcast(char3)...
  sub_group_broadcast(char3)... passed
  sub_group_broadcast(char4)...
  sub_group_broadcast(char4)... passed
  sub_group_broadcast(char8)...
  sub_group_broadcast(char8)... passed
  sub_group_broadcast(char16)...
  sub_group_broadcast(char16)... passed
  sub_group_broadcast(half2)...
  sub_group_broadcast(half2)... passed
  sub_group_broadcast(half3)...
  sub_group_broadcast(half3)... passed
  sub_group_broadcast(half4)...
  sub_group_broadcast(half4)... passed
  sub_group_broadcast(half8)...
  sub_group_broadcast(half8)... passed
  sub_group_broadcast(half16)...
  sub_group_broadcast(half16)... passed
  sub_group_reduce_add(uchar)...
  sub_group_reduce_add(uchar)... passed
  sub_group_reduce_max(uchar)...
  sub_group_reduce_max(uchar)... passed
  sub_group_reduce_min(uchar)...
  sub_group_reduce_min(uchar)... passed
  sub_group_scan_inclusive_add(uchar)...
  sub_group_scan_inclusive_add(uchar)... passed
  sub_group_scan_inclusive_max(uchar)...
  sub_group_scan_inclusive_max(uchar)... passed
  sub_group_scan_inclusive_min(uchar)...
  sub_group_scan_inclusive_min(uchar)... passed
  sub_group_scan_exclusive_add(uchar)...
  sub_group_scan_exclusive_add(uchar)... passed
  sub_group_scan_exclusive_max(uchar)...
  sub_group_scan_exclusive_max(uchar)... passed
  sub_group_scan_exclusive_min(uchar)...
  sub_group_scan_exclusive_min(uchar)... passed
  sub_group_reduce_add(char)...
  sub_group_reduce_add(char)... passed
  sub_group_reduce_max(char)...
  sub_group_reduce_max(char)... passed
  sub_group_reduce_min(char)...
  sub_group_reduce_min(char)... passed
  sub_group_scan_inclusive_add(char)...
  sub_group_scan_inclusive_add(char)... passed
  sub_group_scan_inclusive_max(char)...
  sub_group_scan_inclusive_max(char)... passed
  sub_group_scan_inclusive_min(char)...
  sub_group_scan_inclusive_min(char)... passed
  sub_group_scan_exclusive_add(char)...
  sub_group_scan_exclusive_add(char)... passed
  sub_group_scan_exclusive_max(char)...
  sub_group_scan_exclusive_max(char)... passed
  sub_group_scan_exclusive_min(char)...
  sub_group_scan_exclusive_min(char)... passed
  sub_group_reduce_add(ushort)...
  sub_group_reduce_add(ushort)... passed
  sub_group_reduce_max(ushort)...
  sub_group_reduce_max(ushort)... passed
  sub_group_reduce_min(ushort)...
  sub_group_reduce_min(ushort)... passed
  sub_group_scan_inclusive_add(ushort)...
  sub_group_scan_inclusive_add(ushort)... passed
  sub_group_scan_inclusive_max(ushort)...
  sub_group_scan_inclusive_max(ushort)... passed
  sub_group_scan_inclusive_min(ushort)...
  sub_group_scan_inclusive_min(ushort)... passed
  sub_group_scan_exclusive_add(ushort)...
  sub_group_scan_exclusive_add(ushort)... passed
  sub_group_scan_exclusive_max(ushort)...
  sub_group_scan_exclusive_max(ushort)... passed
  sub_group_scan_exclusive_min(ushort)...
  sub_group_scan_exclusive_min(ushort)... passed
  sub_group_reduce_add(short)...
  sub_group_reduce_add(short)... passed
  sub_group_reduce_max(short)...
  sub_group_reduce_max(short)... passed
  sub_group_reduce_min(short)...
  sub_group_reduce_min(short)... passed
  sub_group_scan_inclusive_add(short)...
  sub_group_scan_inclusive_add(short)... passed
  sub_group_scan_inclusive_max(short)...
  sub_group_scan_inclusive_max(short)... passed
  sub_group_scan_inclusive_min(short)...
  sub_group_scan_inclusive_min(short)... passed
  sub_group_scan_exclusive_add(short)...
  sub_group_scan_exclusive_add(short)... passed
  sub_group_scan_exclusive_max(short)...
  sub_group_scan_exclusive_max(short)... passed
  sub_group_scan_exclusive_min(short)...
  sub_group_scan_exclusive_min(short)... passed
subgroup_functions_extended_types passed
subgroup_functions_non_uniform_vote...
  sub_group_non_uniform_all_equal(int)...
  sub_group_non_uniform_all_equal(int)... passed
  sub_group_non_uniform_all_equal(uint)...
  sub_group_non_uniform_all_equal(uint)... passed
  sub_group_non_uniform_all_equal(long)...
  sub_group_non_uniform_all_equal(long)... passed
  sub_group_non_uniform_all_equal(ulong)...
  sub_group_non_uniform_all_equal(ulong)... passed
  sub_group_non_uniform_all_equal(float)...
  sub_group_non_uniform_all_equal(float)... passed
  sub_group_non_uniform_all_equal(double)...
Data type not supported : double
  sub_group_non_uniform_all_equal(half)...
  sub_group_non_uniform_all_equal(half)... passed
  sub_group_non_uniform_all(int)...
  sub_group_non_uniform_all(int)... passed
  sub_group_elect(int)...
  sub_group_elect(int)... passed
  sub_group_non_uniform_any(int)...
  sub_group_non_uniform_any(int)... passed
subgroup_functions_non_uniform_vote passed
subgroup_functions_non_uniform_arithmetic...
  sub_group_non_uniform_scan_inclusive_add(int)...
  sub_group_non_uniform_scan_inclusive_add(int)... passed
  sub_group_non_uniform_scan_inclusive_mul(int)...
  sub_group_non_uniform_scan_inclusive_mul(int)... passed
  sub_group_non_uniform_scan_inclusive_max(int)...
  sub_group_non_uniform_scan_inclusive_max(int)... passed
  sub_group_non_uniform_scan_inclusive_min(int)...
  sub_group_non_uniform_scan_inclusive_min(int)... passed
  sub_group_non_uniform_scan_exclusive_add(int)...
  sub_group_non_uniform_scan_exclusive_add(int)... passed
  sub_group_non_uniform_scan_exclusive_mul(int)...
  sub_group_non_uniform_scan_exclusive_mul(int)... passed
  sub_group_non_uniform_scan_exclusive_max(int)...
  sub_group_non_uniform_scan_exclusive_max(int)... passed
  sub_group_non_uniform_scan_exclusive_min(int)...
  sub_group_non_uniform_scan_exclusive_min(int)... passed
  sub_group_non_uniform_reduce_add(int)...
  sub_group_non_uniform_reduce_add(int)... passed
  sub_group_non_uniform_reduce_mul(int)...
  sub_group_non_uniform_reduce_mul(int)... passed
  sub_group_non_uniform_reduce_max(int)...
  sub_group_non_uniform_reduce_max(int)... passed
  sub_group_non_uniform_reduce_min(int)...
  sub_group_non_uniform_reduce_min(int)... passed
  sub_group_non_uniform_scan_inclusive_add(uint)...
  sub_group_non_uniform_scan_inclusive_add(uint)... passed
  sub_group_non_uniform_scan_inclusive_mul(uint)...
  sub_group_non_uniform_scan_inclusive_mul(uint)... passed
  sub_group_non_uniform_scan_inclusive_max(uint)...
  sub_group_non_uniform_scan_inclusive_max(uint)... passed
  sub_group_non_uniform_scan_inclusive_min(uint)...
  sub_group_non_uniform_scan_inclusive_min(uint)... passed
  sub_group_non_uniform_scan_exclusive_add(uint)...
  sub_group_non_uniform_scan_exclusive_add(uint)... passed
  sub_group_non_uniform_scan_exclusive_mul(uint)...
  sub_group_non_uniform_scan_exclusive_mul(uint)... passed
  sub_group_non_uniform_scan_exclusive_max(uint)...
  sub_group_non_uniform_scan_exclusive_max(uint)... passed
  sub_group_non_uniform_scan_exclusive_min(uint)...
  sub_group_non_uniform_scan_exclusive_min(uint)... passed
  sub_group_non_uniform_reduce_add(uint)...
  sub_group_non_uniform_reduce_add(uint)... passed
  sub_group_non_uniform_reduce_mul(uint)...
  sub_group_non_uniform_reduce_mul(uint)... passed
  sub_group_non_uniform_reduce_max(uint)...
  sub_group_non_uniform_reduce_max(uint)... passed
  sub_group_non_uniform_reduce_min(uint)...
  sub_group_non_uniform_reduce_min(uint)... passed
  sub_group_non_uniform_scan_inclusive_add(long)...
  sub_group_non_uniform_scan_inclusive_add(long)... passed
  sub_group_non_uniform_scan_inclusive_mul(long)...
  sub_group_non_uniform_scan_inclusive_mul(long)... passed
  sub_group_non_uniform_scan_inclusive_max(long)...
  sub_group_non_uniform_scan_inclusive_max(long)... passed
  sub_group_non_uniform_scan_inclusive_min(long)...
  sub_group_non_uniform_scan_inclusive_min(long)... passed
  sub_group_non_uniform_scan_exclusive_add(long)...
  sub_group_non_uniform_scan_exclusive_add(long)... passed
  sub_group_non_uniform_scan_exclusive_mul(long)...
  sub_group_non_uniform_scan_exclusive_mul(long)... passed
  sub_group_non_uniform_scan_exclusive_max(long)...
  sub_group_non_uniform_scan_exclusive_max(long)... passed
  sub_group_non_uniform_scan_exclusive_min(long)...
  sub_group_non_uniform_scan_exclusive_min(long)... passed
  sub_group_non_uniform_reduce_add(long)...
  sub_group_non_uniform_reduce_add(long)... passed
  sub_group_non_uniform_reduce_mul(long)...
  sub_group_non_uniform_reduce_mul(long)... passed
  sub_group_non_uniform_reduce_max(long)...
  sub_group_non_uniform_reduce_max(long)... passed
  sub_group_non_uniform_reduce_min(long)...
  sub_group_non_uniform_reduce_min(long)... passed
  sub_group_non_uniform_scan_inclusive_add(ulong)...
  sub_group_non_uniform_scan_inclusive_add(ulong)... passed
  sub_group_non_uniform_scan_inclusive_mul(ulong)...
  sub_group_non_uniform_scan_inclusive_mul(ulong)... passed
  sub_group_non_uniform_scan_inclusive_max(ulong)...
  sub_group_non_uniform_scan_inclusive_max(ulong)... passed
  sub_group_non_uniform_scan_inclusive_min(ulong)...
  sub_group_non_uniform_scan_inclusive_min(ulong)... passed
  sub_group_non_uniform_scan_exclusive_add(ulong)...
  sub_group_non_uniform_scan_exclusive_add(ulong)... passed
  sub_group_non_uniform_scan_exclusive_mul(ulong)...
  sub_group_non_uniform_scan_exclusive_mul(ulong)... passed
  sub_group_non_uniform_scan_exclusive_max(ulong)...
  sub_group_non_uniform_scan_exclusive_max(ulong)... passed
  sub_group_non_uniform_scan_exclusive_min(ulong)...
  sub_group_non_uniform_scan_exclusive_min(ulong)... passed
  sub_group_non_uniform_reduce_add(ulong)...
  sub_group_non_uniform_reduce_add(ulong)... passed
  sub_group_non_uniform_reduce_mul(ulong)...
  sub_group_non_uniform_reduce_mul(ulong)... passed
  sub_group_non_uniform_reduce_max(ulong)...
  sub_group_non_uniform_reduce_max(ulong)... passed
  sub_group_non_uniform_reduce_min(ulong)...
  sub_group_non_uniform_reduce_min(ulong)... passed
  sub_group_non_uniform_scan_inclusive_add(short)...
  sub_group_non_uniform_scan_inclusive_add(short)... passed
  sub_group_non_uniform_scan_inclusive_mul(short)...
  sub_group_non_uniform_scan_inclusive_mul(short)... passed
  sub_group_non_uniform_scan_inclusive_max(short)...
  sub_group_non_uniform_scan_inclusive_max(short)... passed
  sub_group_non_uniform_scan_inclusive_min(short)...
  sub_group_non_uniform_scan_inclusive_min(short)... passed
  sub_group_non_uniform_scan_exclusive_add(short)...
  sub_group_non_uniform_scan_exclusive_add(short)... passed
  sub_group_non_uniform_scan_exclusive_mul(short)...
  sub_group_non_uniform_scan_exclusive_mul(short)... passed
  sub_group_non_uniform_scan_exclusive_max(short)...
  sub_group_non_uniform_scan_exclusive_max(short)... passed
  sub_group_non_uniform_scan_exclusive_min(short)...
  sub_group_non_uniform_scan_exclusive_min(short)... passed
  sub_group_non_uniform_reduce_add(short)...
  sub_group_non_uniform_reduce_add(short)... passed
  sub_group_non_uniform_reduce_mul(short)...
  sub_group_non_uniform_reduce_mul(short)... passed
  sub_group_non_uniform_reduce_max(short)...
  sub_group_non_uniform_reduce_max(short)... passed
  sub_group_non_uniform_reduce_min(short)...
  sub_group_non_uniform_reduce_min(short)... passed
  sub_group_non_uniform_scan_inclusive_add(ushort)...
  sub_group_non_uniform_scan_inclusive_add(ushort)... passed
  sub_group_non_uniform_scan_inclusive_mul(ushort)...
  sub_group_non_uniform_scan_inclusive_mul(ushort)... passed
  sub_group_non_uniform_scan_inclusive_max(ushort)...
  sub_group_non_uniform_scan_inclusive_max(ushort)... passed
  sub_group_non_uniform_scan_inclusive_min(ushort)...
  sub_group_non_uniform_scan_inclusive_min(ushort)... passed
  sub_group_non_uniform_scan_exclusive_add(ushort)...
  sub_group_non_uniform_scan_exclusive_add(ushort)... passed
  sub_group_non_uniform_scan_exclusive_mul(ushort)...
  sub_group_non_uniform_scan_exclusive_mul(ushort)... passed
  sub_group_non_uniform_scan_exclusive_max(ushort)...
  sub_group_non_uniform_scan_exclusive_max(ushort)... passed
  sub_group_non_uniform_scan_exclusive_min(ushort)...
  sub_group_non_uniform_scan_exclusive_min(ushort)... passed
  sub_group_non_uniform_reduce_add(ushort)...
  sub_group_non_uniform_reduce_add(ushort)... passed
  sub_group_non_uniform_reduce_mul(ushort)...
  sub_group_non_uniform_reduce_mul(ushort)... passed
  sub_group_non_uniform_reduce_max(ushort)...
  sub_group_non_uniform_reduce_max(ushort)... passed
  sub_group_non_uniform_reduce_min(ushort)...
  sub_group_non_uniform_reduce_min(ushort)... passed
  sub_group_non_uniform_scan_inclusive_add(char)...
  sub_group_non_uniform_scan_inclusive_add(char)... passed
  sub_group_non_uniform_scan_inclusive_mul(char)...
  sub_group_non_uniform_scan_inclusive_mul(char)... passed
  sub_group_non_uniform_scan_inclusive_max(char)...
  sub_group_non_uniform_scan_inclusive_max(char)... passed
  sub_group_non_uniform_scan_inclusive_min(char)...
  sub_group_non_uniform_scan_inclusive_min(char)... passed
  sub_group_non_uniform_scan_exclusive_add(char)...
  sub_group_non_uniform_scan_exclusive_add(char)... passed
  sub_group_non_uniform_scan_exclusive_mul(char)...
  sub_group_non_uniform_scan_exclusive_mul(char)... passed
  sub_group_non_uniform_scan_exclusive_max(char)...
  sub_group_non_uniform_scan_exclusive_max(char)... passed
  sub_group_non_uniform_scan_exclusive_min(char)...
  sub_group_non_uniform_scan_exclusive_min(char)... passed
  sub_group_non_uniform_reduce_add(char)...
  sub_group_non_uniform_reduce_add(char)... passed
  sub_group_non_uniform_reduce_mul(char)...
  sub_group_non_uniform_reduce_mul(char)... passed
  sub_group_non_uniform_reduce_max(char)...
  sub_group_non_uniform_reduce_max(char)... passed
  sub_group_non_uniform_reduce_min(char)...
  sub_group_non_uniform_reduce_min(char)... passed
  sub_group_non_uniform_scan_inclusive_add(uchar)...
  sub_group_non_uniform_scan_inclusive_add(uchar)... passed
  sub_group_non_uniform_scan_inclusive_mul(uchar)...
  sub_group_non_uniform_scan_inclusive_mul(uchar)... passed
  sub_group_non_uniform_scan_inclusive_max(uchar)...
  sub_group_non_uniform_scan_inclusive_max(uchar)... passed
  sub_group_non_uniform_scan_inclusive_min(uchar)...
  sub_group_non_uniform_scan_inclusive_min(uchar)... passed
  sub_group_non_uniform_scan_exclusive_add(uchar)...
  sub_group_non_uniform_scan_exclusive_add(uchar)... passed
  sub_group_non_uniform_scan_exclusive_mul(uchar)...
  sub_group_non_uniform_scan_exclusive_mul(uchar)... passed
  sub_group_non_uniform_scan_exclusive_max(uchar)...
  sub_group_non_uniform_scan_exclusive_max(uchar)... passed
  sub_group_non_uniform_scan_exclusive_min(uchar)...
  sub_group_non_uniform_scan_exclusive_min(uchar)... passed
  sub_group_non_uniform_reduce_add(uchar)...
  sub_group_non_uniform_reduce_add(uchar)... passed
  sub_group_non_uniform_reduce_mul(uchar)...
  sub_group_non_uniform_reduce_mul(uchar)... passed
  sub_group_non_uniform_reduce_max(uchar)...
  sub_group_non_uniform_reduce_max(uchar)... passed
  sub_group_non_uniform_reduce_min(uchar)...
  sub_group_non_uniform_reduce_min(uchar)... passed
  sub_group_non_uniform_scan_inclusive_add(float)...
  sub_group_non_uniform_scan_inclusive_add(float)... passed
  sub_group_non_uniform_scan_inclusive_mul(float)...
  sub_group_non_uniform_scan_inclusive_mul(float)... passed
  sub_group_non_uniform_scan_inclusive_max(float)...
  sub_group_non_uniform_scan_inclusive_max(float)... passed
  sub_group_non_uniform_scan_inclusive_min(float)...
  sub_group_non_uniform_scan_inclusive_min(float)... passed
  sub_group_non_uniform_scan_exclusive_add(float)...
  sub_group_non_uniform_scan_exclusive_add(float)... passed
  sub_group_non_uniform_scan_exclusive_mul(float)...
  sub_group_non_uniform_scan_exclusive_mul(float)... passed
  sub_group_non_uniform_scan_exclusive_max(float)...
  sub_group_non_uniform_scan_exclusive_max(float)... passed
  sub_group_non_uniform_scan_exclusive_min(float)...
  sub_group_non_uniform_scan_exclusive_min(float)... passed
  sub_group_non_uniform_reduce_add(float)...
  sub_group_non_uniform_reduce_add(float)... passed
  sub_group_non_uniform_reduce_mul(float)...
  sub_group_non_uniform_reduce_mul(float)... passed
  sub_group_non_uniform_reduce_max(float)...
  sub_group_non_uniform_reduce_max(float)... passed
  sub_group_non_uniform_reduce_min(float)...
  sub_group_non_uniform_reduce_min(float)... passed
  sub_group_non_uniform_scan_inclusive_add(double)...
Data type not supported : double
  sub_group_non_uniform_scan_inclusive_mul(double)...
Data type not supported : double
  sub_group_non_uniform_scan_inclusive_max(double)...
Data type not supported : double
  sub_group_non_uniform_scan_inclusive_min(double)...
Data type not supported : double
  sub_group_non_uniform_scan_exclusive_add(double)...
Data type not supported : double
  sub_group_non_uniform_scan_exclusive_mul(double)...
Data type not supported : double
  sub_group_non_uniform_scan_exclusive_max(double)...
Data type not supported : double
  sub_group_non_uniform_scan_exclusive_min(double)...
Data type not supported : double
  sub_group_non_uniform_reduce_add(double)...
Data type not supported : double
  sub_group_non_uniform_reduce_mul(double)...
Data type not supported : double
  sub_group_non_uniform_reduce_max(double)...
Data type not supported : double
  sub_group_non_uniform_reduce_min(double)...
Data type not supported : double
  sub_group_non_uniform_scan_inclusive_add(half)...
  sub_group_non_uniform_scan_inclusive_add(half)... passed
  sub_group_non_uniform_scan_inclusive_mul(half)...
  sub_group_non_uniform_scan_inclusive_mul(half)... passed
  sub_group_non_uniform_scan_inclusive_max(half)...
  sub_group_non_uniform_scan_inclusive_max(half)... passed
  sub_group_non_uniform_scan_inclusive_min(half)...
  sub_group_non_uniform_scan_inclusive_min(half)... passed
  sub_group_non_uniform_scan_exclusive_add(half)...
  sub_group_non_uniform_scan_exclusive_add(half)... passed
  sub_group_non_uniform_scan_exclusive_mul(half)...
  sub_group_non_uniform_scan_exclusive_mul(half)... passed
  sub_group_non_uniform_scan_exclusive_max(half)...
  sub_group_non_uniform_scan_exclusive_max(half)... passed
  sub_group_non_uniform_scan_exclusive_min(half)...
  sub_group_non_uniform_scan_exclusive_min(half)... passed
  sub_group_non_uniform_reduce_add(half)...
  sub_group_non_uniform_reduce_add(half)... passed
  sub_group_non_uniform_reduce_mul(half)...
  sub_group_non_uniform_reduce_mul(half)... passed
  sub_group_non_uniform_reduce_max(half)...
  sub_group_non_uniform_reduce_max(half)... passed
  sub_group_non_uniform_reduce_min(half)...
  sub_group_non_uniform_reduce_min(half)... passed
  sub_group_non_uniform_scan_inclusive_and(int)...
  sub_group_non_uniform_scan_inclusive_and(int)... passed
  sub_group_non_uniform_scan_inclusive_or(int)...
  sub_group_non_uniform_scan_inclusive_or(int)... passed
  sub_group_non_uniform_scan_inclusive_xor(int)...
  sub_group_non_uniform_scan_inclusive_xor(int)... passed
  sub_group_non_uniform_scan_exclusive_and(int)...
  sub_group_non_uniform_scan_exclusive_and(int)... passed
  sub_group_non_uniform_scan_exclusive_or(int)...
  sub_group_non_uniform_scan_exclusive_or(int)... passed
  sub_group_non_uniform_scan_exclusive_xor(int)...
  sub_group_non_uniform_scan_exclusive_xor(int)... passed
  sub_group_non_uniform_reduce_and(int)...
  sub_group_non_uniform_reduce_and(int)... passed
  sub_group_non_uniform_reduce_or(int)...
  sub_group_non_uniform_reduce_or(int)... passed
  sub_group_non_uniform_reduce_xor(int)...
  sub_group_non_uniform_reduce_xor(int)... passed
  sub_group_non_uniform_scan_inclusive_and(uint)...
  sub_group_non_uniform_scan_inclusive_and(uint)... passed
  sub_group_non_uniform_scan_inclusive_or(uint)...
  sub_group_non_uniform_scan_inclusive_or(uint)... passed
  sub_group_non_uniform_scan_inclusive_xor(uint)...
  sub_group_non_uniform_scan_inclusive_xor(uint)... passed
  sub_group_non_uniform_scan_exclusive_and(uint)...
  sub_group_non_uniform_scan_exclusive_and(uint)... passed
  sub_group_non_uniform_scan_exclusive_or(uint)...
  sub_group_non_uniform_scan_exclusive_or(uint)... passed
  sub_group_non_uniform_scan_exclusive_xor(uint)...
  sub_group_non_uniform_scan_exclusive_xor(uint)... passed
  sub_group_non_uniform_reduce_and(uint)...
  sub_group_non_uniform_reduce_and(uint)... passed
  sub_group_non_uniform_reduce_or(uint)...
  sub_group_non_uniform_reduce_or(uint)... passed
  sub_group_non_uniform_reduce_xor(uint)...
  sub_group_non_uniform_reduce_xor(uint)... passed
  sub_group_non_uniform_scan_inclusive_and(long)...
  sub_group_non_uniform_scan_inclusive_and(long)... passed
  sub_group_non_uniform_scan_inclusive_or(long)...
  sub_group_non_uniform_scan_inclusive_or(long)... passed
  sub_group_non_uniform_scan_inclusive_xor(long)...
  sub_group_non_uniform_scan_inclusive_xor(long)... passed
  sub_group_non_uniform_scan_exclusive_and(long)...
  sub_group_non_uniform_scan_exclusive_and(long)... passed
  sub_group_non_uniform_scan_exclusive_or(long)...
  sub_group_non_uniform_scan_exclusive_or(long)... passed
  sub_group_non_uniform_scan_exclusive_xor(long)...
  sub_group_non_uniform_scan_exclusive_xor(long)... passed
  sub_group_non_uniform_reduce_and(long)...
  sub_group_non_uniform_reduce_and(long)... passed
  sub_group_non_uniform_reduce_or(long)...
  sub_group_non_uniform_reduce_or(long)... passed
  sub_group_non_uniform_reduce_xor(long)...
  sub_group_non_uniform_reduce_xor(long)... passed
  sub_group_non_uniform_scan_inclusive_and(ulong)...
  sub_group_non_uniform_scan_inclusive_and(ulong)... passed
  sub_group_non_uniform_scan_inclusive_or(ulong)...
  sub_group_non_uniform_scan_inclusive_or(ulong)... passed
  sub_group_non_uniform_scan_inclusive_xor(ulong)...
  sub_group_non_uniform_scan_inclusive_xor(ulong)... passed
  sub_group_non_uniform_scan_exclusive_and(ulong)...
  sub_group_non_uniform_scan_exclusive_and(ulong)... passed
  sub_group_non_uniform_scan_exclusive_or(ulong)...
  sub_group_non_uniform_scan_exclusive_or(ulong)... passed
  sub_group_non_uniform_scan_exclusive_xor(ulong)...
  sub_group_non_uniform_scan_exclusive_xor(ulong)... passed
  sub_group_non_uniform_reduce_and(ulong)...
  sub_group_non_uniform_reduce_and(ulong)... passed
  sub_group_non_uniform_reduce_or(ulong)...
  sub_group_non_uniform_reduce_or(ulong)... passed
  sub_group_non_uniform_reduce_xor(ulong)...
  sub_group_non_uniform_reduce_xor(ulong)... passed
  sub_group_non_uniform_scan_inclusive_and(short)...
  sub_group_non_uniform_scan_inclusive_and(short)... passed
  sub_group_non_uniform_scan_inclusive_or(short)...
  sub_group_non_uniform_scan_inclusive_or(short)... passed
  sub_group_non_uniform_scan_inclusive_xor(short)...
  sub_group_non_uniform_scan_inclusive_xor(short)... passed
  sub_group_non_uniform_scan_exclusive_and(short)...
  sub_group_non_uniform_scan_exclusive_and(short)... passed
  sub_group_non_uniform_scan_exclusive_or(short)...
  sub_group_non_uniform_scan_exclusive_or(short)... passed
  sub_group_non_uniform_scan_exclusive_xor(short)...
  sub_group_non_uniform_scan_exclusive_xor(short)... passed
  sub_group_non_uniform_reduce_and(short)...
  sub_group_non_uniform_reduce_and(short)... passed
  sub_group_non_uniform_reduce_or(short)...
  sub_group_non_uniform_reduce_or(short)... passed
  sub_group_non_uniform_reduce_xor(short)...
  sub_group_non_uniform_reduce_xor(short)... passed
  sub_group_non_uniform_scan_inclusive_and(ushort)...
  sub_group_non_uniform_scan_inclusive_and(ushort)... passed
  sub_group_non_uniform_scan_inclusive_or(ushort)...
  sub_group_non_uniform_scan_inclusive_or(ushort)... passed
  sub_group_non_uniform_scan_inclusive_xor(ushort)...
  sub_group_non_uniform_scan_inclusive_xor(ushort)... passed
  sub_group_non_uniform_scan_exclusive_and(ushort)...
  sub_group_non_uniform_scan_exclusive_and(ushort)... passed
  sub_group_non_uniform_scan_exclusive_or(ushort)...
  sub_group_non_uniform_scan_exclusive_or(ushort)... passed
  sub_group_non_uniform_scan_exclusive_xor(ushort)...
  sub_group_non_uniform_scan_exclusive_xor(ushort)... passed
  sub_group_non_uniform_reduce_and(ushort)...
  sub_group_non_uniform_reduce_and(ushort)... passed
  sub_group_non_uniform_reduce_or(ushort)...
  sub_group_non_uniform_reduce_or(ushort)... passed
  sub_group_non_uniform_reduce_xor(ushort)...
  sub_group_non_uniform_reduce_xor(ushort)... passed
  sub_group_non_uniform_scan_inclusive_and(char)...
  sub_group_non_uniform_scan_inclusive_and(char)... passed
  sub_group_non_uniform_scan_inclusive_or(char)...
  sub_group_non_uniform_scan_inclusive_or(char)... passed
  sub_group_non_uniform_scan_inclusive_xor(char)...
  sub_group_non_uniform_scan_inclusive_xor(char)... passed
  sub_group_non_uniform_scan_exclusive_and(char)...
  sub_group_non_uniform_scan_exclusive_and(char)... passed
  sub_group_non_uniform_scan_exclusive_or(char)...
  sub_group_non_uniform_scan_exclusive_or(char)... passed
  sub_group_non_uniform_scan_exclusive_xor(char)...
  sub_group_non_uniform_scan_exclusive_xor(char)... passed
  sub_group_non_uniform_reduce_and(char)...
  sub_group_non_uniform_reduce_and(char)... passed
  sub_group_non_uniform_reduce_or(char)...
  sub_group_non_uniform_reduce_or(char)... passed
  sub_group_non_uniform_reduce_xor(char)...
  sub_group_non_uniform_reduce_xor(char)... passed
  sub_group_non_uniform_scan_inclusive_and(uchar)...
  sub_group_non_uniform_scan_inclusive_and(uchar)... passed
  sub_group_non_uniform_scan_inclusive_or(uchar)...
  sub_group_non_uniform_scan_inclusive_or(uchar)... passed
  sub_group_non_uniform_scan_inclusive_xor(uchar)...
  sub_group_non_uniform_scan_inclusive_xor(uchar)... passed
  sub_group_non_uniform_scan_exclusive_and(uchar)...
  sub_group_non_uniform_scan_exclusive_and(uchar)... passed
  sub_group_non_uniform_scan_exclusive_or(uchar)...
  sub_group_non_uniform_scan_exclusive_or(uchar)... passed
  sub_group_non_uniform_scan_exclusive_xor(uchar)...
  sub_group_non_uniform_scan_exclusive_xor(uchar)... passed
  sub_group_non_uniform_reduce_and(uchar)...
  sub_group_non_uniform_reduce_and(uchar)... passed
  sub_group_non_uniform_reduce_or(uchar)...
  sub_group_non_uniform_reduce_or(uchar)... passed
  sub_group_non_uniform_reduce_xor(uchar)...
  sub_group_non_uniform_reduce_xor(uchar)... passed
  sub_group_non_uniform_scan_inclusive_logical_and(int)...
  sub_group_non_uniform_scan_inclusive_logical_and(int)... passed
  sub_group_non_uniform_scan_inclusive_logical_or(int)...
  sub_group_non_uniform_scan_inclusive_logical_or(int)... passed
  sub_group_non_uniform_scan_inclusive_logical_xor(int)...
  sub_group_non_uniform_scan_inclusive_logical_xor(int)... passed
  sub_group_non_uniform_scan_exclusive_logical_and(int)...
  sub_group_non_uniform_scan_exclusive_logical_and(int)... passed
  sub_group_non_uniform_scan_exclusive_logical_or(int)...
  sub_group_non_uniform_scan_exclusive_logical_or(int)... passed
  sub_group_non_uniform_scan_exclusive_logical_xor(int)...
  sub_group_non_uniform_scan_exclusive_logical_xor(int)... passed
  sub_group_non_uniform_reduce_logical_and(int)...
  sub_group_non_uniform_reduce_logical_and(int)... passed
  sub_group_non_uniform_reduce_logical_or(int)...
  sub_group_non_uniform_reduce_logical_or(int)... passed
  sub_group_non_uniform_reduce_logical_xor(int)...
  sub_group_non_uniform_reduce_logical_xor(int)... passed
subgroup_functions_non_uniform_arithmetic passed
subgroup_functions_ballot...
  sub_group_non_uniform_broadcast(int)...
  sub_group_non_uniform_broadcast(int)... passed
  sub_group_non_uniform_broadcast(int2)...
  sub_group_non_uniform_broadcast(int2)... passed
  sub_group_non_uniform_broadcast(int3)...
  sub_group_non_uniform_broadcast(int3)... passed
  sub_group_non_uniform_broadcast(int4)...
  sub_group_non_uniform_broadcast(int4)... passed
  sub_group_non_uniform_broadcast(int8)...
  sub_group_non_uniform_broadcast(int8)... passed
  sub_group_non_uniform_broadcast(int16)...
  sub_group_non_uniform_broadcast(int16)... passed
  sub_group_non_uniform_broadcast(uint)...
  sub_group_non_uniform_broadcast(uint)... passed
  sub_group_non_uniform_broadcast(uint2)...
  sub_group_non_uniform_broadcast(uint2)... passed
  sub_group_non_uniform_broadcast(uint3)...
  sub_group_non_uniform_broadcast(uint3)... passed
  sub_group_non_uniform_broadcast(uint4)...
  sub_group_non_uniform_broadcast(uint4)... passed
  sub_group_non_uniform_broadcast(uint8)...
  sub_group_non_uniform_broadcast(uint8)... passed
  sub_group_non_uniform_broadcast(uint16)...
  sub_group_non_uniform_broadcast(uint16)... passed
  sub_group_non_uniform_broadcast(char)...
  sub_group_non_uniform_broadcast(char)... passed
  sub_group_non_uniform_broadcast(char2)...
  sub_group_non_uniform_broadcast(char2)... passed
  sub_group_non_uniform_broadcast(char3)...
  sub_group_non_uniform_broadcast(char3)... passed
  sub_group_non_uniform_broadcast(char4)...
  sub_group_non_uniform_broadcast(char4)... passed
  sub_group_non_uniform_broadcast(char8)...
  sub_group_non_uniform_broadcast(char8)... passed
  sub_group_non_uniform_broadcast(char16)...
  sub_group_non_uniform_broadcast(char16)... passed
  sub_group_non_uniform_broadcast(uchar)...
  sub_group_non_uniform_broadcast(uchar)... passed
  sub_group_non_uniform_broadcast(uchar2)...
  sub_group_non_uniform_broadcast(uchar2)... passed
  sub_group_non_uniform_broadcast(uchar3)...
  sub_group_non_uniform_broadcast(uchar3)... passed
  sub_group_non_uniform_broadcast(uchar4)...
  sub_group_non_uniform_broadcast(uchar4)... passed
  sub_group_non_uniform_broadcast(uchar8)...
  sub_group_non_uniform_broadcast(uchar8)... passed
  sub_group_non_uniform_broadcast(uchar16)...
  sub_group_non_uniform_broadcast(uchar16)... passed
  sub_group_non_uniform_broadcast(short)...
  sub_group_non_uniform_broadcast(short)... passed
  sub_group_non_uniform_broadcast(short2)...
  sub_group_non_uniform_broadcast(short2)... passed
  sub_group_non_uniform_broadcast(short3)...
  sub_group_non_uniform_broadcast(short3)... passed
  sub_group_non_uniform_broadcast(short4)...
  sub_group_non_uniform_broadcast(short4)... passed
  sub_group_non_uniform_broadcast(short8)...
  sub_group_non_uniform_broadcast(short8)... passed
  sub_group_non_uniform_broadcast(short16)...
  sub_group_non_uniform_broadcast(short16)... passed
  sub_group_non_uniform_broadcast(ushort)...
  sub_group_non_uniform_broadcast(ushort)... passed
  sub_group_non_uniform_broadcast(ushort2)...
  sub_group_non_uniform_broadcast(ushort2)... passed
  sub_group_non_uniform_broadcast(ushort3)...
  sub_group_non_uniform_broadcast(ushort3)... passed
  sub_group_non_uniform_broadcast(ushort4)...
  sub_group_non_uniform_broadcast(ushort4)... passed
  sub_group_non_uniform_broadcast(ushort8)...
  sub_group_non_uniform_broadcast(ushort8)... passed
  sub_group_non_uniform_broadcast(ushort16)...
  sub_group_non_uniform_broadcast(ushort16)... passed
  sub_group_non_uniform_broadcast(long)...
  sub_group_non_uniform_broadcast(long)... passed
  sub_group_non_uniform_broadcast(long2)...
  sub_group_non_uniform_broadcast(long2)... passed
  sub_group_non_uniform_broadcast(long3)...
  sub_group_non_uniform_broadcast(long3)... passed
  sub_group_non_uniform_broadcast(long4)...
  sub_group_non_uniform_broadcast(long4)... passed
  sub_group_non_uniform_broadcast(long8)...
  sub_group_non_uniform_broadcast(long8)... passed
  sub_group_non_uniform_broadcast(long16)...
  sub_group_non_uniform_broadcast(long16)... passed
  sub_group_non_uniform_broadcast(ulong)...
  sub_group_non_uniform_broadcast(ulong)... passed
  sub_group_non_uniform_broadcast(ulong2)...
  sub_group_non_uniform_broadcast(ulong2)... passed
  sub_group_non_uniform_broadcast(ulong3)...
  sub_group_non_uniform_broadcast(ulong3)... passed
  sub_group_non_uniform_broadcast(ulong4)...
  sub_group_non_uniform_broadcast(ulong4)... passed
  sub_group_non_uniform_broadcast(ulong8)...
  sub_group_non_uniform_broadcast(ulong8)... passed
  sub_group_non_uniform_broadcast(ulong16)...
  sub_group_non_uniform_broadcast(ulong16)... passed
  sub_group_non_uniform_broadcast(float)...
  sub_group_non_uniform_broadcast(float)... passed
  sub_group_non_uniform_broadcast(float2)...
  sub_group_non_uniform_broadcast(float2)... passed
  sub_group_non_uniform_broadcast(float3)...
  sub_group_non_uniform_broadcast(float3)... passed
  sub_group_non_uniform_broadcast(float4)...
  sub_group_non_uniform_broadcast(float4)... passed
  sub_group_non_uniform_broadcast(float8)...
  sub_group_non_uniform_broadcast(float8)... passed
  sub_group_non_uniform_broadcast(float16)...
  sub_group_non_uniform_broadcast(float16)... passed
  sub_group_non_uniform_broadcast(double)...
Data type not supported : double
  sub_group_non_uniform_broadcast(double2)...
Data type not supported : double2
  sub_group_non_uniform_broadcast(double3)...
Data type not supported : double3
  sub_group_non_uniform_broadcast(double4)...
Data type not supported : double4
  sub_group_non_uniform_broadcast(double8)...
Data type not supported : double8
  sub_group_non_uniform_broadcast(double16)...
Data type not supported : double16
  sub_group_non_uniform_broadcast(half)...
  sub_group_non_uniform_broadcast(half)... passed
  sub_group_non_uniform_broadcast(half2)...
  sub_group_non_uniform_broadcast(half2)... passed
  sub_group_non_uniform_broadcast(half3)...
  sub_group_non_uniform_broadcast(half3)... passed
  sub_group_non_uniform_broadcast(half4)...
  sub_group_non_uniform_broadcast(half4)... passed
  sub_group_non_uniform_broadcast(half8)...
  sub_group_non_uniform_broadcast(half8)... passed
  sub_group_non_uniform_broadcast(half16)...
  sub_group_non_uniform_broadcast(half16)... passed
  sub_group_broadcast_first(int)...
  sub_group_broadcast_first(int)... passed
  sub_group_broadcast_first(uint)...
  sub_group_broadcast_first(uint)... passed
  sub_group_broadcast_first(long)...
  sub_group_broadcast_first(long)... passed
  sub_group_broadcast_first(ulong)...
  sub_group_broadcast_first(ulong)... passed
  sub_group_broadcast_first(short)...
  sub_group_broadcast_first(short)... passed
  sub_group_broadcast_first(ushort)...
  sub_group_broadcast_first(ushort)... passed
  sub_group_broadcast_first(char)...
  sub_group_broadcast_first(char)... passed
  sub_group_broadcast_first(uchar)...
  sub_group_broadcast_first(uchar)... passed
  sub_group_broadcast_first(float)...
  sub_group_broadcast_first(float)... passed
  sub_group_broadcast_first(double)...
Data type not supported : double
  sub_group_broadcast_first(half)...
  sub_group_broadcast_first(half)... passed
  get_sub_group_eq_mask...
  get_sub_group_eq_mask... passed
  get_sub_group_ge_mask...
  get_sub_group_ge_mask... passed
  get_sub_group_gt_mask...
  get_sub_group_gt_mask... passed
  get_sub_group_le_mask...
  get_sub_group_le_mask... passed
  get_sub_group_lt_mask...
  get_sub_group_lt_mask... passed
  sub_group_ballot...
  sub_group_ballot... passed
  sub_group_inverse_ballot(uint4)...
  sub_group_inverse_ballot(uint4)... passed
  sub_group_ballot_bit_extract(uint4)...
  sub_group_ballot_bit_extract(uint4)... passed
  sub_group_bit_count(uint4)...
  sub_group_bit_count(uint4)... passed
  sub_group_inclusive_scan(uint4)...
  sub_group_inclusive_scan(uint4)... passed
  sub_group_exclusive_scan(uint4)...
  sub_group_exclusive_scan(uint4)... passed
  sub_group_find_lsb(uint4)...
  sub_group_find_lsb(uint4)... passed
  sub_group_find_msb(uint4)...
  sub_group_find_msb(uint4)... passed
subgroup_functions_ballot passed
subgroup_functions_clustered_reduce...
  sub_group_clustered_reduce_add(int, 4 bytes) ...
  sub_group_clustered_reduce_add(int, 4 bytes) ... passed
  sub_group_clustered_reduce_max(int, 4 bytes) ...
  sub_group_clustered_reduce_max(int, 4 bytes) ... passed
  sub_group_clustered_reduce_min(int, 4 bytes) ...
  sub_group_clustered_reduce_min(int, 4 bytes) ... passed
  sub_group_clustered_reduce_mul(int, 4 bytes) ...
  sub_group_clustered_reduce_mul(int, 4 bytes) ... passed
  sub_group_clustered_reduce_add(uint, 4 bytes) ...
  sub_group_clustered_reduce_add(uint, 4 bytes) ... passed
  sub_group_clustered_reduce_max(uint, 4 bytes) ...
  sub_group_clustered_reduce_max(uint, 4 bytes) ... passed
  sub_group_clustered_reduce_min(uint, 4 bytes) ...
  sub_group_clustered_reduce_min(uint, 4 bytes) ... passed
  sub_group_clustered_reduce_mul(uint, 4 bytes) ...
  sub_group_clustered_reduce_mul(uint, 4 bytes) ... passed
  sub_group_clustered_reduce_add(long, 8 bytes) ...
  sub_group_clustered_reduce_add(long, 8 bytes) ... passed
  sub_group_clustered_reduce_max(long, 8 bytes) ...
  sub_group_clustered_reduce_max(long, 8 bytes) ... passed
  sub_group_clustered_reduce_min(long, 8 bytes) ...
  sub_group_clustered_reduce_min(long, 8 bytes) ... passed
  sub_group_clustered_reduce_mul(long, 8 bytes) ...
  sub_group_clustered_reduce_mul(long, 8 bytes) ... passed
  sub_group_clustered_reduce_add(ulong, 8 bytes) ...
  sub_group_clustered_reduce_add(ulong, 8 bytes) ... passed
  sub_group_clustered_reduce_max(ulong, 8 bytes) ...
  sub_group_clustered_reduce_max(ulong, 8 bytes) ... passed
  sub_group_clustered_reduce_min(ulong, 8 bytes) ...
  sub_group_clustered_reduce_min(ulong, 8 bytes) ... passed
  sub_group_clustered_reduce_mul(ulong, 8 bytes) ...
  sub_group_clustered_reduce_mul(ulong, 8 bytes) ... passed
  sub_group_clustered_reduce_add(short, 2 bytes) ...
  sub_group_clustered_reduce_add(short, 2 bytes) ... passed
  sub_group_clustered_reduce_max(short, 2 bytes) ...
  sub_group_clustered_reduce_max(short, 2 bytes) ... passed
  sub_group_clustered_reduce_min(short, 2 bytes) ...
  sub_group_clustered_reduce_min(short, 2 bytes) ... passed
  sub_group_clustered_reduce_mul(short, 2 bytes) ...
  sub_group_clustered_reduce_mul(short, 2 bytes) ... passed
  sub_group_clustered_reduce_add(ushort, 2 bytes) ...
  sub_group_clustered_reduce_add(ushort, 2 bytes) ... passed
  sub_group_clustered_reduce_max(ushort, 2 bytes) ...
  sub_group_clustered_reduce_max(ushort, 2 bytes) ... passed
  sub_group_clustered_reduce_min(ushort, 2 bytes) ...
  sub_group_clustered_reduce_min(ushort, 2 bytes) ... passed
  sub_group_clustered_reduce_mul(ushort, 2 bytes) ...
  sub_group_clustered_reduce_mul(ushort, 2 bytes) ... passed
  sub_group_clustered_reduce_add(char, 1 bytes) ...
  sub_group_clustered_reduce_add(char, 1 bytes) ... passed
  sub_group_clustered_reduce_max(char, 1 bytes) ...
  sub_group_clustered_reduce_max(char, 1 bytes) ... passed
  sub_group_clustered_reduce_min(char, 1 bytes) ...
  sub_group_clustered_reduce_min(char, 1 bytes) ... passed
  sub_group_clustered_reduce_mul(char, 1 bytes) ...
  sub_group_clustered_reduce_mul(char, 1 bytes) ... passed
  sub_group_clustered_reduce_add(uchar, 1 bytes) ...
  sub_group_clustered_reduce_add(uchar, 1 bytes) ... passed
  sub_group_clustered_reduce_max(uchar, 1 bytes) ...
  sub_group_clustered_reduce_max(uchar, 1 bytes) ... passed
  sub_group_clustered_reduce_min(uchar, 1 bytes) ...
  sub_group_clustered_reduce_min(uchar, 1 bytes) ... passed
  sub_group_clustered_reduce_mul(uchar, 1 bytes) ...
  sub_group_clustered_reduce_mul(uchar, 1 bytes) ... passed
  sub_group_clustered_reduce_add(float, 4 bytes) ...
  sub_group_clustered_reduce_add(float, 4 bytes) ... passed
  sub_group_clustered_reduce_max(float, 4 bytes) ...
  sub_group_clustered_reduce_max(float, 4 bytes) ... passed
  sub_group_clustered_reduce_min(float, 4 bytes) ...
  sub_group_clustered_reduce_min(float, 4 bytes) ... passed
  sub_group_clustered_reduce_mul(float, 4 bytes) ...
  sub_group_clustered_reduce_mul(float, 4 bytes) ... passed
  sub_group_clustered_reduce_add(double, 8 bytes) ...
Data type not supported : double
  sub_group_clustered_reduce_max(double, 8 bytes) ...
Data type not supported : double
  sub_group_clustered_reduce_min(double, 8 bytes) ...
Data type not supported : double
  sub_group_clustered_reduce_mul(double, 8 bytes) ...
Data type not supported : double
  sub_group_clustered_reduce_add(half, 2 bytes) ...
  sub_group_clustered_reduce_add(half, 2 bytes) ... passed
  sub_group_clustered_reduce_max(half, 2 bytes) ...
  sub_group_clustered_reduce_max(half, 2 bytes) ... passed
  sub_group_clustered_reduce_min(half, 2 bytes) ...
  sub_group_clustered_reduce_min(half, 2 bytes) ... passed
  sub_group_clustered_reduce_mul(half, 2 bytes) ...
  sub_group_clustered_reduce_mul(half, 2 bytes) ... passed
  sub_group_clustered_reduce_and(int, 4 bytes) ...
  sub_group_clustered_reduce_and(int, 4 bytes) ... passed
  sub_group_clustered_reduce_or(int, 4 bytes) ...
  sub_group_clustered_reduce_or(int, 4 bytes) ... passed
  sub_group_clustered_reduce_xor(int, 4 bytes) ...
  sub_group_clustered_reduce_xor(int, 4 bytes) ... passed
  sub_group_clustered_reduce_and(uint, 4 bytes) ...
  sub_group_clustered_reduce_and(uint, 4 bytes) ... passed
  sub_group_clustered_reduce_or(uint, 4 bytes) ...
  sub_group_clustered_reduce_or(uint, 4 bytes) ... passed
  sub_group_clustered_reduce_xor(uint, 4 bytes) ...
  sub_group_clustered_reduce_xor(uint, 4 bytes) ... passed
  sub_group_clustered_reduce_and(long, 8 bytes) ...
  sub_group_clustered_reduce_and(long, 8 bytes) ... passed
  sub_group_clustered_reduce_or(long, 8 bytes) ...
  sub_group_clustered_reduce_or(long, 8 bytes) ... passed
  sub_group_clustered_reduce_xor(long, 8 bytes) ...
  sub_group_clustered_reduce_xor(long, 8 bytes) ... passed
  sub_group_clustered_reduce_and(ulong, 8 bytes) ...
  sub_group_clustered_reduce_and(ulong, 8 bytes) ... passed
  sub_group_clustered_reduce_or(ulong, 8 bytes) ...
  sub_group_clustered_reduce_or(ulong, 8 bytes) ... passed
  sub_group_clustered_reduce_xor(ulong, 8 bytes) ...
  sub_group_clustered_reduce_xor(ulong, 8 bytes) ... passed
  sub_group_clustered_reduce_and(short, 2 bytes) ...
  sub_group_clustered_reduce_and(short, 2 bytes) ... passed
  sub_group_clustered_reduce_or(short, 2 bytes) ...
  sub_group_clustered_reduce_or(short, 2 bytes) ... passed
  sub_group_clustered_reduce_xor(short, 2 bytes) ...
  sub_group_clustered_reduce_xor(short, 2 bytes) ... passed
  sub_group_clustered_reduce_and(ushort, 2 bytes) ...
  sub_group_clustered_reduce_and(ushort, 2 bytes) ... passed
  sub_group_clustered_reduce_or(ushort, 2 bytes) ...
  sub_group_clustered_reduce_or(ushort, 2 bytes) ... passed
  sub_group_clustered_reduce_xor(ushort, 2 bytes) ...
  sub_group_clustered_reduce_xor(ushort, 2 bytes) ... passed
  sub_group_clustered_reduce_and(char, 1 bytes) ...
  sub_group_clustered_reduce_and(char, 1 bytes) ... passed
  sub_group_clustered_reduce_or(char, 1 bytes) ...
  sub_group_clustered_reduce_or(char, 1 bytes) ... passed
  sub_group_clustered_reduce_xor(char, 1 bytes) ...
  sub_group_clustered_reduce_xor(char, 1 bytes) ... passed
  sub_group_clustered_reduce_and(uchar, 1 bytes) ...
  sub_group_clustered_reduce_and(uchar, 1 bytes) ... passed
  sub_group_clustered_reduce_or(uchar, 1 bytes) ...
  sub_group_clustered_reduce_or(uchar, 1 bytes) ... passed
  sub_group_clustered_reduce_xor(uchar, 1 bytes) ...
  sub_group_clustered_reduce_xor(uchar, 1 bytes) ... passed
  sub_group_clustered_reduce_logical_and(int, 4 bytes) ...
  sub_group_clustered_reduce_logical_and(int, 4 bytes) ... passed
  sub_group_clustered_reduce_logical_or(int, 4 bytes) ...
  sub_group_clustered_reduce_logical_or(int, 4 bytes) ... passed
  sub_group_clustered_reduce_logical_xor(int, 4 bytes) ...
  sub_group_clustered_reduce_logical_xor(int, 4 bytes) ... passed
subgroup_functions_clustered_reduce passed
subgroup_functions_shuffle...
  sub_group_shuffle(int)...
  sub_group_shuffle(int)... passed
  sub_group_shuffle_xor(int)...
  sub_group_shuffle_xor(int)... passed
  sub_group_shuffle(uint)...
  sub_group_shuffle(uint)... passed
  sub_group_shuffle_xor(uint)...
  sub_group_shuffle_xor(uint)... passed
  sub_group_shuffle(long)...
  sub_group_shuffle(long)... passed
  sub_group_shuffle_xor(long)...
  sub_group_shuffle_xor(long)... passed
  sub_group_shuffle(ulong)...
  sub_group_shuffle(ulong)... passed
  sub_group_shuffle_xor(ulong)...
  sub_group_shuffle_xor(ulong)... passed
  sub_group_shuffle(short)...
  sub_group_shuffle(short)... passed
  sub_group_shuffle_xor(short)...
  sub_group_shuffle_xor(short)... passed
  sub_group_shuffle(ushort)...
  sub_group_shuffle(ushort)... passed
  sub_group_shuffle_xor(ushort)...
  sub_group_shuffle_xor(ushort)... passed
  sub_group_shuffle(char)...
  sub_group_shuffle(char)... passed
  sub_group_shuffle_xor(char)...
  sub_group_shuffle_xor(char)... passed
  sub_group_shuffle(uchar)...
  sub_group_shuffle(uchar)... passed
  sub_group_shuffle_xor(uchar)...
  sub_group_shuffle_xor(uchar)... passed
  sub_group_shuffle(float)...
  sub_group_shuffle(float)... passed
  sub_group_shuffle_xor(float)...
  sub_group_shuffle_xor(float)... passed
  sub_group_shuffle(double)...
Data type not supported : double
  sub_group_shuffle_xor(double)...
Data type not supported : double
  sub_group_shuffle(half)...
  sub_group_shuffle(half)... passed
  sub_group_shuffle_xor(half)...
  sub_group_shuffle_xor(half)... passed
subgroup_functions_shuffle passed
subgroup_functions_shuffle_relative...
  sub_group_shuffle_up(int)...
  sub_group_shuffle_up(int)... passed
  sub_group_shuffle_down(int)...
  sub_group_shuffle_down(int)... passed
  sub_group_shuffle_up(uint)...
  sub_group_shuffle_up(uint)... passed
  sub_group_shuffle_down(uint)...
  sub_group_shuffle_down(uint)... passed
  sub_group_shuffle_up(long)...
  sub_group_shuffle_up(long)... passed
  sub_group_shuffle_down(long)...
  sub_group_shuffle_down(long)... passed
  sub_group_shuffle_up(ulong)...
  sub_group_shuffle_up(ulong)... passed
  sub_group_shuffle_down(ulong)...
  sub_group_shuffle_down(ulong)... passed
  sub_group_shuffle_up(short)...
  sub_group_shuffle_up(short)... passed
  sub_group_shuffle_down(short)...
  sub_group_shuffle_down(short)... passed
  sub_group_shuffle_up(ushort)...
  sub_group_shuffle_up(ushort)... passed
  sub_group_shuffle_down(ushort)...
  sub_group_shuffle_down(ushort)... passed
  sub_group_shuffle_up(char)...
  sub_group_shuffle_up(char)... passed
  sub_group_shuffle_down(char)...
  sub_group_shuffle_down(char)... passed
  sub_group_shuffle_up(uchar)...
  sub_group_shuffle_up(uchar)... passed
  sub_group_shuffle_down(uchar)...
  sub_group_shuffle_down(uchar)... passed
  sub_group_shuffle_up(float)...
  sub_group_shuffle_up(float)... passed
  sub_group_shuffle_down(float)...
  sub_group_shuffle_down(float)... passed
  sub_group_shuffle_up(double)...
Data type not supported : double
  sub_group_shuffle_down(double)...
Data type not supported : double
  sub_group_shuffle_up(half)...
  sub_group_shuffle_up(half)... passed
  sub_group_shuffle_down(half)...
  sub_group_shuffle_down(half)... passed
subgroup_functions_shuffle_relative passed
subgroup_functions_rotate...
  sub_group_rotate(int)...
  sub_group_rotate(int)... passed
  sub_group_rotate(uint)...
  sub_group_rotate(uint)... passed
  sub_group_rotate(long)...
  sub_group_rotate(long)... passed
  sub_group_rotate(ulong)...
  sub_group_rotate(ulong)... passed
  sub_group_rotate(short)...
  sub_group_rotate(short)... passed
  sub_group_rotate(ushort)...
  sub_group_rotate(ushort)... passed
  sub_group_rotate(char)...
  sub_group_rotate(char)... passed
  sub_group_rotate(uchar)...
  sub_group_rotate(uchar)... passed
  sub_group_rotate(float)...
  sub_group_rotate(float)... passed
  sub_group_rotate(double)...
Data type not supported : double
  sub_group_rotate(half)...
  sub_group_rotate(half)... passed
  sub_group_clustered_rotate(int)...
  sub_group_clustered_rotate(int)... passed
  sub_group_clustered_rotate(uint)...
  sub_group_clustered_rotate(uint)... passed
  sub_group_clustered_rotate(long)...
  sub_group_clustered_rotate(long)... passed
  sub_group_clustered_rotate(ulong)...
  sub_group_clustered_rotate(ulong)... passed
  sub_group_clustered_rotate(short)...
  sub_group_clustered_rotate(short)... passed
  sub_group_clustered_rotate(ushort)...
  sub_group_clustered_rotate(ushort)... passed
  sub_group_clustered_rotate(char)...
  sub_group_clustered_rotate(char)... passed
  sub_group_clustered_rotate(uchar)...
  sub_group_clustered_rotate(uchar)... passed
  sub_group_clustered_rotate(float)...
  sub_group_clustered_rotate(float)... passed
  sub_group_clustered_rotate(double)...
Data type not supported : double
  sub_group_clustered_rotate(half)...
  sub_group_clustered_rotate(half)... passed
subgroup_functions_rotate passed
PASSED 12 of 12 tests.
