=== Rusticl warning: Patched Mesa libclc not detected. Upstream libclc may contain known bugs or breaking changes and isn't guaranteed to work reliably. Please visit https://gitlab.freedesktop.org/karolherbst/mesa-libclc for more information. ===
 Initializing random seed to 0.
Requesting Default device based on command line for platform index 0 and device index 0
Compute Device Name = Apple M1 (G13G B1), Compute Device Vendor = Apple, Compute Device Version = OpenCL 3.1 , CL C Version = OpenCL C 1.2 
Device latest conformance version passed: v2026-03-25-00
Supports single precision denormals: NO
sizeof( void*) = 8  (host)
sizeof( void*) = 8  (device)
atomic_store...
	local atomic_int, order_relaxed, scope_work_group...
		(thread count 1024, group size 1024)
	local atomic_int used in function, order_relaxed, scope_work_group...
		(thread count 1024, group size 1024)
	local atomic_int used in generic function, order_relaxed, scope_work_group...
		Test disabled
	local atomic_int declared in program, order_relaxed, scope_work_group...
		(thread count 1024, group size 1024)
	local atomic_int declared in program, used in function, order_relaxed, scope_work_group...
		(thread count 1024, group size 1024)
	local atomic_int declared in program, used in generic function, order_relaxed, scope_work_group...
		Test disabled
	global atomic_int, order_relaxed, scope_work_group...
		(thread count 1024, group size 1024)
	global atomic_int used in function, order_relaxed, scope_work_group...
		(thread count 1024, group size 1024)
	global atomic_int used in generic function, order_relaxed, scope_work_group...
		Test disabled
	global atomic_int declared in program, order_relaxed, scope_work_group...
		Test disabled
	global atomic_int declared in program, used in function, order_relaxed, scope_work_group...
		Test disabled
	global atomic_int declared in program, used in generic function, order_relaxed, scope_work_group...
		Test disabled
	local atomic_uint, order_relaxed, scope_work_group...
		(thread count 1024, group size 1024)
	local atomic_uint used in function, order_relaxed, scope_work_group...
		(thread count 1024, group size 1024)
	local atomic_uint used in generic function, order_relaxed, scope_work_group...
		Test disabled
	local atomic_uint declared in program, order_relaxed, scope_work_group...
		(thread count 1024, group size 1024)
	local atomic_uint declared in program, used in function, order_relaxed, scope_work_group...
		(thread count 1024, group size 1024)
	local atomic_uint declared in program, used in generic function, order_relaxed, scope_work_group...
		Test disabled
	global atomic_uint, order_relaxed, scope_work_group...
		(thread count 1024, group size 1024)
	global atomic_uint used in function, order_relaxed, scope_work_group...
		(thread count 1024, group size 1024)
	global atomic_uint used in generic function, order_relaxed, scope_work_group...
		Test disabled
	global atomic_uint declared in program, order_relaxed, scope_work_group...
		Test disabled
	global atomic_uint declared in program, used in function, order_relaxed, scope_work_group...
		Test disabled
	global atomic_uint declared in program, used in generic function, order_relaxed, scope_work_group...
		Test disabled
	atomic_long not supported
	atomic_ulong not supported
	local atomic_float, order_relaxed, scope_work_group...
		(thread count 1024, group size 1024)
	local atomic_float used in function, order_relaxed, scope_work_group...
		(thread count 1024, group size 1024)
	local atomic_float used in generic function, order_relaxed, scope_work_group...
		Test disabled
	local atomic_float declared in program, order_relaxed, scope_work_group...
		(thread count 1024, group size 1024)
	local atomic_float declared in program, used in function, order_relaxed, scope_work_group...
		(thread count 1024, group size 1024)
	local atomic_float declared in program, used in generic function, order_relaxed, scope_work_group...
		Test disabled
	global atomic_float, order_relaxed, scope_work_group...
		(thread count 1024, group size 1024)
	global atomic_float used in function, order_relaxed, scope_work_group...
		(thread count 1024, group size 1024)
	global atomic_float used in generic function, order_relaxed, scope_work_group...
		Test disabled
	global atomic_float declared in program, order_relaxed, scope_work_group...
		Test disabled
	global atomic_float declared in program, used in function, order_relaxed, scope_work_group...
		Test disabled
	global atomic_float declared in program, used in generic function, order_relaxed, scope_work_group...
		Test disabled
	atomic_double not supported
	atomic_intptr_t not supported
	atomic_uintptr_t not supported
	atomic_size_t not supported
	atomic_ptrdiff_t not supported
  6 tests executed successfully for atomic_float
  6 tests executed successfully for atomic_uint
  6 tests executed successfully for atomic_int
atomic_store passed
svm_atomic_store...
	atomic_int - SVM_ATOMICS not supported
	atomic_uint - SVM_ATOMICS not supported
	atomic_long - SVM_ATOMICS not supported
	atomic_ulong - SVM_ATOMICS not supported
	atomic_float - SVM_ATOMICS not supported
	atomic_double - SVM_ATOMICS not supported
	atomic_intptr_t - SVM_ATOMICS not supported
	atomic_uintptr_t - SVM_ATOMICS not supported
	atomic_size_t - SVM_ATOMICS not supported
	atomic_ptrdiff_t - SVM_ATOMICS not supported
svm_atomic_store passed
atomic_init...
	local atomic_int...
		(thread count 1024, group size 1024)
	local atomic_int used in function...
		(thread count 1024, group size 1024)
	local atomic_int used in generic function...
		Test disabled
	local atomic_int declared in program...
		(thread count 1024, group size 1024)
	local atomic_int declared in program, used in function...
		(thread count 1024, group size 1024)
	local atomic_int declared in program, used in generic function...
		Test disabled
	global atomic_int...
		(thread count 1024, group size 1024)
	global atomic_int used in function...
		(thread count 1024, group size 1024)
	global atomic_int used in generic function...
		Test disabled
	global atomic_int declared in program...
		Test disabled
	global atomic_int declared in program, used in function...
		Test disabled
	global atomic_int declared in program, used in generic function...
		Test disabled
	local atomic_uint...
		(thread count 1024, group size 1024)
	local atomic_uint used in function...
		(thread count 1024, group size 1024)
	local atomic_uint used in generic function...
		Test disabled
	local atomic_uint declared in program...
		(thread count 1024, group size 1024)
	local atomic_uint declared in program, used in function...
		(thread count 1024, group size 1024)
	local atomic_uint declared in program, used in generic function...
		Test disabled
	global atomic_uint...
		(thread count 1024, group size 1024)
	global atomic_uint used in function...
		(thread count 1024, group size 1024)
	global atomic_uint used in generic function...
		Test disabled
	global atomic_uint declared in program...
		Test disabled
	global atomic_uint declared in program, used in function...
		Test disabled
	global atomic_uint declared in program, used in generic function...
		Test disabled
	atomic_long not supported
	atomic_ulong not supported
	local atomic_float...
		(thread count 1024, group size 1024)
	local atomic_float used in function...
		(thread count 1024, group size 1024)
	local atomic_float used in generic function...
		Test disabled
	local atomic_float declared in program...
		(thread count 1024, group size 1024)
	local atomic_float declared in program, used in function...
		(thread count 1024, group size 1024)
	local atomic_float declared in program, used in generic function...
		Test disabled
	global atomic_float...
		(thread count 1024, group size 1024)
	global atomic_float used in function...
		(thread count 1024, group size 1024)
	global atomic_float used in generic function...
		Test disabled
	global atomic_float declared in program...
		Test disabled
	global atomic_float declared in program, used in function...
		Test disabled
	global atomic_float declared in program, used in generic function...
		Test disabled
	atomic_double not supported
	atomic_intptr_t not supported
	atomic_uintptr_t not supported
	atomic_size_t not supported
	atomic_ptrdiff_t not supported
  6 tests executed successfully for atomic_float
  6 tests executed successfully for atomic_uint
  6 tests executed successfully for atomic_int
atomic_init passed
svm_atomic_init...
	atomic_int - SVM_ATOMICS not supported
	atomic_uint - SVM_ATOMICS not supported
	atomic_long - SVM_ATOMICS not supported
	atomic_ulong - SVM_ATOMICS not supported
	atomic_float - SVM_ATOMICS not supported
	atomic_double - SVM_ATOMICS not supported
	atomic_intptr_t - SVM_ATOMICS not supported
	atomic_uintptr_t - SVM_ATOMICS not supported
	atomic_size_t - SVM_ATOMICS not supported
	atomic_ptrdiff_t - SVM_ATOMICS not supported
svm_atomic_init passed
atomic_load...
	local atomic_int, order_relaxed, scope_work_group...
		(thread count 1024, group size 1024)
	local atomic_int used in function, order_relaxed, scope_work_group...
		(thread count 1024, group size 1024)
	local atomic_int used in generic function, order_relaxed, scope_work_group...
		Test disabled
	local atomic_int declared in program, order_relaxed, scope_work_group...
		(thread count 1024, group size 1024)
	local atomic_int declared in program, used in function, order_relaxed, scope_work_group...
		(thread count 1024, group size 1024)
	local atomic_int declared in program, used in generic function, order_relaxed, scope_work_group...
		Test disabled
	global atomic_int, order_relaxed, scope_work_group...
		(thread count 1024, group size 1024)
	global atomic_int used in function, order_relaxed, scope_work_group...
		(thread count 1024, group size 1024)
	global atomic_int used in generic function, order_relaxed, scope_work_group...
		Test disabled
	global atomic_int declared in program, order_relaxed, scope_work_group...
		Test disabled
	global atomic_int declared in program, used in function, order_relaxed, scope_work_group...
		Test disabled
	global atomic_int declared in program, used in generic function, order_relaxed, scope_work_group...
		Test disabled
	local atomic_uint, order_relaxed, scope_work_group...
		(thread count 1024, group size 1024)
	local atomic_uint used in function, order_relaxed, scope_work_group...
		(thread count 1024, group size 1024)
	local atomic_uint used in generic function, order_relaxed, scope_work_group...
		Test disabled
	local atomic_uint declared in program, order_relaxed, scope_work_group...
		(thread count 1024, group size 1024)
	local atomic_uint declared in program, used in function, order_relaxed, scope_work_group...
		(thread count 1024, group size 1024)
	local atomic_uint declared in program, used in generic function, order_relaxed, scope_work_group...
		Test disabled
	global atomic_uint, order_relaxed, scope_work_group...
		(thread count 1024, group size 1024)
	global atomic_uint used in function, order_relaxed, scope_work_group...
		(thread count 1024, group size 1024)
	global atomic_uint used in generic function, order_relaxed, scope_work_group...
		Test disabled
	global atomic_uint declared in program, order_relaxed, scope_work_group...
		Test disabled
	global atomic_uint declared in program, used in function, order_relaxed, scope_work_group...
		Test disabled
	global atomic_uint declared in program, used in generic function, order_relaxed, scope_work_group...
		Test disabled
	atomic_long not supported
	atomic_ulong not supported
	local atomic_float, order_relaxed, scope_work_group...
		(thread count 1024, group size 1024)
	local atomic_float used in function, order_relaxed, scope_work_group...
		(thread count 1024, group size 1024)
	local atomic_float used in generic function, order_relaxed, scope_work_group...
		Test disabled
	local atomic_float declared in program, order_relaxed, scope_work_group...
		(thread count 1024, group size 1024)
	local atomic_float declared in program, used in function, order_relaxed, scope_work_group...
		(thread count 1024, group size 1024)
	local atomic_float declared in program, used in generic function, order_relaxed, scope_work_group...
		Test disabled
	global atomic_float, order_relaxed, scope_work_group...
		(thread count 1024, group size 1024)
	global atomic_float used in function, order_relaxed, scope_work_group...
		(thread count 1024, group size 1024)
	global atomic_float used in generic function, order_relaxed, scope_work_group...
		Test disabled
	global atomic_float declared in program, order_relaxed, scope_work_group...
		Test disabled
	global atomic_float declared in program, used in function, order_relaxed, scope_work_group...
		Test disabled
	global atomic_float declared in program, used in generic function, order_relaxed, scope_work_group...
		Test disabled
	atomic_double not supported
	atomic_intptr_t not supported
	atomic_uintptr_t not supported
	atomic_size_t not supported
	atomic_ptrdiff_t not supported
  6 tests executed successfully for atomic_float
  6 tests executed successfully for atomic_uint
  6 tests executed successfully for atomic_int
atomic_load passed
svm_atomic_load...
	atomic_int - SVM_ATOMICS not supported
	atomic_uint - SVM_ATOMICS not supported
	atomic_long - SVM_ATOMICS not supported
	atomic_ulong - SVM_ATOMICS not supported
	atomic_float - SVM_ATOMICS not supported
	atomic_double - SVM_ATOMICS not supported
	atomic_intptr_t - SVM_ATOMICS not supported
	atomic_uintptr_t - SVM_ATOMICS not supported
	atomic_size_t - SVM_ATOMICS not supported
	atomic_ptrdiff_t - SVM_ATOMICS not supported
svm_atomic_load passed
atomic_exchange...
	local atomic_int, order_relaxed, scope_work_group...
		(thread count 1024, group size 1024)
	local atomic_int used in function, order_relaxed, scope_work_group...
		(thread count 1024, group size 1024)
	local atomic_int used in generic function, order_relaxed, scope_work_group...
		Test disabled
	local atomic_int declared in program, order_relaxed, scope_work_group...
		(thread count 1024, group size 1024)
	local atomic_int declared in program, used in function, order_relaxed, scope_work_group...
		(thread count 1024, group size 1024)
	local atomic_int declared in program, used in generic function, order_relaxed, scope_work_group...
		Test disabled
	global atomic_int, order_relaxed, scope_work_group...
		(thread count 1024, group size 1024)
	global atomic_int used in function, order_relaxed, scope_work_group...
		(thread count 1024, group size 1024)
	global atomic_int used in generic function, order_relaxed, scope_work_group...
		Test disabled
	global atomic_int declared in program, order_relaxed, scope_work_group...
		Test disabled
	global atomic_int declared in program, used in function, order_relaxed, scope_work_group...
		Test disabled
	global atomic_int declared in program, used in generic function, order_relaxed, scope_work_group...
		Test disabled
	local atomic_uint, order_relaxed, scope_work_group...
		(thread count 1024, group size 1024)
	local atomic_uint used in function, order_relaxed, scope_work_group...
		(thread count 1024, group size 1024)
	local atomic_uint used in generic function, order_relaxed, scope_work_group...
		Test disabled
	local atomic_uint declared in program, order_relaxed, scope_work_group...
		(thread count 1024, group size 1024)
	local atomic_uint declared in program, used in function, order_relaxed, scope_work_group...
		(thread count 1024, group size 1024)
	local atomic_uint declared in program, used in generic function, order_relaxed, scope_work_group...
		Test disabled
	global atomic_uint, order_relaxed, scope_work_group...
		(thread count 1024, group size 1024)
	global atomic_uint used in function, order_relaxed, scope_work_group...
		(thread count 1024, group size 1024)
	global atomic_uint used in generic function, order_relaxed, scope_work_group...
		Test disabled
	global atomic_uint declared in program, order_relaxed, scope_work_group...
		Test disabled
	global atomic_uint declared in program, used in function, order_relaxed, scope_work_group...
		Test disabled
	global atomic_uint declared in program, used in generic function, order_relaxed, scope_work_group...
		Test disabled
	atomic_long not supported
	atomic_ulong not supported
	local atomic_float, order_relaxed, scope_work_group...
		(thread count 1024, group size 1024)
	local atomic_float used in function, order_relaxed, scope_work_group...
		(thread count 1024, group size 1024)
	local atomic_float used in generic function, order_relaxed, scope_work_group...
		Test disabled
	local atomic_float declared in program, order_relaxed, scope_work_group...
		(thread count 1024, group size 1024)
	local atomic_float declared in program, used in function, order_relaxed, scope_work_group...
		(thread count 1024, group size 1024)
	local atomic_float declared in program, used in generic function, order_relaxed, scope_work_group...
		Test disabled
	global atomic_float, order_relaxed, scope_work_group...
		(thread count 1024, group size 1024)
	global atomic_float used in function, order_relaxed, scope_work_group...
		(thread count 1024, group size 1024)
	global atomic_float used in generic function, order_relaxed, scope_work_group...
		Test disabled
	global atomic_float declared in program, order_relaxed, scope_work_group...
		Test disabled
	global atomic_float declared in program, used in function, order_relaxed, scope_work_group...
		Test disabled
	global atomic_float declared in program, used in generic function, order_relaxed, scope_work_group...
		Test disabled
	atomic_double not supported
	atomic_intptr_t not supported
	atomic_uintptr_t not supported
	atomic_size_t not supported
	atomic_ptrdiff_t not supported
  6 tests executed successfully for atomic_float
  6 tests executed successfully for atomic_uint
  6 tests executed successfully for atomic_int
atomic_exchange passed
svm_atomic_exchange...
	atomic_int - SVM_ATOMICS not supported
	atomic_uint - SVM_ATOMICS not supported
	atomic_long - SVM_ATOMICS not supported
	atomic_ulong - SVM_ATOMICS not supported
	atomic_float - SVM_ATOMICS not supported
	atomic_double - SVM_ATOMICS not supported
	atomic_intptr_t - SVM_ATOMICS not supported
	atomic_uintptr_t - SVM_ATOMICS not supported
	atomic_size_t - SVM_ATOMICS not supported
	atomic_ptrdiff_t - SVM_ATOMICS not supported
svm_atomic_exchange passed
atomic_compare_exchange_strong...
	local atomic_int, order_relaxed, order_relaxed, scope_work_group...
		(thread count 1024, group size 1024)
	local atomic_int used in function, order_relaxed, order_relaxed, scope_work_group...
		(thread count 1024, group size 1024)
	local atomic_int used in generic function, order_relaxed, order_relaxed, scope_work_group...
		Test disabled
	local atomic_int declared in program, order_relaxed, order_relaxed, scope_work_group...
		(thread count 1024, group size 1024)
	local atomic_int declared in program, used in function, order_relaxed, order_relaxed, scope_work_group...
		(thread count 1024, group size 1024)
	local atomic_int declared in program, used in generic function, order_relaxed, order_relaxed, scope_work_group...
		Test disabled
	global atomic_int, order_relaxed, order_relaxed, scope_work_group...
		(thread count 1024, group size 1024)
	global atomic_int used in function, order_relaxed, order_relaxed, scope_work_group...
		(thread count 1024, group size 1024)
	global atomic_int used in generic function, order_relaxed, order_relaxed, scope_work_group...
		Test disabled
	global atomic_int declared in program, order_relaxed, order_relaxed, scope_work_group...
		Test disabled
	global atomic_int declared in program, used in function, order_relaxed, order_relaxed, scope_work_group...
		Test disabled
	global atomic_int declared in program, used in generic function, order_relaxed, order_relaxed, scope_work_group...
		Test disabled
	local atomic_uint, order_relaxed, order_relaxed, scope_work_group...
		(thread count 1024, group size 1024)
	local atomic_uint used in function, order_relaxed, order_relaxed, scope_work_group...
		(thread count 1024, group size 1024)
	local atomic_uint used in generic function, order_relaxed, order_relaxed, scope_work_group...
		Test disabled
	local atomic_uint declared in program, order_relaxed, order_relaxed, scope_work_group...
		(thread count 1024, group size 1024)
	local atomic_uint declared in program, used in function, order_relaxed, order_relaxed, scope_work_group...
		(thread count 1024, group size 1024)
	local atomic_uint declared in program, used in generic function, order_relaxed, order_relaxed, scope_work_group...
		Test disabled
	global atomic_uint, order_relaxed, order_relaxed, scope_work_group...
		(thread count 1024, group size 1024)
	global atomic_uint used in function, order_relaxed, order_relaxed, scope_work_group...
		(thread count 1024, group size 1024)
	global atomic_uint used in generic function, order_relaxed, order_relaxed, scope_work_group...
		Test disabled
	global atomic_uint declared in program, order_relaxed, order_relaxed, scope_work_group...
		Test disabled
	global atomic_uint declared in program, used in function, order_relaxed, order_relaxed, scope_work_group...
		Test disabled
	global atomic_uint declared in program, used in generic function, order_relaxed, order_relaxed, scope_work_group...
		Test disabled
	atomic_long not supported
	atomic_ulong not supported
	atomic_intptr_t not supported
	atomic_uintptr_t not supported
	atomic_size_t not supported
	atomic_ptrdiff_t not supported
  6 tests executed successfully for atomic_uint
  6 tests executed successfully for atomic_int
atomic_compare_exchange_strong passed
svm_atomic_compare_exchange_strong...
	atomic_int - SVM_ATOMICS not supported
	atomic_uint - SVM_ATOMICS not supported
	atomic_long - SVM_ATOMICS not supported
	atomic_ulong - SVM_ATOMICS not supported
	atomic_intptr_t - SVM_ATOMICS not supported
	atomic_uintptr_t - SVM_ATOMICS not supported
	atomic_size_t - SVM_ATOMICS not supported
	atomic_ptrdiff_t - SVM_ATOMICS not supported
svm_atomic_compare_exchange_strong passed
atomic_compare_exchange_weak...
	local atomic_int, order_relaxed, order_relaxed, scope_work_group...
		(thread count 1024, group size 1024)
	local atomic_int used in function, order_relaxed, order_relaxed, scope_work_group...
		(thread count 1024, group size 1024)
	local atomic_int used in generic function, order_relaxed, order_relaxed, scope_work_group...
		Test disabled
	local atomic_int declared in program, order_relaxed, order_relaxed, scope_work_group...
		(thread count 1024, group size 1024)
	local atomic_int declared in program, used in function, order_relaxed, order_relaxed, scope_work_group...
		(thread count 1024, group size 1024)
	local atomic_int declared in program, used in generic function, order_relaxed, order_relaxed, scope_work_group...
		Test disabled
	global atomic_int, order_relaxed, order_relaxed, scope_work_group...
		(thread count 1024, group size 1024)
	global atomic_int used in function, order_relaxed, order_relaxed, scope_work_group...
		(thread count 1024, group size 1024)
	global atomic_int used in generic function, order_relaxed, order_relaxed, scope_work_group...
		Test disabled
	global atomic_int declared in program, order_relaxed, order_relaxed, scope_work_group...
		Test disabled
	global atomic_int declared in program, used in function, order_relaxed, order_relaxed, scope_work_group...
		Test disabled
	global atomic_int declared in program, used in generic function, order_relaxed, order_relaxed, scope_work_group...
		Test disabled
	local atomic_uint, order_relaxed, order_relaxed, scope_work_group...
		(thread count 1024, group size 1024)
	local atomic_uint used in function, order_relaxed, order_relaxed, scope_work_group...
		(thread count 1024, group size 1024)
	local atomic_uint used in generic function, order_relaxed, order_relaxed, scope_work_group...
		Test disabled
	local atomic_uint declared in program, order_relaxed, order_relaxed, scope_work_group...
		(thread count 1024, group size 1024)
	local atomic_uint declared in program, used in function, order_relaxed, order_relaxed, scope_work_group...
		(thread count 1024, group size 1024)
	local atomic_uint declared in program, used in generic function, order_relaxed, order_relaxed, scope_work_group...
		Test disabled
	global atomic_uint, order_relaxed, order_relaxed, scope_work_group...
		(thread count 1024, group size 1024)
	global atomic_uint used in function, order_relaxed, order_relaxed, scope_work_group...
		(thread count 1024, group size 1024)
	global atomic_uint used in generic function, order_relaxed, order_relaxed, scope_work_group...
		Test disabled
	global atomic_uint declared in program, order_relaxed, order_relaxed, scope_work_group...
		Test disabled
	global atomic_uint declared in program, used in function, order_relaxed, order_relaxed, scope_work_group...
		Test disabled
	global atomic_uint declared in program, used in generic function, order_relaxed, order_relaxed, scope_work_group...
		Test disabled
	atomic_long not supported
	atomic_ulong not supported
	atomic_intptr_t not supported
	atomic_uintptr_t not supported
	atomic_size_t not supported
	atomic_ptrdiff_t not supported
  6 tests executed successfully for atomic_uint
  6 tests executed successfully for atomic_int
atomic_compare_exchange_weak passed
svm_atomic_compare_exchange_weak...
	atomic_int - SVM_ATOMICS not supported
	atomic_uint - SVM_ATOMICS not supported
	atomic_long - SVM_ATOMICS not supported
	atomic_ulong - SVM_ATOMICS not supported
	atomic_intptr_t - SVM_ATOMICS not supported
	atomic_uintptr_t - SVM_ATOMICS not supported
	atomic_size_t - SVM_ATOMICS not supported
	atomic_ptrdiff_t - SVM_ATOMICS not supported
svm_atomic_compare_exchange_weak passed
atomic_fetch_add...
	local atomic_int, order_relaxed, scope_work_group...
		(thread count 1024, group size 1024)
	local atomic_int used in function, order_relaxed, scope_work_group...
		(thread count 1024, group size 1024)
	local atomic_int used in generic function, order_relaxed, scope_work_group...
		Test disabled
	local atomic_int declared in program, order_relaxed, scope_work_group...
		(thread count 1024, group size 1024)
	local atomic_int declared in program, used in function, order_relaxed, scope_work_group...
		(thread count 1024, group size 1024)
	local atomic_int declared in program, used in generic function, order_relaxed, scope_work_group...
		Test disabled
	global atomic_int, order_relaxed, scope_work_group...
		(thread count 1024, group size 1024)
	global atomic_int used in function, order_relaxed, scope_work_group...
		(thread count 1024, group size 1024)
	global atomic_int used in generic function, order_relaxed, scope_work_group...
		Test disabled
	global atomic_int declared in program, order_relaxed, scope_work_group...
		Test disabled
	global atomic_int declared in program, used in function, order_relaxed, scope_work_group...
		Test disabled
	global atomic_int declared in program, used in generic function, order_relaxed, scope_work_group...
		Test disabled
	local atomic_uint, order_relaxed, scope_work_group...
		(thread count 1024, group size 1024)
	local atomic_uint used in function, order_relaxed, scope_work_group...
		(thread count 1024, group size 1024)
	local atomic_uint used in generic function, order_relaxed, scope_work_group...
		Test disabled
	local atomic_uint declared in program, order_relaxed, scope_work_group...
		(thread count 1024, group size 1024)
	local atomic_uint declared in program, used in function, order_relaxed, scope_work_group...
		(thread count 1024, group size 1024)
	local atomic_uint declared in program, used in generic function, order_relaxed, scope_work_group...
		Test disabled
	global atomic_uint, order_relaxed, scope_work_group...
		(thread count 1024, group size 1024)
	global atomic_uint used in function, order_relaxed, scope_work_group...
		(thread count 1024, group size 1024)
	global atomic_uint used in generic function, order_relaxed, scope_work_group...
		Test disabled
	global atomic_uint declared in program, order_relaxed, scope_work_group...
		Test disabled
	global atomic_uint declared in program, used in function, order_relaxed, scope_work_group...
		Test disabled
	global atomic_uint declared in program, used in generic function, order_relaxed, scope_work_group...
		Test disabled
	atomic_long not supported
	atomic_ulong not supported
	atomic_intptr_t not supported
	atomic_uintptr_t not supported
	atomic_size_t not supported
	atomic_ptrdiff_t not supported
  6 tests executed successfully for atomic_uint
  6 tests executed successfully for atomic_int
atomic_fetch_add passed
svm_atomic_fetch_add...
	atomic_int - SVM_ATOMICS not supported
	atomic_uint - SVM_ATOMICS not supported
	atomic_long - SVM_ATOMICS not supported
	atomic_ulong - SVM_ATOMICS not supported
	atomic_intptr_t - SVM_ATOMICS not supported
	atomic_uintptr_t - SVM_ATOMICS not supported
	atomic_size_t - SVM_ATOMICS not supported
	atomic_ptrdiff_t - SVM_ATOMICS not supported
svm_atomic_fetch_add passed
atomic_fetch_sub...
	local atomic_int, order_relaxed, scope_work_group...
		(thread count 1024, group size 1024)
	local atomic_int used in function, order_relaxed, scope_work_group...
		(thread count 1024, group size 1024)
	local atomic_int used in generic function, order_relaxed, scope_work_group...
		Test disabled
	local atomic_int declared in program, order_relaxed, scope_work_group...
		(thread count 1024, group size 1024)
	local atomic_int declared in program, used in function, order_relaxed, scope_work_group...
		(thread count 1024, group size 1024)
	local atomic_int declared in program, used in generic function, order_relaxed, scope_work_group...
		Test disabled
	global atomic_int, order_relaxed, scope_work_group...
		(thread count 1024, group size 1024)
	global atomic_int used in function, order_relaxed, scope_work_group...
		(thread count 1024, group size 1024)
	global atomic_int used in generic function, order_relaxed, scope_work_group...
		Test disabled
	global atomic_int declared in program, order_relaxed, scope_work_group...
		Test disabled
	global atomic_int declared in program, used in function, order_relaxed, scope_work_group...
		Test disabled
	global atomic_int declared in program, used in generic function, order_relaxed, scope_work_group...
		Test disabled
	local atomic_uint, order_relaxed, scope_work_group...
		(thread count 1024, group size 1024)
	local atomic_uint used in function, order_relaxed, scope_work_group...
		(thread count 1024, group size 1024)
	local atomic_uint used in generic function, order_relaxed, scope_work_group...
		Test disabled
	local atomic_uint declared in program, order_relaxed, scope_work_group...
		(thread count 1024, group size 1024)
	local atomic_uint declared in program, used in function, order_relaxed, scope_work_group...
		(thread count 1024, group size 1024)
	local atomic_uint declared in program, used in generic function, order_relaxed, scope_work_group...
		Test disabled
	global atomic_uint, order_relaxed, scope_work_group...
		(thread count 1024, group size 1024)
	global atomic_uint used in function, order_relaxed, scope_work_group...
		(thread count 1024, group size 1024)
	global atomic_uint used in generic function, order_relaxed, scope_work_group...
		Test disabled
	global atomic_uint declared in program, order_relaxed, scope_work_group...
		Test disabled
	global atomic_uint declared in program, used in function, order_relaxed, scope_work_group...
		Test disabled
	global atomic_uint declared in program, used in generic function, order_relaxed, scope_work_group...
		Test disabled
	atomic_long not supported
	atomic_ulong not supported
	atomic_intptr_t not supported
	atomic_uintptr_t not supported
	atomic_size_t not supported
	atomic_ptrdiff_t not supported
  6 tests executed successfully for atomic_uint
  6 tests executed successfully for atomic_int
atomic_fetch_sub passed
svm_atomic_fetch_sub...
	atomic_int - SVM_ATOMICS not supported
	atomic_uint - SVM_ATOMICS not supported
	atomic_long - SVM_ATOMICS not supported
	atomic_ulong - SVM_ATOMICS not supported
	atomic_intptr_t - SVM_ATOMICS not supported
	atomic_uintptr_t - SVM_ATOMICS not supported
	atomic_size_t - SVM_ATOMICS not supported
	atomic_ptrdiff_t - SVM_ATOMICS not supported
svm_atomic_fetch_sub passed
atomic_fetch_or...
	local atomic_int, order_relaxed, scope_work_group...
		(thread count 1024, group size 1024)
	local atomic_int used in function, order_relaxed, scope_work_group...
		(thread count 1024, group size 1024)
	local atomic_int used in generic function, order_relaxed, scope_work_group...
		Test disabled
	local atomic_int declared in program, order_relaxed, scope_work_group...
		(thread count 1024, group size 1024)
	local atomic_int declared in program, used in function, order_relaxed, scope_work_group...
		(thread count 1024, group size 1024)
	local atomic_int declared in program, used in generic function, order_relaxed, scope_work_group...
		Test disabled
	global atomic_int, order_relaxed, scope_work_group...
		(thread count 1024, group size 1024)
	global atomic_int used in function, order_relaxed, scope_work_group...
		(thread count 1024, group size 1024)
	global atomic_int used in generic function, order_relaxed, scope_work_group...
		Test disabled
	global atomic_int declared in program, order_relaxed, scope_work_group...
		Test disabled
	global atomic_int declared in program, used in function, order_relaxed, scope_work_group...
		Test disabled
	global atomic_int declared in program, used in generic function, order_relaxed, scope_work_group...
		Test disabled
	local atomic_uint, order_relaxed, scope_work_group...
		(thread count 1024, group size 1024)
	local atomic_uint used in function, order_relaxed, scope_work_group...
		(thread count 1024, group size 1024)
	local atomic_uint used in generic function, order_relaxed, scope_work_group...
		Test disabled
	local atomic_uint declared in program, order_relaxed, scope_work_group...
		(thread count 1024, group size 1024)
	local atomic_uint declared in program, used in function, order_relaxed, scope_work_group...
		(thread count 1024, group size 1024)
	local atomic_uint declared in program, used in generic function, order_relaxed, scope_work_group...
		Test disabled
	global atomic_uint, order_relaxed, scope_work_group...
		(thread count 1024, group size 1024)
	global atomic_uint used in function, order_relaxed, scope_work_group...
		(thread count 1024, group size 1024)
	global atomic_uint used in generic function, order_relaxed, scope_work_group...
		Test disabled
	global atomic_uint declared in program, order_relaxed, scope_work_group...
		Test disabled
	global atomic_uint declared in program, used in function, order_relaxed, scope_work_group...
		Test disabled
	global atomic_uint declared in program, used in generic function, order_relaxed, scope_work_group...
		Test disabled
	atomic_long not supported
	atomic_ulong not supported
	atomic_intptr_t not supported
	atomic_uintptr_t not supported
	atomic_size_t not supported
	atomic_ptrdiff_t not supported
  6 tests executed successfully for atomic_uint
  6 tests executed successfully for atomic_int
atomic_fetch_or passed
svm_atomic_fetch_or...
	atomic_int - SVM_ATOMICS not supported
	atomic_uint - SVM_ATOMICS not supported
	atomic_long - SVM_ATOMICS not supported
	atomic_ulong - SVM_ATOMICS not supported
	atomic_intptr_t - SVM_ATOMICS not supported
	atomic_uintptr_t - SVM_ATOMICS not supported
	atomic_size_t - SVM_ATOMICS not supported
	atomic_ptrdiff_t - SVM_ATOMICS not supported
svm_atomic_fetch_or passed
atomic_fetch_xor...
	local atomic_int, order_relaxed, scope_work_group...
		(thread count 1024, group size 1024)
	local atomic_int used in function, order_relaxed, scope_work_group...
		(thread count 1024, group size 1024)
	local atomic_int used in generic function, order_relaxed, scope_work_group...
		Test disabled
	local atomic_int declared in program, order_relaxed, scope_work_group...
		(thread count 1024, group size 1024)
	local atomic_int declared in program, used in function, order_relaxed, scope_work_group...
		(thread count 1024, group size 1024)
	local atomic_int declared in program, used in generic function, order_relaxed, scope_work_group...
		Test disabled
	global atomic_int, order_relaxed, scope_work_group...
		(thread count 1024, group size 1024)
	global atomic_int used in function, order_relaxed, scope_work_group...
		(thread count 1024, group size 1024)
	global atomic_int used in generic function, order_relaxed, scope_work_group...
		Test disabled
	global atomic_int declared in program, order_relaxed, scope_work_group...
		Test disabled
	global atomic_int declared in program, used in function, order_relaxed, scope_work_group...
		Test disabled
	global atomic_int declared in program, used in generic function, order_relaxed, scope_work_group...
		Test disabled
	local atomic_uint, order_relaxed, scope_work_group...
		(thread count 1024, group size 1024)
	local atomic_uint used in function, order_relaxed, scope_work_group...
		(thread count 1024, group size 1024)
	local atomic_uint used in generic function, order_relaxed, scope_work_group...
		Test disabled
	local atomic_uint declared in program, order_relaxed, scope_work_group...
		(thread count 1024, group size 1024)
	local atomic_uint declared in program, used in function, order_relaxed, scope_work_group...
		(thread count 1024, group size 1024)
	local atomic_uint declared in program, used in generic function, order_relaxed, scope_work_group...
		Test disabled
	global atomic_uint, order_relaxed, scope_work_group...
		(thread count 1024, group size 1024)
	global atomic_uint used in function, order_relaxed, scope_work_group...
		(thread count 1024, group size 1024)
	global atomic_uint used in generic function, order_relaxed, scope_work_group...
		Test disabled
	global atomic_uint declared in program, order_relaxed, scope_work_group...
		Test disabled
	global atomic_uint declared in program, used in function, order_relaxed, scope_work_group...
		Test disabled
	global atomic_uint declared in program, used in generic function, order_relaxed, scope_work_group...
		Test disabled
	atomic_long not supported
	atomic_ulong not supported
	atomic_intptr_t not supported
	atomic_uintptr_t not supported
	atomic_size_t not supported
	atomic_ptrdiff_t not supported
  6 tests executed successfully for atomic_uint
  6 tests executed successfully for atomic_int
atomic_fetch_xor passed
svm_atomic_fetch_xor...
	atomic_int - SVM_ATOMICS not supported
	atomic_uint - SVM_ATOMICS not supported
	atomic_long - SVM_ATOMICS not supported
	atomic_ulong - SVM_ATOMICS not supported
	atomic_intptr_t - SVM_ATOMICS not supported
	atomic_uintptr_t - SVM_ATOMICS not supported
	atomic_size_t - SVM_ATOMICS not supported
	atomic_ptrdiff_t - SVM_ATOMICS not supported
svm_atomic_fetch_xor passed
atomic_fetch_and...
	local atomic_int, order_relaxed, scope_work_group...
		(thread count 1024, group size 1024)
	local atomic_int used in function, order_relaxed, scope_work_group...
		(thread count 1024, group size 1024)
	local atomic_int used in generic function, order_relaxed, scope_work_group...
		Test disabled
	local atomic_int declared in program, order_relaxed, scope_work_group...
		(thread count 1024, group size 1024)
	local atomic_int declared in program, used in function, order_relaxed, scope_work_group...
		(thread count 1024, group size 1024)
	local atomic_int declared in program, used in generic function, order_relaxed, scope_work_group...
		Test disabled
	global atomic_int, order_relaxed, scope_work_group...
		(thread count 1024, group size 1024)
	global atomic_int used in function, order_relaxed, scope_work_group...
		(thread count 1024, group size 1024)
	global atomic_int used in generic function, order_relaxed, scope_work_group...
		Test disabled
	global atomic_int declared in program, order_relaxed, scope_work_group...
		Test disabled
	global atomic_int declared in program, used in function, order_relaxed, scope_work_group...
		Test disabled
	global atomic_int declared in program, used in generic function, order_relaxed, scope_work_group...
		Test disabled
	local atomic_uint, order_relaxed, scope_work_group...
		(thread count 1024, group size 1024)
	local atomic_uint used in function, order_relaxed, scope_work_group...
		(thread count 1024, group size 1024)
	local atomic_uint used in generic function, order_relaxed, scope_work_group...
		Test disabled
	local atomic_uint declared in program, order_relaxed, scope_work_group...
		(thread count 1024, group size 1024)
	local atomic_uint declared in program, used in function, order_relaxed, scope_work_group...
		(thread count 1024, group size 1024)
	local atomic_uint declared in program, used in generic function, order_relaxed, scope_work_group...
		Test disabled
	global atomic_uint, order_relaxed, scope_work_group...
		(thread count 1024, group size 1024)
	global atomic_uint used in function, order_relaxed, scope_work_group...
		(thread count 1024, group size 1024)
	global atomic_uint used in generic function, order_relaxed, scope_work_group...
		Test disabled
	global atomic_uint declared in program, order_relaxed, scope_work_group...
		Test disabled
	global atomic_uint declared in program, used in function, order_relaxed, scope_work_group...
		Test disabled
	global atomic_uint declared in program, used in generic function, order_relaxed, scope_work_group...
		Test disabled
	atomic_long not supported
	atomic_ulong not supported
	atomic_intptr_t not supported
	atomic_uintptr_t not supported
	atomic_size_t not supported
	atomic_ptrdiff_t not supported
  6 tests executed successfully for atomic_uint
  6 tests executed successfully for atomic_int
atomic_fetch_and passed
svm_atomic_fetch_and...
	atomic_int - SVM_ATOMICS not supported
	atomic_uint - SVM_ATOMICS not supported
	atomic_long - SVM_ATOMICS not supported
	atomic_ulong - SVM_ATOMICS not supported
	atomic_intptr_t - SVM_ATOMICS not supported
	atomic_uintptr_t - SVM_ATOMICS not supported
	atomic_size_t - SVM_ATOMICS not supported
	atomic_ptrdiff_t - SVM_ATOMICS not supported
svm_atomic_fetch_and passed
atomic_fetch_orand...
	local atomic_int, order_relaxed, scope_work_group...
		(thread count 1024, group size 1024)
	local atomic_int used in function, order_relaxed, scope_work_group...
		(thread count 1024, group size 1024)
	local atomic_int used in generic function, order_relaxed, scope_work_group...
		Test disabled
	local atomic_int declared in program, order_relaxed, scope_work_group...
		(thread count 1024, group size 1024)
	local atomic_int declared in program, used in function, order_relaxed, scope_work_group...
		(thread count 1024, group size 1024)
	local atomic_int declared in program, used in generic function, order_relaxed, scope_work_group...
		Test disabled
	global atomic_int, order_relaxed, scope_work_group...
		(thread count 1024, group size 1024)
	global atomic_int used in function, order_relaxed, scope_work_group...
		(thread count 1024, group size 1024)
	global atomic_int used in generic function, order_relaxed, scope_work_group...
		Test disabled
	global atomic_int declared in program, order_relaxed, scope_work_group...
		Test disabled
	global atomic_int declared in program, used in function, order_relaxed, scope_work_group...
		Test disabled
	global atomic_int declared in program, used in generic function, order_relaxed, scope_work_group...
		Test disabled
	local atomic_uint, order_relaxed, scope_work_group...
		(thread count 1024, group size 1024)
	local atomic_uint used in function, order_relaxed, scope_work_group...
		(thread count 1024, group size 1024)
	local atomic_uint used in generic function, order_relaxed, scope_work_group...
		Test disabled
	local atomic_uint declared in program, order_relaxed, scope_work_group...
		(thread count 1024, group size 1024)
	local atomic_uint declared in program, used in function, order_relaxed, scope_work_group...
		(thread count 1024, group size 1024)
	local atomic_uint declared in program, used in generic function, order_relaxed, scope_work_group...
		Test disabled
	global atomic_uint, order_relaxed, scope_work_group...
		(thread count 1024, group size 1024)
	global atomic_uint used in function, order_relaxed, scope_work_group...
		(thread count 1024, group size 1024)
	global atomic_uint used in generic function, order_relaxed, scope_work_group...
		Test disabled
	global atomic_uint declared in program, order_relaxed, scope_work_group...
		Test disabled
	global atomic_uint declared in program, used in function, order_relaxed, scope_work_group...
		Test disabled
	global atomic_uint declared in program, used in generic function, order_relaxed, scope_work_group...
		Test disabled
	atomic_long not supported
	atomic_ulong not supported
	atomic_intptr_t not supported
	atomic_uintptr_t not supported
	atomic_size_t not supported
	atomic_ptrdiff_t not supported
  6 tests executed successfully for atomic_uint
  6 tests executed successfully for atomic_int
atomic_fetch_orand passed
svm_atomic_fetch_orand...
	atomic_int - SVM_ATOMICS not supported
	atomic_uint - SVM_ATOMICS not supported
	atomic_long - SVM_ATOMICS not supported
	atomic_ulong - SVM_ATOMICS not supported
	atomic_intptr_t - SVM_ATOMICS not supported
	atomic_uintptr_t - SVM_ATOMICS not supported
	atomic_size_t - SVM_ATOMICS not supported
	atomic_ptrdiff_t - SVM_ATOMICS not supported
svm_atomic_fetch_orand passed
atomic_fetch_xor2...
	local atomic_int, order_relaxed, scope_work_group...
		(thread count 1024, group size 1024)
	local atomic_int used in function, order_relaxed, scope_work_group...
		(thread count 1024, group size 1024)
	local atomic_int used in generic function, order_relaxed, scope_work_group...
		Test disabled
	local atomic_int declared in program, order_relaxed, scope_work_group...
		(thread count 1024, group size 1024)
	local atomic_int declared in program, used in function, order_relaxed, scope_work_group...
		(thread count 1024, group size 1024)
	local atomic_int declared in program, used in generic function, order_relaxed, scope_work_group...
		Test disabled
	global atomic_int, order_relaxed, scope_work_group...
		(thread count 1024, group size 1024)
	global atomic_int used in function, order_relaxed, scope_work_group...
		(thread count 1024, group size 1024)
	global atomic_int used in generic function, order_relaxed, scope_work_group...
		Test disabled
	global atomic_int declared in program, order_relaxed, scope_work_group...
		Test disabled
	global atomic_int declared in program, used in function, order_relaxed, scope_work_group...
		Test disabled
	global atomic_int declared in program, used in generic function, order_relaxed, scope_work_group...
		Test disabled
	local atomic_uint, order_relaxed, scope_work_group...
		(thread count 1024, group size 1024)
	local atomic_uint used in function, order_relaxed, scope_work_group...
		(thread count 1024, group size 1024)
	local atomic_uint used in generic function, order_relaxed, scope_work_group...
		Test disabled
	local atomic_uint declared in program, order_relaxed, scope_work_group...
		(thread count 1024, group size 1024)
	local atomic_uint declared in program, used in function, order_relaxed, scope_work_group...
		(thread count 1024, group size 1024)
	local atomic_uint declared in program, used in generic function, order_relaxed, scope_work_group...
		Test disabled
	global atomic_uint, order_relaxed, scope_work_group...
		(thread count 1024, group size 1024)
	global atomic_uint used in function, order_relaxed, scope_work_group...
		(thread count 1024, group size 1024)
	global atomic_uint used in generic function, order_relaxed, scope_work_group...
		Test disabled
	global atomic_uint declared in program, order_relaxed, scope_work_group...
		Test disabled
	global atomic_uint declared in program, used in function, order_relaxed, scope_work_group...
		Test disabled
	global atomic_uint declared in program, used in generic function, order_relaxed, scope_work_group...
		Test disabled
	atomic_long not supported
	atomic_ulong not supported
	atomic_intptr_t not supported
	atomic_uintptr_t not supported
	atomic_size_t not supported
	atomic_ptrdiff_t not supported
  6 tests executed successfully for atomic_uint
  6 tests executed successfully for atomic_int
atomic_fetch_xor2 passed
svm_atomic_fetch_xor2...
	atomic_int - SVM_ATOMICS not supported
	atomic_uint - SVM_ATOMICS not supported
	atomic_long - SVM_ATOMICS not supported
	atomic_ulong - SVM_ATOMICS not supported
	atomic_intptr_t - SVM_ATOMICS not supported
	atomic_uintptr_t - SVM_ATOMICS not supported
	atomic_size_t - SVM_ATOMICS not supported
	atomic_ptrdiff_t - SVM_ATOMICS not supported
svm_atomic_fetch_xor2 passed
atomic_fetch_min...
	local atomic_int, order_relaxed, scope_work_group...
		(thread count 1024, group size 1024)
	local atomic_int used in function, order_relaxed, scope_work_group...
		(thread count 1024, group size 1024)
	local atomic_int used in generic function, order_relaxed, scope_work_group...
		Test disabled
	local atomic_int declared in program, order_relaxed, scope_work_group...
		(thread count 1024, group size 1024)
	local atomic_int declared in program, used in function, order_relaxed, scope_work_group...
		(thread count 1024, group size 1024)
	local atomic_int declared in program, used in generic function, order_relaxed, scope_work_group...
		Test disabled
	global atomic_int, order_relaxed, scope_work_group...
		(thread count 1024, group size 1024)
	global atomic_int used in function, order_relaxed, scope_work_group...
		(thread count 1024, group size 1024)
	global atomic_int used in generic function, order_relaxed, scope_work_group...
		Test disabled
	global atomic_int declared in program, order_relaxed, scope_work_group...
		Test disabled
	global atomic_int declared in program, used in function, order_relaxed, scope_work_group...
		Test disabled
	global atomic_int declared in program, used in generic function, order_relaxed, scope_work_group...
		Test disabled
	local atomic_uint, order_relaxed, scope_work_group...
		(thread count 1024, group size 1024)
	local atomic_uint used in function, order_relaxed, scope_work_group...
		(thread count 1024, group size 1024)
	local atomic_uint used in generic function, order_relaxed, scope_work_group...
		Test disabled
	local atomic_uint declared in program, order_relaxed, scope_work_group...
		(thread count 1024, group size 1024)
	local atomic_uint declared in program, used in function, order_relaxed, scope_work_group...
		(thread count 1024, group size 1024)
	local atomic_uint declared in program, used in generic function, order_relaxed, scope_work_group...
		Test disabled
	global atomic_uint, order_relaxed, scope_work_group...
		(thread count 1024, group size 1024)
	global atomic_uint used in function, order_relaxed, scope_work_group...
		(thread count 1024, group size 1024)
	global atomic_uint used in generic function, order_relaxed, scope_work_group...
		Test disabled
	global atomic_uint declared in program, order_relaxed, scope_work_group...
		Test disabled
	global atomic_uint declared in program, used in function, order_relaxed, scope_work_group...
		Test disabled
	global atomic_uint declared in program, used in generic function, order_relaxed, scope_work_group...
		Test disabled
	atomic_long not supported
	atomic_ulong not supported
	atomic_intptr_t not supported
	atomic_uintptr_t not supported
	atomic_size_t not supported
	atomic_ptrdiff_t not supported
  6 tests executed successfully for atomic_uint
  6 tests executed successfully for atomic_int
atomic_fetch_min passed
svm_atomic_fetch_min...
	atomic_int - SVM_ATOMICS not supported
	atomic_uint - SVM_ATOMICS not supported
	atomic_long - SVM_ATOMICS not supported
	atomic_ulong - SVM_ATOMICS not supported
	atomic_intptr_t - SVM_ATOMICS not supported
	atomic_uintptr_t - SVM_ATOMICS not supported
	atomic_size_t - SVM_ATOMICS not supported
	atomic_ptrdiff_t - SVM_ATOMICS not supported
svm_atomic_fetch_min passed
atomic_fetch_max...
	local atomic_int, order_relaxed, scope_work_group...
		(thread count 1024, group size 1024)
	local atomic_int used in function, order_relaxed, scope_work_group...
		(thread count 1024, group size 1024)
	local atomic_int used in generic function, order_relaxed, scope_work_group...
		Test disabled
	local atomic_int declared in program, order_relaxed, scope_work_group...
		(thread count 1024, group size 1024)
	local atomic_int declared in program, used in function, order_relaxed, scope_work_group...
		(thread count 1024, group size 1024)
	local atomic_int declared in program, used in generic function, order_relaxed, scope_work_group...
		Test disabled
	global atomic_int, order_relaxed, scope_work_group...
		(thread count 1024, group size 1024)
	global atomic_int used in function, order_relaxed, scope_work_group...
		(thread count 1024, group size 1024)
	global atomic_int used in generic function, order_relaxed, scope_work_group...
		Test disabled
	global atomic_int declared in program, order_relaxed, scope_work_group...
		Test disabled
	global atomic_int declared in program, used in function, order_relaxed, scope_work_group...
		Test disabled
	global atomic_int declared in program, used in generic function, order_relaxed, scope_work_group...
		Test disabled
	local atomic_uint, order_relaxed, scope_work_group...
		(thread count 1024, group size 1024)
	local atomic_uint used in function, order_relaxed, scope_work_group...
		(thread count 1024, group size 1024)
	local atomic_uint used in generic function, order_relaxed, scope_work_group...
		Test disabled
	local atomic_uint declared in program, order_relaxed, scope_work_group...
		(thread count 1024, group size 1024)
	local atomic_uint declared in program, used in function, order_relaxed, scope_work_group...
		(thread count 1024, group size 1024)
	local atomic_uint declared in program, used in generic function, order_relaxed, scope_work_group...
		Test disabled
	global atomic_uint, order_relaxed, scope_work_group...
		(thread count 1024, group size 1024)
	global atomic_uint used in function, order_relaxed, scope_work_group...
		(thread count 1024, group size 1024)
	global atomic_uint used in generic function, order_relaxed, scope_work_group...
		Test disabled
	global atomic_uint declared in program, order_relaxed, scope_work_group...
		Test disabled
	global atomic_uint declared in program, used in function, order_relaxed, scope_work_group...
		Test disabled
	global atomic_uint declared in program, used in generic function, order_relaxed, scope_work_group...
		Test disabled
	atomic_long not supported
	atomic_ulong not supported
	atomic_intptr_t not supported
	atomic_uintptr_t not supported
	atomic_size_t not supported
	atomic_ptrdiff_t not supported
  6 tests executed successfully for atomic_uint
  6 tests executed successfully for atomic_int
atomic_fetch_max passed
svm_atomic_fetch_max...
	atomic_int - SVM_ATOMICS not supported
	atomic_uint - SVM_ATOMICS not supported
	atomic_long - SVM_ATOMICS not supported
	atomic_ulong - SVM_ATOMICS not supported
	atomic_intptr_t - SVM_ATOMICS not supported
	atomic_uintptr_t - SVM_ATOMICS not supported
	atomic_size_t - SVM_ATOMICS not supported
	atomic_ptrdiff_t - SVM_ATOMICS not supported
svm_atomic_fetch_max passed
atomic_flag...
	local atomic_flag, order_relaxed, scope_work_group...
		(thread count 1024, group size 1024)
	local atomic_flag used in function, order_relaxed, scope_work_group...
		(thread count 1024, group size 1024)
	local atomic_flag used in generic function, order_relaxed, scope_work_group...
		Test disabled
	local atomic_flag declared in program, order_relaxed, scope_work_group...
		(thread count 1024, group size 1024)
	local atomic_flag declared in program, used in function, order_relaxed, scope_work_group...
		(thread count 1024, group size 1024)
	local atomic_flag declared in program, used in generic function, order_relaxed, scope_work_group...
		Test disabled
Skipping atomic_flag test due to use of atomic_scope_device which is optionally not supported on this device
Skipping atomic_flag test due to use of atomic_scope_device which is optionally not supported on this device
Skipping atomic_flag test due to use of atomic_scope_device which is optionally not supported on this device
Skipping atomic_flag test due to use of atomic_scope_device which is optionally not supported on this device
Skipping atomic_flag test due to use of atomic_scope_device which is optionally not supported on this device
Skipping atomic_flag test due to use of atomic_scope_device which is optionally not supported on this device
  4 tests executed successfully for atomic_flag
atomic_flag passed
svm_atomic_flag...
	atomic_flag - SVM_ATOMICS not supported
svm_atomic_flag passed
inclusive_scopes_global_fence...
    producer: memory_scope_sub_group, consumer: memory_scope_sub_group
    producer: memory_scope_sub_group, consumer: memory_scope_work_group
    producer: memory_scope_work_group, consumer: memory_scope_sub_group
    producer: memory_scope_work_group, consumer: memory_scope_work_group
inclusive_scopes_global_fence passed
inclusive_scopes_global_op...
This test requires support for acquire-release atomics, skipping test.
inclusive_scopes_global_op test not supported
PASSED 33 of 33 tests.
