=== Rusticl warning: Patched Mesa libclc not detected. Upstream libclc may contain known bugs or breaking changes and isn't guaranteed to work reliably. Please visit https://gitlab.freedesktop.org/karolherbst/mesa-libclc for more information. ===
 Initializing random seed to 0.
Requesting Default device based on command line for platform index 0 and device index 0
Compute Device Name = Apple M1 (G13G B1), Compute Device Vendor = Apple, Compute Device Version = OpenCL 3.1 , CL C Version = OpenCL C 1.2 
Device latest conformance version passed: v2026-03-25-00
Supports single precision denormals: NO
sizeof( void*) = 8  (host)
sizeof( void*) = 8  (device)
read_array_int...
 int1 data verified
CL_PROFILING_COMMAND_QUEUED: 1655015306598291 CL_PROFILING_COMMAND_SUBMIT: 1655015306929208 CL_PROFILING_COMMAND_START: 1655015306929666 CL_PROFILING_COMMAND_END: 1655015307608875 CL_DEVICE_PROFILING_TIMER_RESOLUTION: 1
Profiling info:
Time from queue to submit : 0.330917ms
Time from submit to start : 0.000458ms
Time from start to end: 0.679209ms
 int2 data verified
CL_PROFILING_COMMAND_QUEUED: 1655015308696916 CL_PROFILING_COMMAND_SUBMIT: 1655015308720375 CL_PROFILING_COMMAND_START: 1655015308720750 CL_PROFILING_COMMAND_END: 1655015309420791 CL_DEVICE_PROFILING_TIMER_RESOLUTION: 1
Profiling info:
Time from queue to submit : 0.023459ms
Time from submit to start : 0.000375ms
Time from start to end: 0.700041ms
 int4 data verified
CL_PROFILING_COMMAND_QUEUED: 1655015310406208 CL_PROFILING_COMMAND_SUBMIT: 1655015310450041 CL_PROFILING_COMMAND_START: 1655015310450416 CL_PROFILING_COMMAND_END: 1655015311798333 CL_DEVICE_PROFILING_TIMER_RESOLUTION: 1
Profiling info:
Time from queue to submit : 0.043833ms
Time from submit to start : 0.000375ms
Time from start to end: 1.347917ms
 int8 data verified
CL_PROFILING_COMMAND_QUEUED: 1655015313049833 CL_PROFILING_COMMAND_SUBMIT: 1655015313107458 CL_PROFILING_COMMAND_START: 1655015313107791 CL_PROFILING_COMMAND_END: 1655015315588250 CL_DEVICE_PROFILING_TIMER_RESOLUTION: 1
Profiling info:
Time from queue to submit : 0.057625ms
Time from submit to start : 0.000333ms
Time from start to end: 2.480459ms
 int16 data verified
CL_PROFILING_COMMAND_QUEUED: 1655015317169416 CL_PROFILING_COMMAND_SUBMIT: 1655015317190625 CL_PROFILING_COMMAND_START: 1655015317191041 CL_PROFILING_COMMAND_END: 1655015322096041 CL_DEVICE_PROFILING_TIMER_RESOLUTION: 1
Profiling info:
Time from queue to submit : 0.021209ms
Time from submit to start : 0.000416ms
Time from start to end: 4.905000ms
read_array_int passed
read_array_uint...
 uint1 data verified
CL_PROFILING_COMMAND_QUEUED: 1655015323164958 CL_PROFILING_COMMAND_SUBMIT: 1655015323206250 CL_PROFILING_COMMAND_START: 1655015323206708 CL_PROFILING_COMMAND_END: 1655015323887291 CL_DEVICE_PROFILING_TIMER_RESOLUTION: 1
Profiling info:
Time from queue to submit : 0.041292ms
Time from submit to start : 0.000458ms
Time from start to end: 0.680583ms
 uint2 data verified
CL_PROFILING_COMMAND_QUEUED: 1655015325474750 CL_PROFILING_COMMAND_SUBMIT: 1655015325505208 CL_PROFILING_COMMAND_START: 1655015325505666 CL_PROFILING_COMMAND_END: 1655015326226083 CL_DEVICE_PROFILING_TIMER_RESOLUTION: 1
Profiling info:
Time from queue to submit : 0.030458ms
Time from submit to start : 0.000458ms
Time from start to end: 0.720417ms
 uint4 data verified
CL_PROFILING_COMMAND_QUEUED: 1655015327534458 CL_PROFILING_COMMAND_SUBMIT: 1655015327561875 CL_PROFILING_COMMAND_START: 1655015327562333 CL_PROFILING_COMMAND_END: 1655015329065666 CL_DEVICE_PROFILING_TIMER_RESOLUTION: 1
Profiling info:
Time from queue to submit : 0.027417ms
Time from submit to start : 0.000458ms
Time from start to end: 1.503333ms
 uint8 data verified
CL_PROFILING_COMMAND_QUEUED: 1655015330617625 CL_PROFILING_COMMAND_SUBMIT: 1655015330647333 CL_PROFILING_COMMAND_START: 1655015330647833 CL_PROFILING_COMMAND_END: 1655015333535875 CL_DEVICE_PROFILING_TIMER_RESOLUTION: 1
Profiling info:
Time from queue to submit : 0.029708ms
Time from submit to start : 0.000500ms
Time from start to end: 2.888042ms
 uint16 data verified
CL_PROFILING_COMMAND_QUEUED: 1655015335682291 CL_PROFILING_COMMAND_SUBMIT: 1655015335712791 CL_PROFILING_COMMAND_START: 1655015335713291 CL_PROFILING_COMMAND_END: 1655015341218333 CL_DEVICE_PROFILING_TIMER_RESOLUTION: 1
Profiling info:
Time from queue to submit : 0.030500ms
Time from submit to start : 0.000500ms
Time from start to end: 5.505042ms
read_array_uint passed
read_array_long...
 long1 data verified
CL_PROFILING_COMMAND_QUEUED: 1655015342798208 CL_PROFILING_COMMAND_SUBMIT: 1655015342850791 CL_PROFILING_COMMAND_START: 1655015342851291 CL_PROFILING_COMMAND_END: 1655015343954416 CL_DEVICE_PROFILING_TIMER_RESOLUTION: 1
Profiling info:
Time from queue to submit : 0.052583ms
Time from submit to start : 0.000500ms
Time from start to end: 1.103125ms
 long2 data verified
CL_PROFILING_COMMAND_QUEUED: 1655015345726125 CL_PROFILING_COMMAND_SUBMIT: 1655015345760416 CL_PROFILING_COMMAND_START: 1655015345760875 CL_PROFILING_COMMAND_END: 1655015347352583 CL_DEVICE_PROFILING_TIMER_RESOLUTION: 1
Profiling info:
Time from queue to submit : 0.034291ms
Time from submit to start : 0.000459ms
Time from start to end: 1.591708ms
 long4 data verified
CL_PROFILING_COMMAND_QUEUED: 1655015349494083 CL_PROFILING_COMMAND_SUBMIT: 1655015349524625 CL_PROFILING_COMMAND_START: 1655015349525125 CL_PROFILING_COMMAND_END: 1655015352548250 CL_DEVICE_PROFILING_TIMER_RESOLUTION: 1
Profiling info:
Time from queue to submit : 0.030542ms
Time from submit to start : 0.000500ms
Time from start to end: 3.023125ms
 long8 data verified
CL_PROFILING_COMMAND_QUEUED: 1655015354092625 CL_PROFILING_COMMAND_SUBMIT: 1655015354122750 CL_PROFILING_COMMAND_START: 1655015354123291 CL_PROFILING_COMMAND_END: 1655015359690541 CL_DEVICE_PROFILING_TIMER_RESOLUTION: 1
Profiling info:
Time from queue to submit : 0.030125ms
Time from submit to start : 0.000541ms
Time from start to end: 5.567250ms
 long16 data verified
CL_PROFILING_COMMAND_QUEUED: 1655015362268291 CL_PROFILING_COMMAND_SUBMIT: 1655015362299916 CL_PROFILING_COMMAND_START: 1655015362300458 CL_PROFILING_COMMAND_END: 1655015375611166 CL_DEVICE_PROFILING_TIMER_RESOLUTION: 1
Profiling info:
Time from queue to submit : 0.031625ms
Time from submit to start : 0.000542ms
Time from start to end: 13.310708ms
read_array_long passed
read_array_ulong...
 ulong1 data verified
CL_PROFILING_COMMAND_QUEUED: 1655015377833583 CL_PROFILING_COMMAND_SUBMIT: 1655015377934458 CL_PROFILING_COMMAND_START: 1655015377935125 CL_PROFILING_COMMAND_END: 1655015378358291 CL_DEVICE_PROFILING_TIMER_RESOLUTION: 1
Profiling info:
Time from queue to submit : 0.100875ms
Time from submit to start : 0.000667ms
Time from start to end: 0.423166ms
 ulong2 data verified
CL_PROFILING_COMMAND_QUEUED: 1655015379777083 CL_PROFILING_COMMAND_SUBMIT: 1655015379823958 CL_PROFILING_COMMAND_START: 1655015379824541 CL_PROFILING_COMMAND_END: 1655015380159166 CL_DEVICE_PROFILING_TIMER_RESOLUTION: 1
Profiling info:
Time from queue to submit : 0.046875ms
Time from submit to start : 0.000583ms
Time from start to end: 0.334625ms
 ulong4 data verified
CL_PROFILING_COMMAND_QUEUED: 1655015381538583 CL_PROFILING_COMMAND_SUBMIT: 1655015381582875 CL_PROFILING_COMMAND_START: 1655015381583416 CL_PROFILING_COMMAND_END: 1655015382256000 CL_DEVICE_PROFILING_TIMER_RESOLUTION: 1
Profiling info:
Time from queue to submit : 0.044292ms
Time from submit to start : 0.000541ms
Time from start to end: 0.672584ms
 ulong8 data verified
CL_PROFILING_COMMAND_QUEUED: 1655015383996166 CL_PROFILING_COMMAND_SUBMIT: 1655015384049875 CL_PROFILING_COMMAND_START: 1655015384050500 CL_PROFILING_COMMAND_END: 1655015385131500 CL_DEVICE_PROFILING_TIMER_RESOLUTION: 1
Profiling info:
Time from queue to submit : 0.053709ms
Time from submit to start : 0.000625ms
Time from start to end: 1.081000ms
 ulong16 data verified
CL_PROFILING_COMMAND_QUEUED: 1655015387250708 CL_PROFILING_COMMAND_SUBMIT: 1655015387313291 CL_PROFILING_COMMAND_START: 1655015387313958 CL_PROFILING_COMMAND_END: 1655015389131166 CL_DEVICE_PROFILING_TIMER_RESOLUTION: 1
Profiling info:
Time from queue to submit : 0.062583ms
Time from submit to start : 0.000667ms
Time from start to end: 1.817208ms
read_array_ulong passed
read_array_short...
 short1 data verified
CL_PROFILING_COMMAND_QUEUED: 1655015390894291 CL_PROFILING_COMMAND_SUBMIT: 1655015390937291 CL_PROFILING_COMMAND_START: 1655015390937875 CL_PROFILING_COMMAND_END: 1655015391406833 CL_DEVICE_PROFILING_TIMER_RESOLUTION: 1
Profiling info:
Time from queue to submit : 0.043000ms
Time from submit to start : 0.000584ms
Time from start to end: 0.468958ms
 short2 data verified
CL_PROFILING_COMMAND_QUEUED: 1655015392771500 CL_PROFILING_COMMAND_SUBMIT: 1655015392802541 CL_PROFILING_COMMAND_START: 1655015392803041 CL_PROFILING_COMMAND_END: 1655015393232458 CL_DEVICE_PROFILING_TIMER_RESOLUTION: 1
Profiling info:
Time from queue to submit : 0.031041ms
Time from submit to start : 0.000500ms
Time from start to end: 0.429417ms
 short4 data verified
CL_PROFILING_COMMAND_QUEUED: 1655015394573125 CL_PROFILING_COMMAND_SUBMIT: 1655015394602166 CL_PROFILING_COMMAND_START: 1655015394602666 CL_PROFILING_COMMAND_END: 1655015395507791 CL_DEVICE_PROFILING_TIMER_RESOLUTION: 1
Profiling info:
Time from queue to submit : 0.029041ms
Time from submit to start : 0.000500ms
Time from start to end: 0.905125ms
 short8 data verified
CL_PROFILING_COMMAND_QUEUED: 1655015397020750 CL_PROFILING_COMMAND_SUBMIT: 1655015397050708 CL_PROFILING_COMMAND_START: 1655015397051250 CL_PROFILING_COMMAND_END: 1655015398639666 CL_DEVICE_PROFILING_TIMER_RESOLUTION: 1
Profiling info:
Time from queue to submit : 0.029958ms
Time from submit to start : 0.000542ms
Time from start to end: 1.588416ms
 short16 data verified
CL_PROFILING_COMMAND_QUEUED: 1655015400399166 CL_PROFILING_COMMAND_SUBMIT: 1655015400427875 CL_PROFILING_COMMAND_START: 1655015400428458 CL_PROFILING_COMMAND_END: 1655015403484916 CL_DEVICE_PROFILING_TIMER_RESOLUTION: 1
Profiling info:
Time from queue to submit : 0.028709ms
Time from submit to start : 0.000583ms
Time from start to end: 3.056458ms
read_array_short passed
read_array_ushort...
 ushort1 data verified
CL_PROFILING_COMMAND_QUEUED: 1655015406405375 CL_PROFILING_COMMAND_SUBMIT: 1655015406496041 CL_PROFILING_COMMAND_START: 1655015406496750 CL_PROFILING_COMMAND_END: 1655015406810708 CL_DEVICE_PROFILING_TIMER_RESOLUTION: 1
Profiling info:
Time from queue to submit : 0.090666ms
Time from submit to start : 0.000709ms
Time from start to end: 0.313958ms
 ushort2 data verified
CL_PROFILING_COMMAND_QUEUED: 1655015408208208 CL_PROFILING_COMMAND_SUBMIT: 1655015408262291 CL_PROFILING_COMMAND_START: 1655015408262958 CL_PROFILING_COMMAND_END: 1655015408402625 CL_DEVICE_PROFILING_TIMER_RESOLUTION: 1
Profiling info:
Time from queue to submit : 0.054083ms
Time from submit to start : 0.000667ms
Time from start to end: 0.139667ms
 ushort4 data verified
CL_PROFILING_COMMAND_QUEUED: 1655015409796541 CL_PROFILING_COMMAND_SUBMIT: 1655015409845583 CL_PROFILING_COMMAND_START: 1655015409846291 CL_PROFILING_COMMAND_END: 1655015410167458 CL_DEVICE_PROFILING_TIMER_RESOLUTION: 1
Profiling info:
Time from queue to submit : 0.049042ms
Time from submit to start : 0.000708ms
Time from start to end: 0.321167ms
 ushort8 data verified
CL_PROFILING_COMMAND_QUEUED: 1655015411871416 CL_PROFILING_COMMAND_SUBMIT: 1655015411927875 CL_PROFILING_COMMAND_START: 1655015411928583 CL_PROFILING_COMMAND_END: 1655015412268041 CL_DEVICE_PROFILING_TIMER_RESOLUTION: 1
Profiling info:
Time from queue to submit : 0.056459ms
Time from submit to start : 0.000708ms
Time from start to end: 0.339458ms
 ushort16 data verified
CL_PROFILING_COMMAND_QUEUED: 1655015414349458 CL_PROFILING_COMMAND_SUBMIT: 1655015414419125 CL_PROFILING_COMMAND_START: 1655015414419833 CL_PROFILING_COMMAND_END: 1655015416901166 CL_DEVICE_PROFILING_TIMER_RESOLUTION: 1
Profiling info:
Time from queue to submit : 0.069667ms
Time from submit to start : 0.000708ms
Time from start to end: 2.481333ms
read_array_ushort passed
read_array_float...
 float1 data verified
CL_PROFILING_COMMAND_QUEUED: 1655015419096541 CL_PROFILING_COMMAND_SUBMIT: 1655015419122791 CL_PROFILING_COMMAND_START: 1655015419123166 CL_PROFILING_COMMAND_END: 1655015419683000 CL_DEVICE_PROFILING_TIMER_RESOLUTION: 1
Profiling info:
Time from queue to submit : 0.026250ms
Time from submit to start : 0.000375ms
Time from start to end: 0.559834ms
 float2 data verified
CL_PROFILING_COMMAND_QUEUED: 1655015422616916 CL_PROFILING_COMMAND_SUBMIT: 1655015422660166 CL_PROFILING_COMMAND_START: 1655015422660625 CL_PROFILING_COMMAND_END: 1655015423563750 CL_DEVICE_PROFILING_TIMER_RESOLUTION: 1
Profiling info:
Time from queue to submit : 0.043250ms
Time from submit to start : 0.000459ms
Time from start to end: 0.903125ms
 float4 data verified
CL_PROFILING_COMMAND_QUEUED: 1655015425179208 CL_PROFILING_COMMAND_SUBMIT: 1655015425208333 CL_PROFILING_COMMAND_START: 1655015425208833 CL_PROFILING_COMMAND_END: 1655015426963375 CL_DEVICE_PROFILING_TIMER_RESOLUTION: 1
Profiling info:
Time from queue to submit : 0.029125ms
Time from submit to start : 0.000500ms
Time from start to end: 1.754542ms
 float8 data verified
CL_PROFILING_COMMAND_QUEUED: 1655015428636750 CL_PROFILING_COMMAND_SUBMIT: 1655015428674791 CL_PROFILING_COMMAND_START: 1655015428675458 CL_PROFILING_COMMAND_END: 1655015432031125 CL_DEVICE_PROFILING_TIMER_RESOLUTION: 1
Profiling info:
Time from queue to submit : 0.038041ms
Time from submit to start : 0.000667ms
Time from start to end: 3.355667ms
 float16 data verified
CL_PROFILING_COMMAND_QUEUED: 1655015435085166 CL_PROFILING_COMMAND_SUBMIT: 1655015435124500 CL_PROFILING_COMMAND_START: 1655015435125083 CL_PROFILING_COMMAND_END: 1655015441841083 CL_DEVICE_PROFILING_TIMER_RESOLUTION: 1
Profiling info:
Time from queue to submit : 0.039334ms
Time from submit to start : 0.000583ms
Time from start to end: 6.716000ms
read_array_float passed
read_array_char...
 char1 data verified
CL_PROFILING_COMMAND_QUEUED: 1655015443502333 CL_PROFILING_COMMAND_SUBMIT: 1655015443575750 CL_PROFILING_COMMAND_START: 1655015443576375 CL_PROFILING_COMMAND_END: 1655015443883041 CL_DEVICE_PROFILING_TIMER_RESOLUTION: 1
Profiling info:
Time from queue to submit : 0.073417ms
Time from submit to start : 0.000625ms
Time from start to end: 0.306666ms
 char2 data verified
CL_PROFILING_COMMAND_QUEUED: 1655015445139666 CL_PROFILING_COMMAND_SUBMIT: 1655015445182708 CL_PROFILING_COMMAND_START: 1655015445183333 CL_PROFILING_COMMAND_END: 1655015445312333 CL_DEVICE_PROFILING_TIMER_RESOLUTION: 1
Profiling info:
Time from queue to submit : 0.043042ms
Time from submit to start : 0.000625ms
Time from start to end: 0.129000ms
 char4 data verified
CL_PROFILING_COMMAND_QUEUED: 1655015446409000 CL_PROFILING_COMMAND_SUBMIT: 1655015446452125 CL_PROFILING_COMMAND_START: 1655015446452708 CL_PROFILING_COMMAND_END: 1655015446597208 CL_DEVICE_PROFILING_TIMER_RESOLUTION: 1
Profiling info:
Time from queue to submit : 0.043125ms
Time from submit to start : 0.000583ms
Time from start to end: 0.144500ms
 char8 data verified
CL_PROFILING_COMMAND_QUEUED: 1655015447765750 CL_PROFILING_COMMAND_SUBMIT: 1655015447805208 CL_PROFILING_COMMAND_START: 1655015447805791 CL_PROFILING_COMMAND_END: 1655015448185166 CL_DEVICE_PROFILING_TIMER_RESOLUTION: 1
Profiling info:
Time from queue to submit : 0.039458ms
Time from submit to start : 0.000583ms
Time from start to end: 0.379375ms
 char16 data verified
CL_PROFILING_COMMAND_QUEUED: 1655015449621791 CL_PROFILING_COMMAND_SUBMIT: 1655015449669875 CL_PROFILING_COMMAND_START: 1655015449670458 CL_PROFILING_COMMAND_END: 1655015449945958 CL_DEVICE_PROFILING_TIMER_RESOLUTION: 1
Profiling info:
Time from queue to submit : 0.048084ms
Time from submit to start : 0.000583ms
Time from start to end: 0.275500ms
read_array_char passed
read_array_uchar...
 uchar1 data verified
CL_PROFILING_COMMAND_QUEUED: 1655015451953375 CL_PROFILING_COMMAND_SUBMIT: 1655015452030875 CL_PROFILING_COMMAND_START: 1655015452031541 CL_PROFILING_COMMAND_END: 1655015452302833 CL_DEVICE_PROFILING_TIMER_RESOLUTION: 1
Profiling info:
Time from queue to submit : 0.077500ms
Time from submit to start : 0.000666ms
Time from start to end: 0.271292ms
 uchar2 data verified
CL_PROFILING_COMMAND_QUEUED: 1655015453479583 CL_PROFILING_COMMAND_SUBMIT: 1655015453519541 CL_PROFILING_COMMAND_START: 1655015453520166 CL_PROFILING_COMMAND_END: 1655015453643875 CL_DEVICE_PROFILING_TIMER_RESOLUTION: 1
Profiling info:
Time from queue to submit : 0.039958ms
Time from submit to start : 0.000625ms
Time from start to end: 0.123709ms
 uchar4 data verified
CL_PROFILING_COMMAND_QUEUED: 1655015454801958 CL_PROFILING_COMMAND_SUBMIT: 1655015454844458 CL_PROFILING_COMMAND_START: 1655015454845083 CL_PROFILING_COMMAND_END: 1655015454973125 CL_DEVICE_PROFILING_TIMER_RESOLUTION: 1
Profiling info:
Time from queue to submit : 0.042500ms
Time from submit to start : 0.000625ms
Time from start to end: 0.128042ms
 uchar8 data verified
CL_PROFILING_COMMAND_QUEUED: 1655015456316375 CL_PROFILING_COMMAND_SUBMIT: 1655015456363916 CL_PROFILING_COMMAND_START: 1655015456364541 CL_PROFILING_COMMAND_END: 1655015456689833 CL_DEVICE_PROFILING_TIMER_RESOLUTION: 1
Profiling info:
Time from queue to submit : 0.047541ms
Time from submit to start : 0.000625ms
Time from start to end: 0.325292ms
 uchar16 data verified
CL_PROFILING_COMMAND_QUEUED: 1655015458572083 CL_PROFILING_COMMAND_SUBMIT: 1655015458863958 CL_PROFILING_COMMAND_START: 1655015458864750 CL_PROFILING_COMMAND_END: 1655015459327666 CL_DEVICE_PROFILING_TIMER_RESOLUTION: 1
Profiling info:
Time from queue to submit : 0.291875ms
Time from submit to start : 0.000792ms
Time from start to end: 0.462916ms
read_array_uchar passed
read_array_struct...
 struct1 data verified
CL_PROFILING_COMMAND_QUEUED: 1655015461834958 CL_PROFILING_COMMAND_SUBMIT: 1655015461921750 CL_PROFILING_COMMAND_START: 1655015461922166 CL_PROFILING_COMMAND_END: 1655015462358333 CL_DEVICE_PROFILING_TIMER_RESOLUTION: 1
Profiling info:
Time from queue to submit : 0.086792ms
Time from submit to start : 0.000416ms
Time from start to end: 0.436167ms
read_array_struct passed
write_array_int...
 int1 data verified
CL_PROFILING_COMMAND_QUEUED: 1655015467790958 CL_PROFILING_COMMAND_SUBMIT: 1655015467819708 CL_PROFILING_COMMAND_START: 1655015467822291 CL_PROFILING_COMMAND_END: 1655015467849000 CL_DEVICE_PROFILING_TIMER_RESOLUTION: 1
Profiling info:
Time from queue to submit : 0.028750ms
Time from submit to start : 0.002583ms
Time from start to end: 0.026709ms
 int2 data verified
CL_PROFILING_COMMAND_QUEUED: 1655015469748250 CL_PROFILING_COMMAND_SUBMIT: 1655015469756791 CL_PROFILING_COMMAND_START: 1655015469757583 CL_PROFILING_COMMAND_END: 1655015469774375 CL_DEVICE_PROFILING_TIMER_RESOLUTION: 1
Profiling info:
Time from queue to submit : 0.008541ms
Time from submit to start : 0.000792ms
Time from start to end: 0.016792ms
 int4 data verified
CL_PROFILING_COMMAND_QUEUED: 1655015471546208 CL_PROFILING_COMMAND_SUBMIT: 1655015471555750 CL_PROFILING_COMMAND_START: 1655015471556541 CL_PROFILING_COMMAND_END: 1655015471584750 CL_DEVICE_PROFILING_TIMER_RESOLUTION: 1
Profiling info:
Time from queue to submit : 0.009542ms
Time from submit to start : 0.000791ms
Time from start to end: 0.028209ms
 int8 data verified
CL_PROFILING_COMMAND_QUEUED: 1655015473568291 CL_PROFILING_COMMAND_SUBMIT: 1655015473576958 CL_PROFILING_COMMAND_START: 1655015473577750 CL_PROFILING_COMMAND_END: 1655015473638750 CL_DEVICE_PROFILING_TIMER_RESOLUTION: 1
Profiling info:
Time from queue to submit : 0.008667ms
Time from submit to start : 0.000792ms
Time from start to end: 0.061000ms
 int16 data verified
CL_PROFILING_COMMAND_QUEUED: 1655015476797250 CL_PROFILING_COMMAND_SUBMIT: 1655015476808291 CL_PROFILING_COMMAND_START: 1655015476809583 CL_PROFILING_COMMAND_END: 1655015476951833 CL_DEVICE_PROFILING_TIMER_RESOLUTION: 1
Profiling info:
Time from queue to submit : 0.011041ms
Time from submit to start : 0.001292ms
Time from start to end: 0.142250ms
write_array_int passed
write_array_uint...
 uint1 data verified
CL_PROFILING_COMMAND_QUEUED: 1655015484295291 CL_PROFILING_COMMAND_SUBMIT: 1655015484315916 CL_PROFILING_COMMAND_START: 1655015484318625 CL_PROFILING_COMMAND_END: 1655015484327333 CL_DEVICE_PROFILING_TIMER_RESOLUTION: 1
Profiling info:
Time from queue to submit : 0.020625ms
Time from submit to start : 0.002709ms
Time from start to end: 0.008708ms
 uint2 data verified
CL_PROFILING_COMMAND_QUEUED: 1655015486513666 CL_PROFILING_COMMAND_SUBMIT: 1655015486523041 CL_PROFILING_COMMAND_START: 1655015486523791 CL_PROFILING_COMMAND_END: 1655015486531250 CL_DEVICE_PROFILING_TIMER_RESOLUTION: 1
Profiling info:
Time from queue to submit : 0.009375ms
Time from submit to start : 0.000750ms
Time from start to end: 0.007459ms
 uint4 data verified
CL_PROFILING_COMMAND_QUEUED: 1655015488453875 CL_PROFILING_COMMAND_SUBMIT: 1655015488462083 CL_PROFILING_COMMAND_START: 1655015488462916 CL_PROFILING_COMMAND_END: 1655015488477916 CL_DEVICE_PROFILING_TIMER_RESOLUTION: 1
Profiling info:
Time from queue to submit : 0.008208ms
Time from submit to start : 0.000833ms
Time from start to end: 0.015000ms
 uint8 data verified
CL_PROFILING_COMMAND_QUEUED: 1655015490846291 CL_PROFILING_COMMAND_SUBMIT: 1655015490859625 CL_PROFILING_COMMAND_START: 1655015490860583 CL_PROFILING_COMMAND_END: 1655015490892125 CL_DEVICE_PROFILING_TIMER_RESOLUTION: 1
Profiling info:
Time from queue to submit : 0.013334ms
Time from submit to start : 0.000958ms
Time from start to end: 0.031542ms
 uint16 data verified
CL_PROFILING_COMMAND_QUEUED: 1655015493807125 CL_PROFILING_COMMAND_SUBMIT: 1655015493816166 CL_PROFILING_COMMAND_START: 1655015493817375 CL_PROFILING_COMMAND_END: 1655015493882000 CL_DEVICE_PROFILING_TIMER_RESOLUTION: 1
Profiling info:
Time from queue to submit : 0.009041ms
Time from submit to start : 0.001209ms
Time from start to end: 0.064625ms
write_array_uint passed
write_array_short...
 short1 data verified
CL_PROFILING_COMMAND_QUEUED: 1655015500909791 CL_PROFILING_COMMAND_SUBMIT: 1655015500931083 CL_PROFILING_COMMAND_START: 1655015500932833 CL_PROFILING_COMMAND_END: 1655015500947833 CL_DEVICE_PROFILING_TIMER_RESOLUTION: 1
Profiling info:
Time from queue to submit : 0.021292ms
Time from submit to start : 0.001750ms
Time from start to end: 0.015000ms
 short2 data verified
CL_PROFILING_COMMAND_QUEUED: 1655015503372708 CL_PROFILING_COMMAND_SUBMIT: 1655015503383958 CL_PROFILING_COMMAND_START: 1655015503384916 CL_PROFILING_COMMAND_END: 1655015503390416 CL_DEVICE_PROFILING_TIMER_RESOLUTION: 1
Profiling info:
Time from queue to submit : 0.011250ms
Time from submit to start : 0.000958ms
Time from start to end: 0.005500ms
 short4 data verified
CL_PROFILING_COMMAND_QUEUED: 1655015505239375 CL_PROFILING_COMMAND_SUBMIT: 1655015505249250 CL_PROFILING_COMMAND_START: 1655015505250250 CL_PROFILING_COMMAND_END: 1655015505259333 CL_DEVICE_PROFILING_TIMER_RESOLUTION: 1
Profiling info:
Time from queue to submit : 0.009875ms
Time from submit to start : 0.001000ms
Time from start to end: 0.009083ms
 short8 data verified
CL_PROFILING_COMMAND_QUEUED: 1655015508709375 CL_PROFILING_COMMAND_SUBMIT: 1655015508720166 CL_PROFILING_COMMAND_START: 1655015508721166 CL_PROFILING_COMMAND_END: 1655015508764791 CL_DEVICE_PROFILING_TIMER_RESOLUTION: 1
Profiling info:
Time from queue to submit : 0.010791ms
Time from submit to start : 0.001000ms
Time from start to end: 0.043625ms
 short16 data verified
CL_PROFILING_COMMAND_QUEUED: 1655015511758041 CL_PROFILING_COMMAND_SUBMIT: 1655015511768958 CL_PROFILING_COMMAND_START: 1655015511770041 CL_PROFILING_COMMAND_END: 1655015511855541 CL_DEVICE_PROFILING_TIMER_RESOLUTION: 1
Profiling info:
Time from queue to submit : 0.010917ms
Time from submit to start : 0.001083ms
Time from start to end: 0.085500ms
write_array_short passed
write_array_ushort...
 ushort1 data verified
CL_PROFILING_COMMAND_QUEUED: 1655015519289833 CL_PROFILING_COMMAND_SUBMIT: 1655015520903750 CL_PROFILING_COMMAND_START: 1655015520907250 CL_PROFILING_COMMAND_END: 1655015520917583 CL_DEVICE_PROFILING_TIMER_RESOLUTION: 1
Profiling info:
Time from queue to submit : 1.613917ms
Time from submit to start : 0.003500ms
Time from start to end: 0.010333ms
 ushort2 data verified
CL_PROFILING_COMMAND_QUEUED: 1655015523652208 CL_PROFILING_COMMAND_SUBMIT: 1655015523665500 CL_PROFILING_COMMAND_START: 1655015523666375 CL_PROFILING_COMMAND_END: 1655015523671458 CL_DEVICE_PROFILING_TIMER_RESOLUTION: 1
Profiling info:
Time from queue to submit : 0.013292ms
Time from submit to start : 0.000875ms
Time from start to end: 0.005083ms
 ushort4 data verified
CL_PROFILING_COMMAND_QUEUED: 1655015525907458 CL_PROFILING_COMMAND_SUBMIT: 1655015525916125 CL_PROFILING_COMMAND_START: 1655015525916875 CL_PROFILING_COMMAND_END: 1655015525924500 CL_DEVICE_PROFILING_TIMER_RESOLUTION: 1
Profiling info:
Time from queue to submit : 0.008667ms
Time from submit to start : 0.000750ms
Time from start to end: 0.007625ms
 ushort8 data verified
CL_PROFILING_COMMAND_QUEUED: 1655015530170166 CL_PROFILING_COMMAND_SUBMIT: 1655015530186666 CL_PROFILING_COMMAND_START: 1655015530187875 CL_PROFILING_COMMAND_END: 1655015530206625 CL_DEVICE_PROFILING_TIMER_RESOLUTION: 1
Profiling info:
Time from queue to submit : 0.016500ms
Time from submit to start : 0.001209ms
Time from start to end: 0.018750ms
 ushort16 data verified
CL_PROFILING_COMMAND_QUEUED: 1655015533943041 CL_PROFILING_COMMAND_SUBMIT: 1655015533954041 CL_PROFILING_COMMAND_START: 1655015533955000 CL_PROFILING_COMMAND_END: 1655015533987416 CL_DEVICE_PROFILING_TIMER_RESOLUTION: 1
Profiling info:
Time from queue to submit : 0.011000ms
Time from submit to start : 0.000959ms
Time from start to end: 0.032416ms
write_array_ushort passed
write_array_char...
 char1 data verified
CL_PROFILING_COMMAND_QUEUED: 1655015540620125 CL_PROFILING_COMMAND_SUBMIT: 1655015540633916 CL_PROFILING_COMMAND_START: 1655015540635333 CL_PROFILING_COMMAND_END: 1655015540641500 CL_DEVICE_PROFILING_TIMER_RESOLUTION: 1
Profiling info:
Time from queue to submit : 0.013791ms
Time from submit to start : 0.001417ms
Time from start to end: 0.006167ms
 char2 data verified
CL_PROFILING_COMMAND_QUEUED: 1655015542570458 CL_PROFILING_COMMAND_SUBMIT: 1655015542579666 CL_PROFILING_COMMAND_START: 1655015542580416 CL_PROFILING_COMMAND_END: 1655015542583541 CL_DEVICE_PROFILING_TIMER_RESOLUTION: 1
Profiling info:
Time from queue to submit : 0.009208ms
Time from submit to start : 0.000750ms
Time from start to end: 0.003125ms
 char4 data verified
CL_PROFILING_COMMAND_QUEUED: 1655015544441500 CL_PROFILING_COMMAND_SUBMIT: 1655015544449750 CL_PROFILING_COMMAND_START: 1655015544450541 CL_PROFILING_COMMAND_END: 1655015544454833 CL_DEVICE_PROFILING_TIMER_RESOLUTION: 1
Profiling info:
Time from queue to submit : 0.008250ms
Time from submit to start : 0.000791ms
Time from start to end: 0.004292ms
 char8 data verified
CL_PROFILING_COMMAND_QUEUED: 1655015546361208 CL_PROFILING_COMMAND_SUBMIT: 1655015546369625 CL_PROFILING_COMMAND_START: 1655015546370416 CL_PROFILING_COMMAND_END: 1655015546377625 CL_DEVICE_PROFILING_TIMER_RESOLUTION: 1
Profiling info:
Time from queue to submit : 0.008417ms
Time from submit to start : 0.000791ms
Time from start to end: 0.007209ms
 char16 data verified
CL_PROFILING_COMMAND_QUEUED: 1655015549362208 CL_PROFILING_COMMAND_SUBMIT: 1655015549372625 CL_PROFILING_COMMAND_START: 1655015549373666 CL_PROFILING_COMMAND_END: 1655015549409750 CL_DEVICE_PROFILING_TIMER_RESOLUTION: 1
Profiling info:
Time from queue to submit : 0.010417ms
Time from submit to start : 0.001041ms
Time from start to end: 0.036084ms
write_array_char passed
write_array_uchar...
 uchar1 data verified
CL_PROFILING_COMMAND_QUEUED: 1655015556734333 CL_PROFILING_COMMAND_SUBMIT: 1655015556749708 CL_PROFILING_COMMAND_START: 1655015556751541 CL_PROFILING_COMMAND_END: 1655015556754291 CL_DEVICE_PROFILING_TIMER_RESOLUTION: 1
Profiling info:
Time from queue to submit : 0.015375ms
Time from submit to start : 0.001833ms
Time from start to end: 0.002750ms
 uchar2 data verified
CL_PROFILING_COMMAND_QUEUED: 1655015558567083 CL_PROFILING_COMMAND_SUBMIT: 1655015558575000 CL_PROFILING_COMMAND_START: 1655015558575875 CL_PROFILING_COMMAND_END: 1655015558578916 CL_DEVICE_PROFILING_TIMER_RESOLUTION: 1
Profiling info:
Time from queue to submit : 0.007917ms
Time from submit to start : 0.000875ms
Time from start to end: 0.003041ms
 uchar4 data verified
CL_PROFILING_COMMAND_QUEUED: 1655015561015500 CL_PROFILING_COMMAND_SUBMIT: 1655015561025000 CL_PROFILING_COMMAND_START: 1655015561026000 CL_PROFILING_COMMAND_END: 1655015561031625 CL_DEVICE_PROFILING_TIMER_RESOLUTION: 1
Profiling info:
Time from queue to submit : 0.009500ms
Time from submit to start : 0.001000ms
Time from start to end: 0.005625ms
 uchar8 data verified
CL_PROFILING_COMMAND_QUEUED: 1655015563109416 CL_PROFILING_COMMAND_SUBMIT: 1655015563119083 CL_PROFILING_COMMAND_START: 1655015563120041 CL_PROFILING_COMMAND_END: 1655015563129041 CL_DEVICE_PROFILING_TIMER_RESOLUTION: 1
Profiling info:
Time from queue to submit : 0.009667ms
Time from submit to start : 0.000958ms
Time from start to end: 0.009000ms
 uchar16 data verified
CL_PROFILING_COMMAND_QUEUED: 1655015566726708 CL_PROFILING_COMMAND_SUBMIT: 1655015566736458 CL_PROFILING_COMMAND_START: 1655015566737541 CL_PROFILING_COMMAND_END: 1655015566754208 CL_DEVICE_PROFILING_TIMER_RESOLUTION: 1
Profiling info:
Time from queue to submit : 0.009750ms
Time from submit to start : 0.001083ms
Time from start to end: 0.016667ms
write_array_uchar passed
write_array_float...
 float1 data verified
CL_PROFILING_COMMAND_QUEUED: 1655015578197500 CL_PROFILING_COMMAND_SUBMIT: 1655015578225416 CL_PROFILING_COMMAND_START: 1655015578227291 CL_PROFILING_COMMAND_END: 1655015578232250 CL_DEVICE_PROFILING_TIMER_RESOLUTION: 1
Profiling info:
Time from queue to submit : 0.027916ms
Time from submit to start : 0.001875ms
Time from start to end: 0.004959ms
 float2 data verified
CL_PROFILING_COMMAND_QUEUED: 1655015581337291 CL_PROFILING_COMMAND_SUBMIT: 1655015581350916 CL_PROFILING_COMMAND_START: 1655015581351875 CL_PROFILING_COMMAND_END: 1655015581357291 CL_DEVICE_PROFILING_TIMER_RESOLUTION: 1
Profiling info:
Time from queue to submit : 0.013625ms
Time from submit to start : 0.000959ms
Time from start to end: 0.005416ms
 float4 data verified
CL_PROFILING_COMMAND_QUEUED: 1655015584801625 CL_PROFILING_COMMAND_SUBMIT: 1655015584814750 CL_PROFILING_COMMAND_START: 1655015584815916 CL_PROFILING_COMMAND_END: 1655015584827416 CL_DEVICE_PROFILING_TIMER_RESOLUTION: 1
Profiling info:
Time from queue to submit : 0.013125ms
Time from submit to start : 0.001166ms
Time from start to end: 0.011500ms
 float8 data verified
CL_PROFILING_COMMAND_QUEUED: 1655015589763500 CL_PROFILING_COMMAND_SUBMIT: 1655015589777833 CL_PROFILING_COMMAND_START: 1655015589779166 CL_PROFILING_COMMAND_END: 1655015589802500 CL_DEVICE_PROFILING_TIMER_RESOLUTION: 1
Profiling info:
Time from queue to submit : 0.014333ms
Time from submit to start : 0.001333ms
Time from start to end: 0.023334ms
 float16 data verified
CL_PROFILING_COMMAND_QUEUED: 1655015597106208 CL_PROFILING_COMMAND_SUBMIT: 1655015597120583 CL_PROFILING_COMMAND_START: 1655015597121875 CL_PROFILING_COMMAND_END: 1655015597170791 CL_DEVICE_PROFILING_TIMER_RESOLUTION: 1
Profiling info:
Time from queue to submit : 0.014375ms
Time from submit to start : 0.001292ms
Time from start to end: 0.048916ms
write_array_float passed
write_array_long...
 cl_long1 data verified
CL_PROFILING_COMMAND_QUEUED: 1655015611405125 CL_PROFILING_COMMAND_SUBMIT: 1655015611437833 CL_PROFILING_COMMAND_START: 1655015611439166 CL_PROFILING_COMMAND_END: 1655015611444541 CL_DEVICE_PROFILING_TIMER_RESOLUTION: 1
Profiling info:
Time from queue to submit : 0.032708ms
Time from submit to start : 0.001333ms
Time from start to end: 0.005375ms
 cl_long2 data verified
CL_PROFILING_COMMAND_QUEUED: 1655015614037208 CL_PROFILING_COMMAND_SUBMIT: 1655015614046083 CL_PROFILING_COMMAND_START: 1655015614047041 CL_PROFILING_COMMAND_END: 1655015614062041 CL_DEVICE_PROFILING_TIMER_RESOLUTION: 1
Profiling info:
Time from queue to submit : 0.008875ms
Time from submit to start : 0.000958ms
Time from start to end: 0.015000ms
 cl_long4 data verified
CL_PROFILING_COMMAND_QUEUED: 1655015616455041 CL_PROFILING_COMMAND_SUBMIT: 1655015616465083 CL_PROFILING_COMMAND_START: 1655015616466166 CL_PROFILING_COMMAND_END: 1655015616498416 CL_DEVICE_PROFILING_TIMER_RESOLUTION: 1
Profiling info:
Time from queue to submit : 0.010042ms
Time from submit to start : 0.001083ms
Time from start to end: 0.032250ms
 cl_long8 data verified
CL_PROFILING_COMMAND_QUEUED: 1655015619687875 CL_PROFILING_COMMAND_SUBMIT: 1655015619699666 CL_PROFILING_COMMAND_START: 1655015619700625 CL_PROFILING_COMMAND_END: 1655015619767083 CL_DEVICE_PROFILING_TIMER_RESOLUTION: 1
Profiling info:
Time from queue to submit : 0.011791ms
Time from submit to start : 0.000959ms
Time from start to end: 0.066458ms
 cl_long16 data verified
CL_PROFILING_COMMAND_QUEUED: 1655015623827583 CL_PROFILING_COMMAND_SUBMIT: 1655015623841875 CL_PROFILING_COMMAND_START: 1655015623843291 CL_PROFILING_COMMAND_END: 1655015624195833 CL_DEVICE_PROFILING_TIMER_RESOLUTION: 1
Profiling info:
Time from queue to submit : 0.014292ms
Time from submit to start : 0.001416ms
Time from start to end: 0.352542ms
write_array_long passed
write_array_ulong...
 ulong long1 data verified
CL_PROFILING_COMMAND_QUEUED: 1655015640504000 CL_PROFILING_COMMAND_SUBMIT: 1655015640538291 CL_PROFILING_COMMAND_START: 1655015640539875 CL_PROFILING_COMMAND_END: 1655015640545875 CL_DEVICE_PROFILING_TIMER_RESOLUTION: 1
Profiling info:
Time from queue to submit : 0.034291ms
Time from submit to start : 0.001584ms
Time from start to end: 0.006000ms
 ulong long2 data verified
CL_PROFILING_COMMAND_QUEUED: 1655015644376208 CL_PROFILING_COMMAND_SUBMIT: 1655015644385375 CL_PROFILING_COMMAND_START: 1655015644386208 CL_PROFILING_COMMAND_END: 1655015644395875 CL_DEVICE_PROFILING_TIMER_RESOLUTION: 1
Profiling info:
Time from queue to submit : 0.009167ms
Time from submit to start : 0.000833ms
Time from start to end: 0.009667ms
 ulong long4 data verified
CL_PROFILING_COMMAND_QUEUED: 1655015648400250 CL_PROFILING_COMMAND_SUBMIT: 1655015648411375 CL_PROFILING_COMMAND_START: 1655015648412625 CL_PROFILING_COMMAND_END: 1655015648435791 CL_DEVICE_PROFILING_TIMER_RESOLUTION: 1
Profiling info:
Time from queue to submit : 0.011125ms
Time from submit to start : 0.001250ms
Time from start to end: 0.023166ms
 ulong long8 data verified
CL_PROFILING_COMMAND_QUEUED: 1655015654523500 CL_PROFILING_COMMAND_SUBMIT: 1655015654535583 CL_PROFILING_COMMAND_START: 1655015654536833 CL_PROFILING_COMMAND_END: 1655015654585000 CL_DEVICE_PROFILING_TIMER_RESOLUTION: 1
Profiling info:
Time from queue to submit : 0.012083ms
Time from submit to start : 0.001250ms
Time from start to end: 0.048167ms
 ulong long16 data verified
CL_PROFILING_COMMAND_QUEUED: 1655015659410291 CL_PROFILING_COMMAND_SUBMIT: 1655015659420375 CL_PROFILING_COMMAND_START: 1655015659421208 CL_PROFILING_COMMAND_END: 1655015659547416 CL_DEVICE_PROFILING_TIMER_RESOLUTION: 1
Profiling info:
Time from queue to submit : 0.010084ms
Time from submit to start : 0.000833ms
Time from start to end: 0.126208ms
write_array_ulong passed
write_array_struct...
 struct1 data verified
CL_PROFILING_COMMAND_QUEUED: 1655015665101916 CL_PROFILING_COMMAND_SUBMIT: 1655015665138208 CL_PROFILING_COMMAND_START: 1655015665141416 CL_PROFILING_COMMAND_END: 1655015665165541 CL_DEVICE_PROFILING_TIMER_RESOLUTION: 1
Profiling info:
Time from queue to submit : 0.036292ms
Time from submit to start : 0.003208ms
Time from start to end: 0.024125ms
write_array_struct passed
read_image_float...
Image verified.
CL_PROFILING_COMMAND_QUEUED: 1655015672068500 CL_PROFILING_COMMAND_SUBMIT: 1655015672145125 CL_PROFILING_COMMAND_START: 1655015672145708 CL_PROFILING_COMMAND_END: 1655015672516708 CL_DEVICE_PROFILING_TIMER_RESOLUTION: 1
Profiling info:
Time from queue to submit : 0.076625ms
Time from submit to start : 0.000583ms
Time from start to end: 0.371000ms
read_image_float passed
read_image_char...
Image verified.
CL_PROFILING_COMMAND_QUEUED: 1655015677329708 CL_PROFILING_COMMAND_SUBMIT: 1655015677362291 CL_PROFILING_COMMAND_START: 1655015677362666 CL_PROFILING_COMMAND_END: 1655015677918750 CL_DEVICE_PROFILING_TIMER_RESOLUTION: 1
Profiling info:
Time from queue to submit : 0.032583ms
Time from submit to start : 0.000375ms
Time from start to end: 0.556084ms
read_image_char passed
read_image_uchar...
Image verified.
CL_PROFILING_COMMAND_QUEUED: 1655015682826166 CL_PROFILING_COMMAND_SUBMIT: 1655015682891750 CL_PROFILING_COMMAND_START: 1655015682892500 CL_PROFILING_COMMAND_END: 1655015683238458 CL_DEVICE_PROFILING_TIMER_RESOLUTION: 1
Profiling info:
Time from queue to submit : 0.065584ms
Time from submit to start : 0.000750ms
Time from start to end: 0.345958ms
read_image_uchar passed
write_image_float...
Image verified.
CL_PROFILING_COMMAND_QUEUED: 1655015683526541 CL_PROFILING_COMMAND_SUBMIT: 1655015683545083 CL_PROFILING_COMMAND_START: 1655015683547041 CL_PROFILING_COMMAND_END: 1655015683566083 CL_DEVICE_PROFILING_TIMER_RESOLUTION: 1
Profiling info:
Time from queue to submit : 0.018542ms
Time from submit to start : 0.001958ms
Time from start to end: 0.019042ms
write_image_float passed
write_image_char...
Image verified.
CL_PROFILING_COMMAND_QUEUED: 1655015688209375 CL_PROFILING_COMMAND_SUBMIT: 1655015688230458 CL_PROFILING_COMMAND_START: 1655015688232583 CL_PROFILING_COMMAND_END: 1655015688251125 CL_DEVICE_PROFILING_TIMER_RESOLUTION: 1
Profiling info:
Time from queue to submit : 0.021083ms
Time from submit to start : 0.002125ms
Time from start to end: 0.018542ms
write_image_char passed
write_image_uchar...
Image verified.
CL_PROFILING_COMMAND_QUEUED: 1655015693003458 CL_PROFILING_COMMAND_SUBMIT: 1655015693017791 CL_PROFILING_COMMAND_START: 1655015693019708 CL_PROFILING_COMMAND_END: 1655015693035250 CL_DEVICE_PROFILING_TIMER_RESOLUTION: 1
Profiling info:
Time from queue to submit : 0.014333ms
Time from submit to start : 0.001917ms
Time from start to end: 0.015542ms
write_image_uchar passed
copy_array...
set size: 16384: test passed
CL_PROFILING_COMMAND_QUEUED: 1655015697876666 CL_PROFILING_COMMAND_SUBMIT: 1655015697885916 CL_PROFILING_COMMAND_START: 1655015697886875 CL_PROFILING_COMMAND_END: 1655015697909833 CL_DEVICE_PROFILING_TIMER_RESOLUTION: 1
Profiling info:
Time from queue to submit : 0.009250ms
Time from submit to start : 0.000959ms
Time from start to end: 0.022958ms
random size: 116053: test passed
CL_PROFILING_COMMAND_QUEUED: 1655015699769541 CL_PROFILING_COMMAND_SUBMIT: 1655015699778958 CL_PROFILING_COMMAND_START: 1655015699779916 CL_PROFILING_COMMAND_END: 1655015699783250 CL_DEVICE_PROFILING_TIMER_RESOLUTION: 1
Profiling info:
Time from queue to submit : 0.009417ms
Time from submit to start : 0.000958ms
Time from start to end: 0.003334ms
random size: 1777: test passed
CL_PROFILING_COMMAND_QUEUED: 1655015700479291 CL_PROFILING_COMMAND_SUBMIT: 1655015700487500 CL_PROFILING_COMMAND_START: 1655015700488416 CL_PROFILING_COMMAND_END: 1655015700490875 CL_DEVICE_PROFILING_TIMER_RESOLUTION: 1
Profiling info:
Time from queue to submit : 0.008209ms
Time from submit to start : 0.000916ms
Time from start to end: 0.002459ms
random size: 98652: test passed
CL_PROFILING_COMMAND_QUEUED: 1655015701904875 CL_PROFILING_COMMAND_SUBMIT: 1655015701913791 CL_PROFILING_COMMAND_START: 1655015701914875 CL_PROFILING_COMMAND_END: 1655015701917208 CL_DEVICE_PROFILING_TIMER_RESOLUTION: 1
Profiling info:
Time from queue to submit : 0.008916ms
Time from submit to start : 0.001084ms
Time from start to end: 0.002333ms
random size: 81425: test passed
CL_PROFILING_COMMAND_QUEUED: 1655015703347500 CL_PROFILING_COMMAND_SUBMIT: 1655015703356083 CL_PROFILING_COMMAND_START: 1655015703357000 CL_PROFILING_COMMAND_END: 1655015703359291 CL_DEVICE_PROFILING_TIMER_RESOLUTION: 1
Profiling info:
Time from queue to submit : 0.008583ms
Time from submit to start : 0.000917ms
Time from start to end: 0.002291ms
random size: 32422: test passed
CL_PROFILING_COMMAND_QUEUED: 1655015704160291 CL_PROFILING_COMMAND_SUBMIT: 1655015704168708 CL_PROFILING_COMMAND_START: 1655015704169625 CL_PROFILING_COMMAND_END: 1655015704172000 CL_DEVICE_PROFILING_TIMER_RESOLUTION: 1
Profiling info:
Time from queue to submit : 0.008417ms
Time from submit to start : 0.000917ms
Time from start to end: 0.002375ms
random size: 117235: test passed
CL_PROFILING_COMMAND_QUEUED: 1655015705895375 CL_PROFILING_COMMAND_SUBMIT: 1655015705903916 CL_PROFILING_COMMAND_START: 1655015705904833 CL_PROFILING_COMMAND_END: 1655015705907041 CL_DEVICE_PROFILING_TIMER_RESOLUTION: 1
Profiling info:
Time from queue to submit : 0.008541ms
Time from submit to start : 0.000917ms
Time from start to end: 0.002208ms
random size: 34227: test passed
CL_PROFILING_COMMAND_QUEUED: 1655015706921500 CL_PROFILING_COMMAND_SUBMIT: 1655015706930583 CL_PROFILING_COMMAND_START: 1655015706931500 CL_PROFILING_COMMAND_END: 1655015706933791 CL_DEVICE_PROFILING_TIMER_RESOLUTION: 1
Profiling info:
Time from queue to submit : 0.009083ms
Time from submit to start : 0.000917ms
Time from start to end: 0.002291ms
random size: 92484: test passed
CL_PROFILING_COMMAND_QUEUED: 1655015708812750 CL_PROFILING_COMMAND_SUBMIT: 1655015708821833 CL_PROFILING_COMMAND_START: 1655015708822916 CL_PROFILING_COMMAND_END: 1655015708825583 CL_DEVICE_PROFILING_TIMER_RESOLUTION: 1
Profiling info:
Time from queue to submit : 0.009083ms
Time from submit to start : 0.001083ms
Time from start to end: 0.002667ms
copy_array passed
copy_partial_array...
random partial copy from 8987 to 8579, size: 4388: test passed
CL_PROFILING_COMMAND_QUEUED: 1655015709660916 CL_PROFILING_COMMAND_SUBMIT: 1655015709683208 CL_PROFILING_COMMAND_START: 1655015709684250 CL_PROFILING_COMMAND_END: 1655015709687583 CL_DEVICE_PROFILING_TIMER_RESOLUTION: 1
Profiling info:
Time from queue to submit : 0.022292ms
Time from submit to start : 0.001042ms
Time from start to end: 0.003333ms
random partial copy from 4793 to 1409, size: 6070: test passed
CL_PROFILING_COMMAND_QUEUED: 1655015710543291 CL_PROFILING_COMMAND_SUBMIT: 1655015710552250 CL_PROFILING_COMMAND_START: 1655015710552958 CL_PROFILING_COMMAND_END: 1655015710554875 CL_DEVICE_PROFILING_TIMER_RESOLUTION: 1
Profiling info:
Time from queue to submit : 0.008959ms
Time from submit to start : 0.000708ms
Time from start to end: 0.001917ms
random partial copy from 7625 to 4469, size: 5299: test passed
CL_PROFILING_COMMAND_QUEUED: 1655015711392458 CL_PROFILING_COMMAND_SUBMIT: 1655015711401166 CL_PROFILING_COMMAND_START: 1655015711401833 CL_PROFILING_COMMAND_END: 1655015711403541 CL_DEVICE_PROFILING_TIMER_RESOLUTION: 1
Profiling info:
Time from queue to submit : 0.008708ms
Time from submit to start : 0.000667ms
Time from start to end: 0.001708ms
random partial copy from 9343 to 11682, size: 4236: test passed
CL_PROFILING_COMMAND_QUEUED: 1655015712243125 CL_PROFILING_COMMAND_SUBMIT: 1655015712251750 CL_PROFILING_COMMAND_START: 1655015712252583 CL_PROFILING_COMMAND_END: 1655015712254666 CL_DEVICE_PROFILING_TIMER_RESOLUTION: 1
Profiling info:
Time from queue to submit : 0.008625ms
Time from submit to start : 0.000833ms
Time from start to end: 0.002083ms
random partial copy from 13012 to 7623, size: 586: test passed
CL_PROFILING_COMMAND_QUEUED: 1655015713095125 CL_PROFILING_COMMAND_SUBMIT: 1655015713103916 CL_PROFILING_COMMAND_START: 1655015713104750 CL_PROFILING_COMMAND_END: 1655015713109125 CL_DEVICE_PROFILING_TIMER_RESOLUTION: 1
Profiling info:
Time from queue to submit : 0.008791ms
Time from submit to start : 0.000834ms
Time from start to end: 0.004375ms
random partial copy from 12394 to 5728, size: 3403: test passed
CL_PROFILING_COMMAND_QUEUED: 1655015713948041 CL_PROFILING_COMMAND_SUBMIT: 1655015713956625 CL_PROFILING_COMMAND_START: 1655015713957458 CL_PROFILING_COMMAND_END: 1655015713959416 CL_DEVICE_PROFILING_TIMER_RESOLUTION: 1
Profiling info:
Time from queue to submit : 0.008584ms
Time from submit to start : 0.000833ms
Time from start to end: 0.001958ms
random partial copy from 14847 to 13628, size: 1379: test passed
CL_PROFILING_COMMAND_QUEUED: 1655015714819666 CL_PROFILING_COMMAND_SUBMIT: 1655015714828416 CL_PROFILING_COMMAND_START: 1655015714829291 CL_PROFILING_COMMAND_END: 1655015714831208 CL_DEVICE_PROFILING_TIMER_RESOLUTION: 1
Profiling info:
Time from queue to submit : 0.008750ms
Time from submit to start : 0.000875ms
Time from start to end: 0.001917ms
random partial copy from 10272 to 15453, size: 795: test passed
CL_PROFILING_COMMAND_QUEUED: 1655015715672708 CL_PROFILING_COMMAND_SUBMIT: 1655015715681541 CL_PROFILING_COMMAND_START: 1655015715682416 CL_PROFILING_COMMAND_END: 1655015715684375 CL_DEVICE_PROFILING_TIMER_RESOLUTION: 1
Profiling info:
Time from queue to submit : 0.008833ms
Time from submit to start : 0.000875ms
Time from start to end: 0.001959ms
copy_partial_array passed
copy_image...
Image verified.
CL_PROFILING_COMMAND_QUEUED: 1655015723114416 CL_PROFILING_COMMAND_SUBMIT: 1655015723189250 CL_PROFILING_COMMAND_START: 1655015723189958 CL_PROFILING_COMMAND_END: 1655015723579791 CL_DEVICE_PROFILING_TIMER_RESOLUTION: 1
Profiling info:
Time from queue to submit : 0.074834ms
Time from submit to start : 0.000708ms
Time from start to end: 0.389833ms
testing copy image, full size
Image verified.
CL_PROFILING_COMMAND_QUEUED: 1655015733245416 CL_PROFILING_COMMAND_SUBMIT: 1655015733410625 CL_PROFILING_COMMAND_START: 1655015733411583 CL_PROFILING_COMMAND_END: 1655015733773208 CL_DEVICE_PROFILING_TIMER_RESOLUTION: 1
Profiling info:
Time from queue to submit : 0.165209ms
Time from submit to start : 0.000958ms
Time from start to end: 0.361625ms
test copy of subimage size 0,0  0,0  16 x 16
Image verified.
CL_PROFILING_COMMAND_QUEUED: 1655015743864000 CL_PROFILING_COMMAND_SUBMIT: 1655015743976916 CL_PROFILING_COMMAND_START: 1655015743977833 CL_PROFILING_COMMAND_END: 1655015743987625 CL_DEVICE_PROFILING_TIMER_RESOLUTION: 1
Profiling info:
Time from queue to submit : 0.112916ms
Time from submit to start : 0.000917ms
Time from start to end: 0.009792ms
test copy of subimage size 8,8  32,32  16 x 16
Image verified.
CL_PROFILING_COMMAND_QUEUED: 1655015754904125 CL_PROFILING_COMMAND_SUBMIT: 1655015755009083 CL_PROFILING_COMMAND_START: 1655015755010000 CL_PROFILING_COMMAND_END: 1655015755017666 CL_DEVICE_PROFILING_TIMER_RESOLUTION: 1
Profiling info:
Time from queue to submit : 0.104958ms
Time from submit to start : 0.000917ms
Time from start to end: 0.007666ms
test copy of subimage size 205,98  120,92  34 x 105
Image verified.
CL_PROFILING_COMMAND_QUEUED: 1655015767089083 CL_PROFILING_COMMAND_SUBMIT: 1655015767211666 CL_PROFILING_COMMAND_START: 1655015767212916 CL_PROFILING_COMMAND_END: 1655015767225375 CL_DEVICE_PROFILING_TIMER_RESOLUTION: 1
Profiling info:
Time from queue to submit : 0.122583ms
Time from submit to start : 0.001250ms
Time from start to end: 0.012459ms
test copy of subimage size 131,41  94,78  40 x 163
Image verified.
CL_PROFILING_COMMAND_QUEUED: 1655015779345083 CL_PROFILING_COMMAND_SUBMIT: 1655015779454041 CL_PROFILING_COMMAND_START: 1655015779455291 CL_PROFILING_COMMAND_END: 1655015779464750 CL_DEVICE_PROFILING_TIMER_RESOLUTION: 1
Profiling info:
Time from queue to submit : 0.108958ms
Time from submit to start : 0.001250ms
Time from start to end: 0.009459ms
test copy of subimage size 125,2  8,56  14 x 166
Image verified.
CL_PROFILING_COMMAND_QUEUED: 1655015793602208 CL_PROFILING_COMMAND_SUBMIT: 1655015793878875 CL_PROFILING_COMMAND_START: 1655015793880083 CL_PROFILING_COMMAND_END: 1655015793895416 CL_DEVICE_PROFILING_TIMER_RESOLUTION: 1
Profiling info:
Time from queue to submit : 0.276667ms
Time from submit to start : 0.001208ms
Time from start to end: 0.015333ms
test copy of subimage size 53,72  132,105  77 x 83
Image verified.
CL_PROFILING_COMMAND_QUEUED: 1655015806004458 CL_PROFILING_COMMAND_SUBMIT: 1655015806112041 CL_PROFILING_COMMAND_START: 1655015806112708 CL_PROFILING_COMMAND_END: 1655015806121333 CL_DEVICE_PROFILING_TIMER_RESOLUTION: 1
Profiling info:
Time from queue to submit : 0.107583ms
Time from submit to start : 0.000667ms
Time from start to end: 0.008625ms
test copy of subimage size 244,116  85,26  9 x 58
Image verified.
CL_PROFILING_COMMAND_QUEUED: 1655015815142458 CL_PROFILING_COMMAND_SUBMIT: 1655015815268583 CL_PROFILING_COMMAND_START: 1655015815269333 CL_PROFILING_COMMAND_END: 1655015815279708 CL_DEVICE_PROFILING_TIMER_RESOLUTION: 1
Profiling info:
Time from queue to submit : 0.126125ms
Time from submit to start : 0.000750ms
Time from start to end: 0.010375ms
test copy of subimage size 107,177  43,164  104 x 48
Image verified.
CL_PROFILING_COMMAND_QUEUED: 1655015825965541 CL_PROFILING_COMMAND_SUBMIT: 1655015826085333 CL_PROFILING_COMMAND_START: 1655015826086000 CL_PROFILING_COMMAND_END: 1655015826095750 CL_DEVICE_PROFILING_TIMER_RESOLUTION: 1
Profiling info:
Time from queue to submit : 0.119792ms
Time from submit to start : 0.000667ms
Time from start to end: 0.009750ms
test copy of subimage size 195,158  63,51  56 x 52
Image verified.
CL_PROFILING_COMMAND_QUEUED: 1655015834474583 CL_PROFILING_COMMAND_SUBMIT: 1655015834739625 CL_PROFILING_COMMAND_START: 1655015834740333 CL_PROFILING_COMMAND_END: 1655015834748333 CL_DEVICE_PROFILING_TIMER_RESOLUTION: 1
Profiling info:
Time from queue to submit : 0.265042ms
Time from submit to start : 0.000708ms
Time from start to end: 0.008000ms
test copy of subimage size 69,114  56,217  160 x 32
Image verified.
CL_PROFILING_COMMAND_QUEUED: 1655015845706208 CL_PROFILING_COMMAND_SUBMIT: 1655015845901375 CL_PROFILING_COMMAND_START: 1655015845902166 CL_PROFILING_COMMAND_END: 1655015845909833 CL_DEVICE_PROFILING_TIMER_RESOLUTION: 1
Profiling info:
Time from queue to submit : 0.195167ms
Time from submit to start : 0.000791ms
Time from start to end: 0.007667ms
test copy of subimage size 184,179  169,91  35 x 15
Image verified.
CL_PROFILING_COMMAND_QUEUED: 1655015856254333 CL_PROFILING_COMMAND_SUBMIT: 1655015856478625 CL_PROFILING_COMMAND_START: 1655015856479541 CL_PROFILING_COMMAND_END: 1655015856488375 CL_DEVICE_PROFILING_TIMER_RESOLUTION: 1
Profiling info:
Time from queue to submit : 0.224292ms
Time from submit to start : 0.000916ms
Time from start to end: 0.008834ms
test copy of subimage size 29,72  16,13  65 x 78
Image verified.
CL_PROFILING_COMMAND_QUEUED: 1655015865807333 CL_PROFILING_COMMAND_SUBMIT: 1655015866003791 CL_PROFILING_COMMAND_START: 1655015866004708 CL_PROFILING_COMMAND_END: 1655015866012208 CL_DEVICE_PROFILING_TIMER_RESOLUTION: 1
Profiling info:
Time from queue to submit : 0.196458ms
Time from submit to start : 0.000917ms
Time from start to end: 0.007500ms
test copy of subimage size 20,40  150,18  48 x 181
Image verified.
CL_PROFILING_COMMAND_QUEUED: 1655015874264875 CL_PROFILING_COMMAND_SUBMIT: 1655015874346375 CL_PROFILING_COMMAND_START: 1655015874347291 CL_PROFILING_COMMAND_END: 1655015874354416 CL_DEVICE_PROFILING_TIMER_RESOLUTION: 1
Profiling info:
Time from queue to submit : 0.081500ms
Time from submit to start : 0.000916ms
Time from start to end: 0.007125ms
test copy of subimage size 164,136  117,152  71 x 8
Image verified.
CL_PROFILING_COMMAND_QUEUED: 1655015883548958 CL_PROFILING_COMMAND_SUBMIT: 1655015883661250 CL_PROFILING_COMMAND_START: 1655015883662500 CL_PROFILING_COMMAND_END: 1655015883671958 CL_DEVICE_PROFILING_TIMER_RESOLUTION: 1
Profiling info:
Time from queue to submit : 0.112292ms
Time from submit to start : 0.001250ms
Time from start to end: 0.009458ms
test copy of subimage size 168,58  185,66  24 x 185
Image verified.
CL_PROFILING_COMMAND_QUEUED: 1655015896975541 CL_PROFILING_COMMAND_SUBMIT: 1655015897239416 CL_PROFILING_COMMAND_START: 1655015897240666 CL_PROFILING_COMMAND_END: 1655015897250291 CL_DEVICE_PROFILING_TIMER_RESOLUTION: 1
Profiling info:
Time from queue to submit : 0.263875ms
Time from submit to start : 0.001250ms
Time from start to end: 0.009625ms
test copy of subimage size 11,51  140,29  34 x 53
Image verified.
CL_PROFILING_COMMAND_QUEUED: 1655015907844125 CL_PROFILING_COMMAND_SUBMIT: 1655015907950916 CL_PROFILING_COMMAND_START: 1655015907952125 CL_PROFILING_COMMAND_END: 1655015907961041 CL_DEVICE_PROFILING_TIMER_RESOLUTION: 1
Profiling info:
Time from queue to submit : 0.106791ms
Time from submit to start : 0.001209ms
Time from start to end: 0.008916ms
test copy of subimage size 217,72  196,35  33 x 30
Image verified.
CL_PROFILING_COMMAND_QUEUED: 1655015918676416 CL_PROFILING_COMMAND_SUBMIT: 1655015918781000 CL_PROFILING_COMMAND_START: 1655015918782208 CL_PROFILING_COMMAND_END: 1655015918791500 CL_DEVICE_PROFILING_TIMER_RESOLUTION: 1
Profiling info:
Time from queue to submit : 0.104584ms
Time from submit to start : 0.001208ms
Time from start to end: 0.009292ms
test copy of subimage size 91,109  37,204  98 x 14
copy_image passed
copy_array_to_image...
 test passed: copy_array_to_image passed
execute...
CL_PROFILING_COMMAND_QUEUED: 1655015943056833 CL_PROFILING_COMMAND_SUBMIT: 1655015943085875 CL_PROFILING_COMMAND_START: 1655015943089291 CL_PROFILING_COMMAND_END: 1655015943154083 CL_DEVICE_PROFILING_TIMER_RESOLUTION: 1
Profiling info:
Time from queue to submit : 0.029042ms
Time from submit to start : 0.003416ms
Time from start to end: 0.064792ms
execute passed
execute_multipass...
Profiling info:
Time from queue to start of clEnqueueNDRangeKernel: 0.000000 seconds
Time from start of clEnqueueNDRangeKernel to end: 0.000000 seconds
execute_multipass passed
profiling_timebase...
profiling_timebase passed
PASSED 33 of 33 tests.
